Archive member included because of file (symbol)

c:/NXP/bstudio_nxp/sdk/JN-SW-4168/Components/Library\libZPSMAC_Mini_JN516x.a(zps_miniMac.o)
                              c:/NXP/bstudio_nxp/workspace/JN-AN-1189-ZigBee-HA-Demo/DimmableLightOpenHome/Build/Diagnostics.o (symbol from plugin) (u16AvApsMessageTxRetry)
c:/NXP/bstudio_nxp/sdk/JN-SW-4168/Components/Library\libOS_JN516x.a(os.o)
                              c:/NXP/bstudio_nxp/workspace/JN-AN-1189-ZigBee-HA-Demo/DimmableLightOpenHome/Build/os_gen.o (symbol from plugin) (os_vStart)
c:/NXP/bstudio_nxp/sdk/JN-SW-4168/Components/Library\libOS_JN516x.a(os_contirq_JN516x.o)
                              c:/NXP/bstudio_nxp/workspace/JN-AN-1189-ZigBee-HA-Demo/DimmableLightOpenHome/Build/os_irq.o (os_UnclaimedException_W)
c:/NXP/bstudio_nxp/sdk/JN-SW-4168/Components/Library\libPWRM_JN516x.a(pwrm.o)
                              c:/NXP/bstudio_nxp/workspace/JN-AN-1189-ZigBee-HA-Demo/DimmableLightOpenHome/Build/app_start_light.o (symbol from plugin) (PWRM_vInit)
c:/NXP/bstudio_nxp/sdk/JN-SW-4168/Components/Library\libPWRM_JN516x.a(pwrm_setjmp_JN516x.o)
                              pwrm.o (symbol from plugin) (setjmp)
c:/NXP/bstudio_nxp/sdk/JN-SW-4168/Components/Library\libPWRM_JN516x.a(pwrm_cold_start.o)
                              (AppColdStart)
c:/NXP/bstudio_nxp/sdk/JN-SW-4168/Components/Library\libPWRM_JN516x.a(pwrm_warm_start.o)
                              (AppWarmStart)
c:/NXP/bstudio_nxp/sdk/JN-SW-4168/Components/Library\libPDUM_JN516x.a(pdum_nwk.o)
                              zps_miniMac.o (symbol from plugin) (PDUM_eNPduAllocate)
c:/NXP/bstudio_nxp/sdk/JN-SW-4168/Components/Library\libPDUM_JN516x.a(pdum_apl.o)
                              c:/NXP/bstudio_nxp/workspace/JN-AN-1189-ZigBee-HA-Demo/DimmableLightOpenHome/Build/appZdpExtraction.o (symbol from plugin) (PDUM_u16APduInstanceReadNBO)
c:/NXP/bstudio_nxp/sdk/JN-SW-4168/Components/Library\libPDUM_JN516x.a(pdum.o)
                              pdum_nwk.o (symbol from plugin) (PDUM_u16SizeNBO)
c:/NXP/bstudio_nxp/sdk/JN-SW-4168/Components/Library\libZPSAPL_JN516x.a(zps_apl_af.o)
                              c:/NXP/bstudio_nxp/workspace/JN-AN-1189-ZigBee-HA-Demo/DimmableLightOpenHome/Build/zha_light_node.o (symbol from plugin) (ZPS_eAplAfInit)
c:/NXP/bstudio_nxp/sdk/JN-SW-4168/Components/Library\libZPSAPL_JN516x.a(zps_apl_af_apsde.o)
                              c:/NXP/bstudio_nxp/workspace/JN-AN-1189-ZigBee-HA-Demo/DimmableLightOpenHome/Build/zps_gen.o (symbol from plugin) (zps_vHandleApsdeDataFragIndNotSupported)
c:/NXP/bstudio_nxp/sdk/JN-SW-4168/Components/Library\libZPSAPL_JN516x.a(zps_apl_task.o)
                              zps_apl_af_apsde.o (symbol from plugin) (zps_vAplAfPostEvent)
c:/NXP/bstudio_nxp/sdk/JN-SW-4168/Components/Library\libZPSAPL_JN516x.a(zps_apl_apsde.o)
                              zps_apl_task.o (symbol from plugin) (ZPS_vAplRegisterApsdeDcfmIndCallbacks)
c:/NXP/bstudio_nxp/sdk/JN-SW-4168/Components/Library\libZPSAPL_JN516x.a(zps_apl_apsme.o)
                              zps_apl_task.o (symbol from plugin) (ZPS_vAplRegisterApsmeDcfmIndCallbacks)
c:/NXP/bstudio_nxp/sdk/JN-SW-4168/Components/Library\libZPSAPL_JN516x.a(zps_apl_aps_nlde.o)
                              zps_apl_task.o (symbol from plugin) (zps_vAplApsHandleNldeDcfmInd)
c:/NXP/bstudio_nxp/sdk/JN-SW-4168/Components/Library\libZPSAPL_JN516x.a(zps_apl_sec.o)
                              zps_apl_task.o (symbol from plugin) (zps_psFindKeyDescr)
c:/NXP/bstudio_nxp/sdk/JN-SW-4168/Components/Library\libZPSAPL_JN516x.a(zps_apl_aib.o)
                              c:/NXP/bstudio_nxp/workspace/JN-AN-1189-ZigBee-HA-Demo/DimmableLightOpenHome/Build/app_zbp_utilities.o (symbol from plugin) (zps_psAplAibGetAib)
c:/NXP/bstudio_nxp/sdk/JN-SW-4168/Components/Library\libZPSAPL_JN516x.a(zps_apl_zdo_nwkmanager.o)
                              zps_apl_apsme.o (symbol from plugin) (zps_vAplSaveRecord)
c:/NXP/bstudio_nxp/sdk/JN-SW-4168/Components/Library\libZPSAPL_JN516x.a(zps_apl_zdo_handle_zdp_event.o)
                              zps_apl_task.o (symbol from plugin) (zps_bAplZdoHandleZdpEvent)
c:/NXP/bstudio_nxp/sdk/JN-SW-4168/Components/Library\libZPSAPL_JN516x.a(zps_apl_zdo_trust_center.o)
                              zps_apl_sec.o (symbol from plugin) (zps_eAplTrustCenterFindDevice)
c:/NXP/bstudio_nxp/sdk/JN-SW-4168/Components/Library\libZPSAPL_JN516x.a(zps_apl_zdo_common.o)
                              zps_apl_zdo_nwkmanager.o (symbol from plugin) (zps_eAplZdoNlmeleaveWrapper)
c:/NXP/bstudio_nxp/sdk/JN-SW-4168/Components/Library\libZPSAPL_JN516x.a(zps_apl_zdo_group.o)
                              c:/NXP/bstudio_nxp/workspace/JN-AN-1189-ZigBee-HA-Demo/DimmableLightOpenHome/Build/GroupsTableManager.o (symbol from plugin) (zps_eAplZdoGroupEndpointAdd)
c:/NXP/bstudio_nxp/sdk/JN-SW-4168/Components/Library\libZPSAPL_JN516x.a(zps_apl_zdo_default_server.o)
[...]
Memory Configuration

Name             Origin             Length             Attributes
flash            0x0000000000080000 0x0000000000080000
ram              0x000000000400004c 0x0000000000007fb4
*default*        0x0000000000000000 0xffffffffffffffff

Linker script and memory map

                0x0000000000001770                __stack_size = 0x1770
                0x00000000000007d0                __minimum_heap_size = 0x7d0
START GROUP
LOAD c:/NXP/bstudio_nxp/workspace/JN-AN-1189-ZigBee-HA-Demo/DimmableLightOpenHome/Build/os_gen.o
LOAD C:\Users\VIRTUA~1\AppData\Local\Temp\ccleFwok.ltrans0.ltrans.o
LOAD C:\Users\VIRTUA~1\AppData\Local\Temp\ccleFwok.ltrans1.ltrans.o
LOAD C:\Users\VIRTUA~1\AppData\Local\Temp\ccleFwok.ltrans2.ltrans.o
LOAD C:\Users\VIRTUA~1\AppData\Local\Temp\ccleFwok.ltrans3.ltrans.o
LOAD C:\Users\VIRTUA~1\AppData\Local\Temp\ccleFwok.ltrans4.ltrans.o
LOAD C:\Users\VIRTUA~1\AppData\Local\Temp\ccleFwok.ltrans5.ltrans.o
LOAD C:\Users\VIRTUA~1\AppData\Local\Temp\ccleFwok.ltrans6.ltrans.o
LOAD C:\Users\VIRTUA~1\AppData\Local\Temp\ccleFwok.ltrans7.ltrans.o
LOAD C:\Users\VIRTUA~1\AppData\Local\Temp\ccleFwok.ltrans8.ltrans.o
LOAD C:\Users\VIRTUA~1\AppData\Local\Temp\ccleFwok.ltrans9.ltrans.o
LOAD C:\Users\VIRTUA~1\AppData\Local\Temp\ccleFwok.ltrans10.ltrans.o
LOAD C:\Users\VIRTUA~1\AppData\Local\Temp\ccleFwok.ltrans11.ltrans.o
LOAD C:\Users\VIRTUA~1\AppData\Local\Temp\ccleFwok.ltrans12.ltrans.o
LOAD C:\Users\VIRTUA~1\AppData\Local\Temp\ccleFwok.ltrans13.ltrans.o
LOAD C:\Users\VIRTUA~1\AppData\Local\Temp\ccleFwok.ltrans14.ltrans.o
LOAD C:\Users\VIRTUA~1\AppData\Local\Temp\ccleFwok.ltrans15.ltrans.o
LOAD C:\Users\VIRTUA~1\AppData\Local\Temp\ccleFwok.ltrans16.ltrans.o
LOAD C:\Users\VIRTUA~1\AppData\Local\Temp\ccleFwok.ltrans17.ltrans.o
LOAD C:\Users\VIRTUA~1\AppData\Local\Temp\ccleFwok.ltrans18.ltrans.o
LOAD C:\Users\VIRTUA~1\AppData\Local\Temp\ccleFwok.ltrans19.ltrans.o
LOAD C:\Users\VIRTUA~1\AppData\Local\Temp\ccleFwok.ltrans20.ltrans.o
LOAD C:\Users\VIRTUA~1\AppData\Local\Temp\ccleFwok.ltrans21.ltrans.o
LOAD C:\Users\VIRTUA~1\AppData\Local\Temp\ccleFwok.ltrans22.ltrans.o
LOAD C:\Users\VIRTUA~1\AppData\Local\Temp\ccleFwok.ltrans23.ltrans.o
LOAD C:\Users\VIRTUA~1\AppData\Local\Temp\ccleFwok.ltrans24.ltrans.o
LOAD C:\Users\VIRTUA~1\AppData\Local\Temp\ccleFwok.ltrans25.ltrans.o
LOAD C:\Users\VIRTUA~1\AppData\Local\Temp\ccleFwok.ltrans26.ltrans.o
LOAD C:\Users\VIRTUA~1\AppData\Local\Temp\ccleFwok.ltrans27.ltrans.o
LOAD C:\Users\VIRTUA~1\AppData\Local\Temp\ccleFwok.ltrans28.ltrans.o
LOAD C:\Users\VIRTUA~1\AppData\Local\Temp\ccleFwok.ltrans29.ltrans.o
LOAD C:\Users\VIRTUA~1\AppData\Local\Temp\ccleFwok.ltrans30.ltrans.o
LOAD C:\Users\VIRTUA~1\AppData\Local\Temp\ccleFwok.ltrans31.ltrans.o
LOAD c:/nxp/bstudio_nxp/sdk/tools/ba-elf-ba2-r36379/bin/../lib/gcc/ba-elf/4.7.4/../../../../ba-elf/lib/mcpu_jn51xx_sizeopt\libc.a
LOAD c:/nxp/bstudio_nxp/sdk/tools/ba-elf-ba2-r36379/bin/../lib/gcc/ba-elf/4.7.4/mcpu_jn51xx_sizeopt\libgcc.a
LOAD c:/nxp/bstudio_nxp/sdk/tools/ba-elf-ba2-r36379/bin/../lib/gcc/ba-elf/4.7.4/../../../../ba-elf/lib/mcpu_jn51xx_sizeopt\libc.a
LOAD c:/NXP/bstudio_nxp/workspace/JN-AN-1189-ZigBee-HA-Demo/DimmableLightOpenHome/Build/os_irq.o
LOAD c:/NXP/bstudio_nxp/workspace/JN-AN-1189-ZigBee-HA-Demo/DimmableLightOpenHome/Build/os_irq_alignment.o
LOAD c:/NXP/bstudio_nxp/workspace/JN-AN-1189-ZigBee-HA-Demo/DimmableLightOpenHome/Build/os_irq_buserror.o
LOAD c:/NXP/bstudio_nxp/workspace/JN-AN-1189-ZigBee-HA-Demo/DimmableLightOpenHome/Build/os_irq_illegalinstruction.o
LOAD c:/NXP/bstudio_nxp/workspace/JN-AN-1189-ZigBee-HA-Demo/DimmableLightOpenHome/Build/os_irq_stackoverflowexception.o
LOAD c:/NXP/bstudio_nxp/workspace/JN-AN-1189-ZigBee-HA-Demo/DimmableLightOpenHome/Build/os_irq_unimplementedmodule.o
LOAD c:/NXP/bstudio_nxp/workspace/JN-AN-1189-ZigBee-HA-Demo/DimmableLightOpenHome/Build/pdum_gen.o
LOAD c:/NXP/bstudio_nxp/workspace/JN-AN-1189-ZigBee-HA-Demo/DimmableLightOpenHome/Build/pdum_apdu.o
LOAD c:/NXP/bstudio_nxp/workspace/JN-AN-1189-ZigBee-HA-Demo/DimmableLightOpenHome/Build/zps_gen.o
LOAD c:/NXP/bstudio_nxp/workspace/JN-AN-1189-ZigBee-HA-Demo/DimmableLightOpenHome/Build/app_timer_driver.o
LOAD c:/NXP/bstudio_nxp/workspace/JN-AN-1189-ZigBee-HA-Demo/DimmableLightOpenHome/Build/app_start_light.o
LOAD c:/NXP/bstudio_nxp/workspace/JN-AN-1189-ZigBee-HA-Demo/DimmableLightOpenHome/Build/app_manage_temperature.o
LOAD c:/NXP/bstudio_nxp/workspace/JN-AN-1189-ZigBee-HA-Demo/DimmableLightOpenHome/Build/app_light_interpolation.o
LOAD c:/NXP/bstudio_nxp/workspace/JN-AN-1189-ZigBee-HA-Demo/DimmableLightOpenHome/Build/app_zbp_utilities.o
LOAD c:/NXP/bstudio_nxp/workspace/JN-AN-1189-ZigBee-HA-Demo/DimmableLightOpenHome/Build/app_exceptions.o
LOAD c:/NXP/bstudio_nxp/workspace/JN-AN-1189-ZigBee-HA-Demo/DimmableLightOpenHome/Build/app_pdm.o
LOAD c:/NXP/bstudio_nxp/workspace/JN-AN-1189-ZigBee-HA-Demo/DimmableLightOpenHome/Build/app_power_on_counter.o
LOAD c:/NXP/bstudio_nxp/workspace/JN-AN-1189-ZigBee-HA-Demo/DimmableLightOpenHome/Build/app_light_effect.o
LOAD c:/NXP/bstudio_nxp/workspace/JN-AN-1189-ZigBee-HA-Demo/DimmableLightOpenHome/Build/App_DimmableLightOpenHome.o
LOAD c:/NXP/bstudio_nxp/workspace/JN-AN-1189-ZigBee-HA-Demo/DimmableLightOpenHome/Build/zha_light_node.o
LOAD c:/NXP/bstudio_nxp/workspace/JN-AN-1189-ZigBee-HA-Demo/DimmableLightOpenHome/Build/app_zcl_light_task.o
LOAD c:/NXP/bstudio_nxp/workspace/JN-AN-1189-ZigBee-HA-Demo/DimmableLightOpenHome/Build/AgeChildren.o
LOAD c:/NXP/bstudio_nxp/workspace/JN-AN-1189-ZigBee-HA-Demo/DimmableLightOpenHome/Build/app_reporting.o
LOAD c:/NXP/bstudio_nxp/workspace/JN-AN-1189-ZigBee-HA-Demo/DimmableLightOpenHome/Build/app_scenes.o
LOAD c:/NXP/bstudio_nxp/workspace/JN-AN-1189-ZigBee-HA-Demo/DimmableLightOpenHome/Build/appZdpExtraction.o
LOAD c:/NXP/bstudio_nxp/workspace/JN-AN-1189-ZigBee-HA-Demo/DimmableLightOpenHome/Build/appZpsBeaconHandler.o
LOAD c:/NXP/bstudio_nxp/workspace/JN-AN-1189-ZigBee-HA-Demo/DimmableLightOpenHome/Build/haEzFindAndBind.o
LOAD c:/NXP/bstudio_nxp/workspace/JN-AN-1189-ZigBee-HA-Demo/DimmableLightOpenHome/Build/haEzJoin.o
LOAD c:/NXP/bstudio_nxp/workspace/JN-AN-1189-ZigBee-HA-Demo/DimmableLightOpenHome/Build/haKeys.o
LOAD c:/NXP/bstudio_nxp/workspace/JN-AN-1189-ZigBee-HA-Demo/DimmableLightOpenHome/Build/DriverBulb_DR1175.o
LOAD c:/NXP/bstudio_nxp/workspace/JN-AN-1189-ZigBee-HA-Demo/DimmableLightOpenHome/Build/DriverBulb_Shim.o
LOAD c:/NXP/bstudio_nxp/workspace/JN-AN-1189-ZigBee-HA-Demo/DimmableLightOpenHome/Build/Alarms.o
LOAD c:/NXP/bstudio_nxp/workspace/JN-AN-1189-ZigBee-HA-Demo/DimmableLightOpenHome/Build/AlarmsClientCommands.o
LOAD c:/NXP/bstudio_nxp/workspace/JN-AN-1189-ZigBee-HA-Demo/DimmableLightOpenHome/Build/AlarmsCommandHandler.o
LOAD c:/NXP/bstudio_nxp/workspace/JN-AN-1189-ZigBee-HA-Demo/DimmableLightOpenHome/Build/AlarmsServerCommands.o
LOAD c:/NXP/bstudio_nxp/workspace/JN-AN-1189-ZigBee-HA-Demo/DimmableLightOpenHome/Build/AlarmsTableManager.o
LOAD c:/NXP/bstudio_nxp/workspace/JN-AN-1189-ZigBee-HA-Demo/DimmableLightOpenHome/Build/AnalogInputBasic.o
LOAD c:/NXP/bstudio_nxp/workspace/JN-AN-1189-ZigBee-HA-Demo/DimmableLightOpenHome/Build/AnalogOutputBasic.o
LOAD c:/NXP/bstudio_nxp/workspace/JN-AN-1189-ZigBee-HA-Demo/DimmableLightOpenHome/Build/Basic.o
LOAD c:/NXP/bstudio_nxp/workspace/JN-AN-1189-ZigBee-HA-Demo/DimmableLightOpenHome/Build/BasicClientCommands.o
LOAD c:/NXP/bstudio_nxp/workspace/JN-AN-1189-ZigBee-HA-Demo/DimmableLightOpenHome/Build/BasicCommandHandler.o
LOAD c:/NXP/bstudio_nxp/workspace/JN-AN-1189-ZigBee-HA-Demo/DimmableLightOpenHome/Build/BinaryInputBasic.o
LOAD c:/NXP/bstudio_nxp/workspace/JN-AN-1189-ZigBee-HA-Demo/DimmableLightOpenHome/Build/BinaryOutputBasic.o
LOAD c:/NXP/bstudio_nxp/workspace/JN-AN-1189-ZigBee-HA-Demo/DimmableLightOpenHome/Build/Commissioning.o
LOAD c:/NXP/bstudio_nxp/workspace/JN-AN-1189-ZigBee-HA-Demo/DimmableLightOpenHome/Build/DeviceTemperatureConfiguration.o
LOAD c:/NXP/bstudio_nxp/workspace/JN-AN-1189-ZigBee-HA-Demo/DimmableLightOpenHome/Build/Diagnostics.o
LOAD c:/NXP/bstudio_nxp/workspace/JN-AN-1189-ZigBee-HA-Demo/DimmableLightOpenHome/Build/DoorLock.o
LOAD c:/NXP/bstudio_nxp/workspace/JN-AN-1189-ZigBee-HA-Demo/DimmableLightOpenHome/Build/DoorLockCommandHandler.o
LOAD c:/NXP/bstudio_nxp/workspace/JN-AN-1189-ZigBee-HA-Demo/DimmableLightOpenHome/Build/DoorLockCommands.o
LOAD c:/NXP/bstudio_nxp/workspace/JN-AN-1189-ZigBee-HA-Demo/DimmableLightOpenHome/Build/ElectricalMeasurement.o
LOAD c:/NXP/bstudio_nxp/workspace/JN-AN-1189-ZigBee-HA-Demo/DimmableLightOpenHome/Build/Groups.o
LOAD c:/NXP/bstudio_nxp/workspace/JN-AN-1189-ZigBee-HA-Demo/DimmableLightOpenHome/Build/GroupsClientCommands.o
LOAD c:/NXP/bstudio_nxp/workspace/JN-AN-1189-ZigBee-HA-Demo/DimmableLightOpenHome/Build/GroupsCommandHandler.o
LOAD c:/NXP/bstudio_nxp/workspace/JN-AN-1189-ZigBee-HA-Demo/DimmableLightOpenHome/Build/GroupsServerCommands.o
LOAD c:/NXP/bstudio_nxp/workspace/JN-AN-1189-ZigBee-HA-Demo/DimmableLightOpenHome/Build/GroupsTableManager.o
LOAD c:/NXP/bstudio_nxp/workspace/JN-AN-1189-ZigBee-HA-Demo/DimmableLightOpenHome/Build/Identify.o
LOAD c:/NXP/bstudio_nxp/workspace/JN-AN-1189-ZigBee-HA-Demo/DimmableLightOpenHome/Build/IdentifyClientCommands.o
LOAD c:/NXP/bstudio_nxp/workspace/JN-AN-1189-ZigBee-HA-Demo/DimmableLightOpenHome/Build/IdentifyCommandHandler.o
LOAD c:/NXP/bstudio_nxp/workspace/JN-AN-1189-ZigBee-HA-Demo/DimmableLightOpenHome/Build/IdentifyServerCommands.o
LOAD c:/NXP/bstudio_nxp/workspace/JN-AN-1189-ZigBee-HA-Demo/DimmableLightOpenHome/Build/LevelControl.o
LOAD c:/NXP/bstudio_nxp/workspace/JN-AN-1189-ZigBee-HA-Demo/DimmableLightOpenHome/Build/LevelControlClientCommands.o
LOAD c:/NXP/bstudio_nxp/workspace/JN-AN-1189-ZigBee-HA-Demo/DimmableLightOpenHome/Build/LevelControlCommandHandler.o
LOAD c:/NXP/bstudio_nxp/workspace/JN-AN-1189-ZigBee-HA-Demo/DimmableLightOpenHome/Build/MultistateInputBasic.o
LOAD c:/NXP/bstudio_nxp/workspace/JN-AN-1189-ZigBee-HA-Demo/DimmableLightOpenHome/Build/MultistateOutputBasic.o
LOAD c:/NXP/bstudio_nxp/workspace/JN-AN-1189-ZigBee-HA-Demo/DimmableLightOpenHome/Build/OOSC.o
LOAD c:/NXP/bstudio_nxp/workspace/JN-AN-1189-ZigBee-HA-Demo/DimmableLightOpenHome/Build/OnOff.o
LOAD c:/NXP/bstudio_nxp/workspace/JN-AN-1189-ZigBee-HA-Demo/DimmableLightOpenHome/Build/OnOffCommandHandler.o
LOAD c:/NXP/bstudio_nxp/workspace/JN-AN-1189-ZigBee-HA-Demo/DimmableLightOpenHome/Build/OnOffCommands.o
LOAD c:/NXP/bstudio_nxp/workspace/JN-AN-1189-ZigBee-HA-Demo/DimmableLightOpenHome/Build/PollControl.o
LOAD c:/NXP/bstudio_nxp/workspace/JN-AN-1189-ZigBee-HA-Demo/DimmableLightOpenHome/Build/PollControlClientCommands.o
LOAD c:/NXP/bstudio_nxp/workspace/JN-AN-1189-ZigBee-HA-Demo/DimmableLightOpenHome/Build/PollControlCommandHandler.o
LOAD c:/NXP/bstudio_nxp/workspace/JN-AN-1189-ZigBee-HA-Demo/DimmableLightOpenHome/Build/PollControlServerCommands.o
LOAD c:/NXP/bstudio_nxp/workspace/JN-AN-1189-ZigBee-HA-Demo/DimmableLightOpenHome/Build/PowerConfiguration.o
LOAD c:/NXP/bstudio_nxp/workspace/JN-AN-1189-ZigBee-HA-Demo/DimmableLightOpenHome/Build/Scenes.o
LOAD c:/NXP/bstudio_nxp/workspace/JN-AN-1189-ZigBee-HA-Demo/DimmableLightOpenHome/Build/ScenesClientCommands.o
LOAD c:/NXP/bstudio_nxp/workspace/JN-AN-1189-ZigBee-HA-Demo/DimmableLightOpenHome/Build/ScenesClusterManagement.o
LOAD c:/NXP/bstudio_nxp/workspace/JN-AN-1189-ZigBee-HA-Demo/DimmableLightOpenHome/Build/ScenesCommandHandler.o
LOAD c:/NXP/bstudio_nxp/workspace/JN-AN-1189-ZigBee-HA-Demo/DimmableLightOpenHome/Build/ScenesServerCommands.o
LOAD c:/NXP/bstudio_nxp/workspace/JN-AN-1189-ZigBee-HA-Demo/DimmableLightOpenHome/Build/ScenesTableManager.o
LOAD c:/NXP/bstudio_nxp/workspace/JN-AN-1189-ZigBee-HA-Demo/DimmableLightOpenHome/Build/TC.o
LOAD c:/NXP/bstudio_nxp/workspace/JN-AN-1189-ZigBee-HA-Demo/DimmableLightOpenHome/Build/Time.o
LOAD c:/NXP/bstudio_nxp/workspace/JN-AN-1189-ZigBee-HA-Demo/DimmableLightOpenHome/Build/FlowMeasurement.o
LOAD c:/NXP/bstudio_nxp/workspace/JN-AN-1189-ZigBee-HA-Demo/DimmableLightOpenHome/Build/IlluminanceLevelSensing.o
LOAD c:/NXP/bstudio_nxp/workspace/JN-AN-1189-ZigBee-HA-Demo/DimmableLightOpenHome/Build/IlluminanceMeasurement.o
LOAD c:/NXP/bstudio_nxp/workspace/JN-AN-1189-ZigBee-HA-Demo/DimmableLightOpenHome/Build/OccupancySensing.o
LOAD c:/NXP/bstudio_nxp/workspace/JN-AN-1189-ZigBee-HA-Demo/DimmableLightOpenHome/Build/PressureMeasurement.o
LOAD c:/NXP/bstudio_nxp/workspace/JN-AN-1189-ZigBee-HA-Demo/DimmableLightOpenHome/Build/RelativeHumidityMeasurement.o
LOAD c:/NXP/bstudio_nxp/workspace/JN-AN-1189-ZigBee-HA-Demo/DimmableLightOpenHome/Build/TemperatureMeasurement.o
LOAD c:/NXP/bstudio_nxp/workspace/JN-AN-1189-ZigBee-HA-Demo/DimmableLightOpenHome/Build/BallastConfiguration.o
LOAD c:/NXP/bstudio_nxp/workspace/JN-AN-1189-ZigBee-HA-Demo/DimmableLightOpenHome/Build/ColourControl.o
LOAD c:/NXP/bstudio_nxp/workspace/JN-AN-1189-ZigBee-HA-Demo/DimmableLightOpenHome/Build/ColourControlClientCommands.o
LOAD c:/NXP/bstudio_nxp/workspace/JN-AN-1189-ZigBee-HA-Demo/DimmableLightOpenHome/Build/ColourControlCommandHandler.o
LOAD c:/NXP/bstudio_nxp/workspace/JN-AN-1189-ZigBee-HA-Demo/DimmableLightOpenHome/Build/ColourControlConversions.o
LOAD c:/NXP/bstudio_nxp/workspace/JN-AN-1189-ZigBee-HA-Demo/DimmableLightOpenHome/Build/colour_dimmable_light.o
LOAD c:/NXP/bstudio_nxp/workspace/JN-AN-1189-ZigBee-HA-Demo/DimmableLightOpenHome/Build/colour_dimmer_switch.o
LOAD c:/NXP/bstudio_nxp/workspace/JN-AN-1189-ZigBee-HA-Demo/DimmableLightOpenHome/Build/dimmable_light.o
LOAD c:/NXP/bstudio_nxp/workspace/JN-AN-1189-ZigBee-HA-Demo/DimmableLightOpenHome/Build/dimmer_switch.o
LOAD c:/NXP/bstudio_nxp/workspace/JN-AN-1189-ZigBee-HA-Demo/DimmableLightOpenHome/Build/light_sensor.o
LOAD c:/NXP/bstudio_nxp/workspace/JN-AN-1189-ZigBee-HA-Demo/DimmableLightOpenHome/Build/occupancy_sensor.o
LOAD c:/NXP/bstudio_nxp/workspace/JN-AN-1189-ZigBee-HA-Demo/DimmableLightOpenHome/Build/on_off_light.o
LOAD c:/NXP/bstudio_nxp/workspace/JN-AN-1189-ZigBee-HA-Demo/DimmableLightOpenHome/Build/on_off_light_switch.o
LOAD c:/NXP/bstudio_nxp/workspace/JN-AN-1189-ZigBee-HA-Demo/DimmableLightOpenHome/Build/ha.o
LOAD c:/NXP/bstudio_nxp/workspace/JN-AN-1189-ZigBee-HA-Demo/DimmableLightOpenHome/Build/door_lock.o
LOAD c:/NXP/bstudio_nxp/workspace/JN-AN-1189-ZigBee-HA-Demo/DimmableLightOpenHome/Build/door_lock_controller.o
LOAD c:/NXP/bstudio_nxp/workspace/JN-AN-1189-ZigBee-HA-Demo/DimmableLightOpenHome/Build/mains_power_outlet.o
LOAD c:/NXP/bstudio_nxp/workspace/JN-AN-1189-ZigBee-HA-Demo/DimmableLightOpenHome/Build/on_off_output.o
LOAD c:/NXP/bstudio_nxp/workspace/JN-AN-1189-ZigBee-HA-Demo/DimmableLightOpenHome/Build/on_off_switch.o
LOAD c:/NXP/bstudio_nxp/workspace/JN-AN-1189-ZigBee-HA-Demo/DimmableLightOpenHome/Build/plug_control.o
LOAD c:/NXP/bstudio_nxp/workspace/JN-AN-1189-ZigBee-HA-Demo/DimmableLightOpenHome/Build/remote_control.o
LOAD c:/NXP/bstudio_nxp/workspace/JN-AN-1189-ZigBee-HA-Demo/DimmableLightOpenHome/Build/simple_sensor.o
LOAD c:/NXP/bstudio_nxp/workspace/JN-AN-1189-ZigBee-HA-Demo/DimmableLightOpenHome/Build/smart_plug.o
LOAD c:/NXP/bstudio_nxp/workspace/JN-AN-1189-ZigBee-HA-Demo/DimmableLightOpenHome/Build/DRLC.o
LOAD c:/NXP/bstudio_nxp/workspace/JN-AN-1189-ZigBee-HA-Demo/DimmableLightOpenHome/Build/DRLCCommandCanceAlllLoadControlEvents.o
LOAD c:/NXP/bstudio_nxp/workspace/JN-AN-1189-ZigBee-HA-Demo/DimmableLightOpenHome/Build/DRLCCommandCancelLoadControlEvent.o
LOAD c:/NXP/bstudio_nxp/workspace/JN-AN-1189-ZigBee-HA-Demo/DimmableLightOpenHome/Build/DRLCCommandGetScheduledEvents.o
LOAD c:/NXP/bstudio_nxp/workspace/JN-AN-1189-ZigBee-HA-Demo/DimmableLightOpenHome/Build/DRLCCommandHandler.o
LOAD c:/NXP/bstudio_nxp/workspace/JN-AN-1189-ZigBee-HA-Demo/DimmableLightOpenHome/Build/DRLCCommandLoadControlEvent.o
LOAD c:/NXP/bstudio_nxp/workspace/JN-AN-1189-ZigBee-HA-Demo/DimmableLightOpenHome/Build/DRLCCommandReportEventStatus.o
LOAD c:/NXP/bstudio_nxp/workspace/JN-AN-1189-ZigBee-HA-Demo/DimmableLightOpenHome/Build/DRLCCustomCommandResponsesClient.o
LOAD c:/NXP/bstudio_nxp/workspace/JN-AN-1189-ZigBee-HA-Demo/DimmableLightOpenHome/Build/DRLCCustomCommandResponsesServer.o
LOAD c:/NXP/bstudio_nxp/workspace/JN-AN-1189-ZigBee-HA-Demo/DimmableLightOpenHome/Build/DRLCEffectiveTime.o
LOAD c:/NXP/bstudio_nxp/workspace/JN-AN-1189-ZigBee-HA-Demo/DimmableLightOpenHome/Build/DRLCScheduler.o
LOAD c:/NXP/bstudio_nxp/workspace/JN-AN-1189-ZigBee-HA-Demo/DimmableLightOpenHome/Build/DRLCTableManagerNoMutex.o
LOAD c:/NXP/bstudio_nxp/workspace/JN-AN-1189-ZigBee-HA-Demo/DimmableLightOpenHome/Build/DRLCTableManagerServer.o
LOAD c:/NXP/bstudio_nxp/workspace/JN-AN-1189-ZigBee-HA-Demo/DimmableLightOpenHome/Build/DRLCUserEventOptInOut.o
LOAD c:/NXP/bstudio_nxp/workspace/JN-AN-1189-ZigBee-HA-Demo/DimmableLightOpenHome/Build/Price.o
LOAD c:/NXP/bstudio_nxp/workspace/JN-AN-1189-ZigBee-HA-Demo/DimmableLightOpenHome/Build/PriceBlockPeriodTableManager.o
LOAD c:/NXP/bstudio_nxp/workspace/JN-AN-1189-ZigBee-HA-Demo/DimmableLightOpenHome/Build/PriceCalorificValueTableManager.o
LOAD c:/NXP/bstudio_nxp/workspace/JN-AN-1189-ZigBee-HA-Demo/DimmableLightOpenHome/Build/PriceCommandGetBlockPeriod.o
LOAD c:/NXP/bstudio_nxp/workspace/JN-AN-1189-ZigBee-HA-Demo/DimmableLightOpenHome/Build/PriceCommandGetCalorificValue.o
LOAD c:/NXP/bstudio_nxp/workspace/JN-AN-1189-ZigBee-HA-Demo/DimmableLightOpenHome/Build/PriceCommandGetConversionFactor.o
LOAD c:/NXP/bstudio_nxp/workspace/JN-AN-1189-ZigBee-HA-Demo/DimmableLightOpenHome/Build/PriceCommandGetCurrentPrice.o
LOAD c:/NXP/bstudio_nxp/workspace/JN-AN-1189-ZigBee-HA-Demo/DimmableLightOpenHome/Build/PriceCommandGetScheduledPrices.o
LOAD c:/NXP/bstudio_nxp/workspace/JN-AN-1189-ZigBee-HA-Demo/DimmableLightOpenHome/Build/PriceCommandPriceAck.o
LOAD c:/NXP/bstudio_nxp/workspace/JN-AN-1189-ZigBee-HA-Demo/DimmableLightOpenHome/Build/PriceCommandPublishBlockPeriod.o
LOAD c:/NXP/bstudio_nxp/workspace/JN-AN-1189-ZigBee-HA-Demo/DimmableLightOpenHome/Build/PriceCommandPublishBlockPeriodReceive.o
LOAD c:/NXP/bstudio_nxp/workspace/JN-AN-1189-ZigBee-HA-Demo/DimmableLightOpenHome/Build/PriceCommandPublishCalorificValue.o
LOAD c:/NXP/bstudio_nxp/workspace/JN-AN-1189-ZigBee-HA-Demo/DimmableLightOpenHome/Build/PriceCommandPublishCalorificValueReceive.o
LOAD c:/NXP/bstudio_nxp/workspace/JN-AN-1189-ZigBee-HA-Demo/DimmableLightOpenHome/Build/PriceCommandPublishConversionFactor.o
LOAD c:/NXP/bstudio_nxp/workspace/JN-AN-1189-ZigBee-HA-Demo/DimmableLightOpenHome/Build/PriceCommandPublishConversionFactorReceive.o
LOAD c:/NXP/bstudio_nxp/workspace/JN-AN-1189-ZigBee-HA-Demo/DimmableLightOpenHome/Build/PriceCommandPublishPrice.o
LOAD c:/NXP/bstudio_nxp/workspace/JN-AN-1189-ZigBee-HA-Demo/DimmableLightOpenHome/Build/PriceCommandPublishPriceReceive.o
LOAD c:/NXP/bstudio_nxp/workspace/JN-AN-1189-ZigBee-HA-Demo/DimmableLightOpenHome/Build/PriceConversionFactorTableManager.o
LOAD c:/NXP/bstudio_nxp/workspace/JN-AN-1189-ZigBee-HA-Demo/DimmableLightOpenHome/Build/PriceCustomCommandHandler.o
LOAD c:/NXP/bstudio_nxp/workspace/JN-AN-1189-ZigBee-HA-Demo/DimmableLightOpenHome/Build/PriceCustomCommandResponses.o
LOAD c:/NXP/bstudio_nxp/workspace/JN-AN-1189-ZigBee-HA-Demo/DimmableLightOpenHome/Build/PriceScheduler.o
LOAD c:/NXP/bstudio_nxp/workspace/JN-AN-1189-ZigBee-HA-Demo/DimmableLightOpenHome/Build/PriceServerAttributeManager.o
LOAD c:/NXP/bstudio_nxp/workspace/JN-AN-1189-ZigBee-HA-Demo/DimmableLightOpenHome/Build/PriceTableManager.o
LOAD c:/NXP/bstudio_nxp/workspace/JN-AN-1189-ZigBee-HA-Demo/DimmableLightOpenHome/Build/SimpleMetering.o
LOAD c:/NXP/bstudio_nxp/workspace/JN-AN-1189-ZigBee-HA-Demo/DimmableLightOpenHome/Build/SimpleMeteringCommandHandler.o
LOAD c:/NXP/bstudio_nxp/workspace/JN-AN-1189-ZigBee-HA-Demo/DimmableLightOpenHome/Build/SimpleMetering_SendRequest.o
LOAD c:/NXP/bstudio_nxp/workspace/JN-AN-1189-ZigBee-HA-Demo/DimmableLightOpenHome/Build/dlist.o
LOAD c:/NXP/bstudio_nxp/workspace/JN-AN-1189-ZigBee-HA-Demo/DimmableLightOpenHome/Build/zcl.o
LOAD c:/NXP/bstudio_nxp/workspace/JN-AN-1189-ZigBee-HA-Demo/DimmableLightOpenHome/Build/zcl_CustomCommandReceive.o
LOAD c:/NXP/bstudio_nxp/workspace/JN-AN-1189-ZigBee-HA-Demo/DimmableLightOpenHome/Build/zcl_CustomCommandSend.o
LOAD c:/NXP/bstudio_nxp/workspace/JN-AN-1189-ZigBee-HA-Demo/DimmableLightOpenHome/Build/zcl_PDUbufferReadWrite.o
LOAD c:/NXP/bstudio_nxp/workspace/JN-AN-1189-ZigBee-HA-Demo/DimmableLightOpenHome/Build/zcl_PDUbufferReadWriteString.o
LOAD c:/NXP/bstudio_nxp/workspace/JN-AN-1189-ZigBee-HA-Demo/DimmableLightOpenHome/Build/zcl_WriteAttributesRequestHandle.o
LOAD c:/NXP/bstudio_nxp/workspace/JN-AN-1189-ZigBee-HA-Demo/DimmableLightOpenHome/Build/zcl_WriteAttributesRequestSend.o
LOAD c:/NXP/bstudio_nxp/workspace/JN-AN-1189-ZigBee-HA-Demo/DimmableLightOpenHome/Build/zcl_WriteAttributesResponseHandle.o
LOAD c:/NXP/bstudio_nxp/workspace/JN-AN-1189-ZigBee-HA-Demo/DimmableLightOpenHome/Build/zcl_attribute.o
LOAD c:/NXP/bstudio_nxp/workspace/JN-AN-1189-ZigBee-HA-Demo/DimmableLightOpenHome/Build/zcl_buffer.o
LOAD c:/NXP/bstudio_nxp/workspace/JN-AN-1189-ZigBee-HA-Demo/DimmableLightOpenHome/Build/zcl_clusterCommand.o
LOAD c:/NXP/bstudio_nxp/workspace/JN-AN-1189-ZigBee-HA-Demo/DimmableLightOpenHome/Build/zcl_command.o
LOAD c:/NXP/bstudio_nxp/workspace/JN-AN-1189-ZigBee-HA-Demo/DimmableLightOpenHome/Build/zcl_configureReportingCommandHandle.o
LOAD c:/NXP/bstudio_nxp/workspace/JN-AN-1189-ZigBee-HA-Demo/DimmableLightOpenHome/Build/zcl_configureReportingCommandSend.o
LOAD c:/NXP/bstudio_nxp/workspace/JN-AN-1189-ZigBee-HA-Demo/DimmableLightOpenHome/Build/zcl_configureReportingResponseHandle.o
LOAD c:/NXP/bstudio_nxp/workspace/JN-AN-1189-ZigBee-HA-Demo/DimmableLightOpenHome/Build/zcl_defaultResponse.o
LOAD c:/NXP/bstudio_nxp/workspace/JN-AN-1189-ZigBee-HA-Demo/DimmableLightOpenHome/Build/zcl_discoverAttributesExtendedRequestHandle.o
LOAD c:/NXP/bstudio_nxp/workspace/JN-AN-1189-ZigBee-HA-Demo/DimmableLightOpenHome/Build/zcl_discoverAttributesExtendedRequestSend.o
LOAD c:/NXP/bstudio_nxp/workspace/JN-AN-1189-ZigBee-HA-Demo/DimmableLightOpenHome/Build/zcl_discoverAttributesExtendedResponseHandle.o
LOAD c:/NXP/bstudio_nxp/workspace/JN-AN-1189-ZigBee-HA-Demo/DimmableLightOpenHome/Build/zcl_discoverAttributesRequestHandle.o
LOAD c:/NXP/bstudio_nxp/workspace/JN-AN-1189-ZigBee-HA-Demo/DimmableLightOpenHome/Build/zcl_discoverAttributesRequestSend.o
LOAD c:/NXP/bstudio_nxp/workspace/JN-AN-1189-ZigBee-HA-Demo/DimmableLightOpenHome/Build/zcl_discoverAttributesResponseHandle.o
LOAD c:/NXP/bstudio_nxp/workspace/JN-AN-1189-ZigBee-HA-Demo/DimmableLightOpenHome/Build/zcl_discoverCommandsRequestHandle.o
LOAD c:/NXP/bstudio_nxp/workspace/JN-AN-1189-ZigBee-HA-Demo/DimmableLightOpenHome/Build/zcl_discoverCommandsRequestSend.o
LOAD c:/NXP/bstudio_nxp/workspace/JN-AN-1189-ZigBee-HA-Demo/DimmableLightOpenHome/Build/zcl_discoverCommandsResponseHandle.o
LOAD c:/NXP/bstudio_nxp/workspace/JN-AN-1189-ZigBee-HA-Demo/DimmableLightOpenHome/Build/zcl_event.o
LOAD c:/NXP/bstudio_nxp/workspace/JN-AN-1189-ZigBee-HA-Demo/DimmableLightOpenHome/Build/zcl_heap.o
LOAD c:/NXP/bstudio_nxp/workspace/JN-AN-1189-ZigBee-HA-Demo/DimmableLightOpenHome/Build/zcl_library_options.o
LOAD c:/NXP/bstudio_nxp/workspace/JN-AN-1189-ZigBee-HA-Demo/DimmableLightOpenHome/Build/zcl_readAttributesRequestHandle.o
LOAD c:/NXP/bstudio_nxp/workspace/JN-AN-1189-ZigBee-HA-Demo/DimmableLightOpenHome/Build/zcl_readAttributesRequestSend.o
LOAD c:/NXP/bstudio_nxp/workspace/JN-AN-1189-ZigBee-HA-Demo/DimmableLightOpenHome/Build/zcl_readAttributesResponseHandle.o
LOAD c:/NXP/bstudio_nxp/workspace/JN-AN-1189-ZigBee-HA-Demo/DimmableLightOpenHome/Build/zcl_readReportingConfigurationCommandHandle.o
LOAD c:/NXP/bstudio_nxp/workspace/JN-AN-1189-ZigBee-HA-Demo/DimmableLightOpenHome/Build/zcl_readReportingConfigurationCommandSend.o
LOAD c:/NXP/bstudio_nxp/workspace/JN-AN-1189-ZigBee-HA-Demo/DimmableLightOpenHome/Build/zcl_readReportingConfigurationResponseHandle.o
LOAD c:/NXP/bstudio_nxp/workspace/JN-AN-1189-ZigBee-HA-Demo/DimmableLightOpenHome/Build/zcl_reportManager.o
LOAD c:/NXP/bstudio_nxp/workspace/JN-AN-1189-ZigBee-HA-Demo/DimmableLightOpenHome/Build/zcl_reportMaths.o
LOAD c:/NXP/bstudio_nxp/workspace/JN-AN-1189-ZigBee-HA-Demo/DimmableLightOpenHome/Build/zcl_reportScheduler.o
LOAD c:/NXP/bstudio_nxp/workspace/JN-AN-1189-ZigBee-HA-Demo/DimmableLightOpenHome/Build/zcl_reportStringHandling.o
LOAD c:/NXP/bstudio_nxp/workspace/JN-AN-1189-ZigBee-HA-Demo/DimmableLightOpenHome/Build/zcl_reportStructure.o
LOAD c:/NXP/bstudio_nxp/workspace/JN-AN-1189-ZigBee-HA-Demo/DimmableLightOpenHome/Build/zcl_search.o
LOAD c:/NXP/bstudio_nxp/workspace/JN-AN-1189-ZigBee-HA-Demo/DimmableLightOpenHome/Build/zcl_timer.o
LOAD c:/NXP/bstudio_nxp/workspace/JN-AN-1189-ZigBee-HA-Demo/DimmableLightOpenHome/Build/zcl_transmit.o
LOAD c:/NXP/bstudio_nxp/sdk/JN-SW-4168/Components/Library\libZPSMAC_Mini_JN516x.a
LOAD c:/NXP/bstudio_nxp/sdk/JN-SW-4168/Components/Library\libOS_JN516x.a
LOAD c:/NXP/bstudio_nxp/sdk/JN-SW-4168/Components/Library\libPWRM_JN516x.a
LOAD c:/NXP/bstudio_nxp/sdk/JN-SW-4168/Components/Library\libZPSTSV_JN516x.a
LOAD c:/NXP/bstudio_nxp/sdk/JN-SW-4168/Components/Library\libAES_SW_JN516x.a
LOAD c:/NXP/bstudio_nxp/sdk/JN-SW-4168/Components/Library\libPDUM_JN516x.a
LOAD c:/NXP/bstudio_nxp/sdk/JN-SW-4168/Components/Library\libZPSAPL_JN516x.a
LOAD c:/NXP/bstudio_nxp/sdk/JN-SW-4168/Components/Library\libRandom_JN516x.a
LOAD c:/NXP/bstudio_nxp/sdk/JN-SW-4168/Components/Library\libPDM_EEPROM_JN516x.a
LOAD c:/NXP/bstudio_nxp/sdk/JN-SW-4168/Components/Library\libDBG_JN516x.a
LOAD c:/NXP/bstudio_nxp/sdk/JN-SW-4168/Components/Library\libZPSNWK_ZED_JN516x.a
LOAD c:/NXP/bstudio_nxp/sdk/JN-SW-4168/Components/Library\libRecal_JN516x.a
LOAD c:/NXP/bstudio_nxp/sdk/JN-SW-4168/Components/Library\libMiniMac_JN5169.a
LOAD c:/NXP/bstudio_nxp/sdk/JN-SW-4168/Components/Library\libMiniMacShim_JN516x.a
LOAD c:/NXP/bstudio_nxp/sdk/JN-SW-4168/Components/Library\libMMAC_JN5169.a
LOAD c:/NXP/bstudio_nxp/sdk/JN-SW-4168/Components/Library\libJPT_JN5169.a
LOAD c:/NXP/bstudio_nxp/sdk/JN-SW-4168/Components/Library\libAes_JN516x.a
LOAD c:/NXP/bstudio_nxp/sdk/JN-SW-4168/Components/Library\libHardwareApi_JN5169.a
LOAD c:/NXP/bstudio_nxp/sdk/JN-SW-4168/Components/Library\libMicroSpecific_JN516x.a
LOAD c:/NXP/bstudio_nxp/sdk/JN-SW-4168/Components/Library\libBoot_JN516x.a
LOAD c:/NXP/bstudio_nxp/sdk/JN-SW-4168/Platform/DK4/Library\libBoardLib_JN516x.a
LOAD c:/nxp/bstudio_nxp/sdk/tools/ba-elf-ba2-r36379/bin/../lib/gcc/ba-elf/4.7.4/../../../../ba-elf/lib/mcpu_jn51xx_sizeopt\libm.a
END GROUP
LOAD c:/nxp/bstudio_nxp/sdk/tools/ba-elf-ba2-r36379/bin/../lib/gcc/ba-elf/4.7.4/../../../../ba-elf/lib/mcpu_jn51xx_sizeopt\libc.a
LOAD c:/nxp/bstudio_nxp/sdk/tools/ba-elf-ba2-r36379/bin/../lib/gcc/ba-elf/4.7.4/mcpu_jn51xx_sizeopt\libgcc.a
LOAD c:/nxp/bstudio_nxp/sdk/tools/ba-elf-ba2-r36379/bin/../lib/gcc/ba-elf/4.7.4/../../../../ba-elf/lib/mcpu_jn51xx_sizeopt\libc.a
                0x0000000000080038                exception_vsr_table = 0x80038
                0x0000000004000000                pSPIflashFncTable = 0x4000000
                0x0000000000000044                restore_state = 0x44
                0x000000000000004a                bZSPIWaitWIPClear = 0x4a
                0x0000000000000050                u16ZSPIflashRDID = 0x50
                0x0000000000000056                u8SelectFlashChipType = 0x56
                0x000000000000005c                memcpy = 0x5c
                0x0000000000000066                vBootFlashProg = 0x66
                [0x00000000000007d0]                __minimum_heap_size = DEFINED (__minimum_heap_size)?__minimum_heap_size:0xd16
                [0x0000000000001770]                __stack_size = DEFINED (__stack_size)?__stack_size:0x800
                0x0000000000000000                _SwConfig = (DEFINED (g_bSWConf_Debug) | (DEFINED (g_bSWConf_AltDebugPort) << 0x1))

.version        0x000000000007fffc        0x4
                0x000000000007fffc        0x4 LONG 0xf03000b

.bir            0x0000000000080000       0x10
                0x0000000000080000                _flash_start = ABSOLUTE (.)
                0x0000000000080000                _flash_beg = ABSOLUTE (.)
                0x0000000000080000        0x4 LONG 0x12345678
                0x0000000000080004        0x4 LONG 0x11223344
                0x0000000000080008        0x4 LONG 0x55667788
                0x000000000008000c        0x1 BYTE 0x8
                0x000000000008000d        0x1 BYTE 0x1
                0x000000000008000e        0x2 SHORT 0x0

.flashheader    0x0000000000080010       0x28
                0x0000000000080010        0x4 LONG 0x0
                0x0000000000080014        0x4 LONG 0x0
                0x0000000000080018        0x4 LONG 0x0
                0x000000000008001c        0x2 SHORT 0x0
                0x000000000008001e        0x2 SHORT 0x0 ABSOLUTE (_SwConfig)
                0x0000000000080020                _enc_start = ABSOLUTE (.)
                0x0000000000080020        0x4 LONG 0x221cc ABSOLUTE (_image_len)
                0x0000000000080024        0x4 LONG 0xa1960 ABSOLUTE (_flash_data_start)
                0x0000000000080028        0x2 SHORT 0x13 ((ABSOLUTE (_ram_data_start) / 0x4) & 0xffff)
                0x000000000008002a        0x2 SHORT 0x21b ((ABSOLUTE (_ram_data_len) / 0x4) & 0xffff)
                0x000000000008002c        0x2 SHORT 0x22e ((ABSOLUTE (_bss_start) / 0x4) & 0xffff)
                0x000000000008002e        0x2 SHORT 0xeda ((ABSOLUTE (_bss_len) / 0x4) & 0xffff)
                0x0000000000080030        0x4 LONG 0x9dd9e ABSOLUTE (AppWarmStart)
                0x0000000000080034        0x4 LONG 0x9ddb8 ABSOLUTE (AppColdStart)
                0x0000000000000000                _enc_offset = (_enc_start & 0xf)

.ro_mac_address
                0x0000000000080040        0x0
                0x0000000000080040                _FlsMACAddress = ABSOLUTE (.)
 *(.ro_mac_address)
                0x0000000000080040                . = ALIGN (0x10)

.ro_ota_header  0x0000000000080040        0x0
                0x0000000000080040                _FlsOtaHeader = ABSOLUTE (.)
 *(.ro_ota_header)
                0x0000000000080040                . = ALIGN (0x10)

.ro_se_lnkKey   0x0000000000080040        0x0
                0x0000000000080040                _FlsLinkKey = ABSOLUTE (.)
 *(.ro_se_lnkKey)
                0x0000000000080040                . = ALIGN (0x10)

.rodata         0x0000000000080038      0xb7a
 *(.rodata*)
 .rodata        0x0000000000080038       0x18 C:\Users\VIRTUA~1\AppData\Local\Temp\ccleFwok.ltrans0.ltrans.o
                0x0000000000080038                psAplDefaultZLLAPSLinkKey
                0x000000000008003c                gMAC_u8MaxBuffers
                0x0000000000080040                g_u32ApsFcSaveCountBitShift
                0x0000000000080044                u8MaxZpsConfigEp
                0x0000000000080045                au8EpMapPresent
                0x0000000000080048                s_groupPdmTable
 .rodata        0x0000000000080050       0x38 C:\Users\VIRTUA~1\AppData\Local\Temp\ccleFwok.ltrans2.ltrans.o
 .rodata.str1.1
                0x0000000000080088        0x5 C:\Users\VIRTUA~1\AppData\Local\Temp\ccleFwok.ltrans3.ltrans.o
                                          0x8 (size before relaxing)
 *fill*         0x000000000008008d        0x3 00
 .rodata        0x0000000000080090       0x8c C:\Users\VIRTUA~1\AppData\Local\Temp\ccleFwok.ltrans4.ltrans.o
                0x0000000000080098                au32UartAddrOffset
 .rodata.str1.1
                0x000000000008011c        0x7 C:\Users\VIRTUA~1\AppData\Local\Temp\ccleFwok.ltrans6.ltrans.o
                                         0x19 (size before relaxing)
 .rodata.str1.1
                0x0000000000000000        0x7 C:\Users\VIRTUA~1\AppData\Local\Temp\ccleFwok.ltrans7.ltrans.o
 .rodata.str1.1
                0x0000000000000000        0x7 C:\Users\VIRTUA~1\AppData\Local\Temp\ccleFwok.ltrans8.ltrans.o
                                         0x10 (size before relaxing)
 .rodata        0x0000000000080123        0x7 C:\Users\VIRTUA~1\AppData\Local\Temp\ccleFwok.ltrans8.ltrans.o
                0x0000000000080123                u8MacNwkTriesTimeout
 .rodata.str1.1
                0x000000000008012a       0x17 C:\Users\VIRTUA~1\AppData\Local\Temp\ccleFwok.ltrans9.ltrans.o
                                         0x2f (size before relaxing)
 .rodata.str1.1
                0x0000000000080141       0xc9 C:\Users\VIRTUA~1\AppData\Local\Temp\ccleFwok.ltrans10.ltrans.o
 *fill*         0x000000000008020a        0x2 00
 .rodata        0x000000000008020c       0x18 C:\Users\VIRTUA~1\AppData\Local\Temp\ccleFwok.ltrans12.ltrans.o
                0x000000000008021c                pu64NewMacOverrideMyAddressLocation
                0x0000000000080220                g_bReverToOldParent
 .rodata.str1.1
                0x0000000000080224        0x5 C:\Users\VIRTUA~1\AppData\Local\Temp\ccleFwok.ltrans14.ltrans.o
                                         0x1b (size before relaxing)
 .rodata.str1.1
                0x0000000000080229       0x28 C:\Users\VIRTUA~1\AppData\Local\Temp\ccleFwok.ltrans15.ltrans.o
                                         0x3a (size before relaxing)
 .rodata.str1.1
                0x0000000000080251       0x18 C:\Users\VIRTUA~1\AppData\Local\Temp\ccleFwok.ltrans16.ltrans.o
 *fill*         0x0000000000080269        0x3 00
 .rodata        0x000000000008026c      0x118 C:\Users\VIRTUA~1\AppData\Local\Temp\ccleFwok.ltrans16.ltrans.o
                0x000000000008026c                gu32ZCLVersion
                0x0000000000080270                ZPS_g_u32MacVersion
                0x0000000000080274                OS_g_u32Version
                0x0000000000080278                PDUM_g_u32Version
                0x000000000008027c                ZPS_g_u32TsvVersion
 .rodata.str1.1
                0x0000000000000000        0x3 C:\Users\VIRTUA~1\AppData\Local\Temp\ccleFwok.ltrans17.ltrans.o
 .rodata        0x0000000000080384       0x50 C:\Users\VIRTUA~1\AppData\Local\Temp\ccleFwok.ltrans17.ltrans.o
                0x0000000000080384                pfnCallbackMcps
                0x0000000000080388                g_u32NwkFcSaveCountBitShift
 .rodata.str1.1
                0x00000000000803d4        0xa C:\Users\VIRTUA~1\AppData\Local\Temp\ccleFwok.ltrans19.ltrans.o
                                         0x24 (size before relaxing)
 *fill*         0x00000000000803de        0x2 00
 .rodata        0x00000000000803e0       0x18 C:\Users\VIRTUA~1\AppData\Local\Temp\ccleFwok.ltrans20.ltrans.o
                0x00000000000803e0                au32NwkPdmRecordOffsets
 .rodata        0x00000000000803f8       0x9c C:\Users\VIRTUA~1\AppData\Local\Temp\ccleFwok.ltrans21.ltrans.o
                0x0000000000080400                s_apsStSceTbl.144676
                0x0000000000080414                s_aprIdleStHandleCme.152696
                0x0000000000080424                s_aprActvStHandleCme.149582
                0x000000000008043c                bRxOnOptimisationTurnedOff
                0x0000000000080440                zps_sJoinSceTbl
                0x000000000008044c                zps_sActvSceTbl
 .rodata.str1.1
                0x0000000000080494       0x1f C:\Users\VIRTUA~1\AppData\Local\Temp\ccleFwok.ltrans25.ltrans.o
                                         0x42 (size before relaxing)
 *fill*         0x00000000000804b3        0x1 00
 .rodata        0x00000000000804b4       0xec C:\Users\VIRTUA~1\AppData\Local\Temp\ccleFwok.ltrans25.ltrans.o
                0x00000000000804b4                g_bEnableRouteDiscovery
                0x00000000000804b5                g_bStopZdpAcks
 .rodata.str1.1
                0x00000000000805a0       0xac C:\Users\VIRTUA~1\AppData\Local\Temp\ccleFwok.ltrans28.ltrans.o
 .rodata        0x000000000008064c      0x3e8 C:\Users\VIRTUA~1\AppData\Local\Temp\ccleFwok.ltrans28.ltrans.o
                0x000000000008064c                zps_g_pvApl
                0x0000000000080650                au32TimerBaseAddress
 .rodata        0x0000000000080a34        0x8 C:\Users\VIRTUA~1\AppData\Local\Temp\ccleFwok.ltrans29.ltrans.o
 .rodata        0x0000000000080a3c      0x168 C:\Users\VIRTUA~1\AppData\Local\Temp\ccleFwok.ltrans30.ltrans.o
 .rodata.str1.1
                0x0000000000080ba4        0xe C:\Users\VIRTUA~1\AppData\Local\Temp\ccleFwok.ltrans31.ltrans.o
                                         0x23 (size before relaxing)

.text           0x0000000000080bb8    0x20da6
 *(.text*)
 .text          0x0000000000080bb8     0x185c C:\Users\VIRTUA~1\AppData\Local\Temp\ccleFwok.ltrans0.ltrans.o
                0x0000000000080bb8                vInitialiseApp.3093
                0x0000000000080bb8                APP_TIMER_Version_1v0
 .text          0x0000000000082414     0x1908 C:\Users\VIRTUA~1\AppData\Local\Temp\ccleFwok.ltrans1.ltrans.o
                0x0000000000082414                vZCL_EventHandler
 .text          0x0000000000083d1c     0x15c4 C:\Users\VIRTUA~1\AppData\Local\Temp\ccleFwok.ltrans2.ltrans.o
                0x0000000000083d1c                DBG_iUartGetChar
                0x0000000000083dd0                vMMAC_IntHandlerBbc
                0x0000000000083dea                eBasicTxCompleteHandler
                0x0000000000083def                vTxRxTimeout.159099
                0x0000000000083e4c                zps_eNwkHandleSmeOrphanInd
                0x0000000000083e53                eSmeASFlBeaconInd.151346
                0x0000000000083e75                eSmeUDNTScanDcfm.150801
                0x0000000000083efc                zps_eNwkHandleSmePollDcfm
                0x0000000000083f26                eSmeGenlScanDcfm.151338
                0x0000000000083f84                eSmeEdScScanDcfm.151334
                0x000000000008412b                eSmeAcScBeaconInd.151354
                0x0000000000084233                eSmeUDNTBeaconInd.151330
                0x0000000000084256                vDisplayNT
                0x0000000000084270                sEZ_GetDiscEntry.10721
                0x00000000000842b1                ZPS_bIsMacAddressUsedInApsTable
                0x0000000000084367                eCLD_GroupsCheckGroupExists
                0x00000000000843d4                ZPS_eTsvOpen
                0x00000000000843f1                zps_vNwkBttMgrInit
                0x000000000008441f                PDUM_vInit
                0x00000000000844da                vStartTimer.part.0.160790.constprop.135
                0x0000000000084501                vLI_UpdateDriver
                0x000000000008453e                vMicroIntEnableOnly.constprop.130
                0x000000000008456a                vMiniMac_MLME_SetReq_PanId
                0x00000000000845a7                vMiniMac_MLME_SetReq_ShortAddr
                0x00000000000845b5                ZPS_vGetDeviceCurrentData.constprop.108
                0x0000000000084634                pvZCL_HeapAlloc.part.0.70622.constprop.107
                0x000000000008466d                vZCL_InitializeClusterInstance.constprop.99
                0x000000000008467e                vACI_OptimisedCcmStar.constprop.53
                0x0000000000084869                psDLISTsearchFromHead
                0x0000000000084892                eCLD_ScenesFindScene
                0x00000000000848e0                pvHeap_Alloc
                0x00000000000848e3                vMicroIntRestoreState
                0x00000000000848ef                TSV_eStart
                0x000000000008493f                bAHI_WriteEEPROMfixSegmentData
                0x000000000008499d                bAHI_InitialiseEEPROM
                0x00000000000849e5                vAHI_ReadDataFromEEPROMregister
                0x0000000000084a12                vAHI_WriteDataIntoEEPROMregister
                0x0000000000084a42                iAHI_WriteDataIntoEEPROMsegment.constprop.112
                0x0000000000084a90                iPDM_WriteSegmentHeaderDataIntoEEPROMsegment
                0x0000000000084abf                u8AHI_WakeTimerFiredStatus
                0x0000000000084ad3                vAHI_WakeTimerStop.part.3.161267
                0x0000000000084af3                vAHI_UartReset.part.4.161021
                0x0000000000084b2b                vAHI_ClockXtalPull
                0x0000000000084b48                vAHI_OptimiseWaitStates
                0x0000000000084b94                bAHI_GetClkSource
                0x0000000000084ba1                vAHI_SwReset
                0x0000000000084bd1                bAHI_APRegulatorEnabled
                0x0000000000084bde                vAHI_ApConfigure.part.0.160500.constprop.132
                0x0000000000084c0c                bIssueACIcommand
                0x0000000000084e6e                vTransformKey.isra.0.88828
                0x0000000000084e9e                bEnableReceive.159101
                0x0000000000084edc                MAC_u64GetExtAddr
                0x0000000000084ef7                ZPS_u64NwkNibFindExtAddr
                0x0000000000084f9d                ZPS_u16NwkNibFindNwkAddr
                0x000000000008503e                psSearchForFrameToSend
                0x0000000000085095                eMiniMac_FrameInProgress
                0x00000000000850c0                vRemoveFromTxQueue
                0x00000000000850fc                vAddToTxQueue
                0x0000000000085132                u8GetHeaderSize
                0x000000000008515a                vMiniMac_MLME_SetReq_MaxCsmaBackoffs
                0x000000000008517a                vMiniMac_MLME_SetReq_MaxBe
                0x000000000008519d                vMiniMac_MLME_SetReq_MinBe
                0x00000000000851c0                zps_psNwkSlistRemoveFromHead
                0x00000000000851d7                zps_psNwkSlistRemove
                0x000000000008520f                zps_bNwkMcpsMgrRemoveDescrFromLists
                0x000000000008524d                zps_vNwkSlistAddToTail
                0x0000000000085267                ZPS_vNwkSecResetDevice
                0x00000000000852ac                ZPS_bNwkSecHaveNetworkKey
 .text          0x00000000000852e0     0x1268 C:\Users\VIRTUA~1\AppData\Local\Temp\ccleFwok.ltrans3.ltrans.o
                0x00000000000852e0                os_u32APP_cbGetTickTimer
                0x00000000000852e9                os_bAPP_cbSetTickTimerCompare
                0x0000000000085345                vZdoServersInit.2827
                0x0000000000085530                boIdValueSearchMatch.139497
                0x000000000008558a                bHandleZdoLeaveRequest.5843
                0x00000000000855e6                vDispatch.80025
                0x00000000000856b8                OS_eContinueSWTimer.constprop.26
                0x00000000000857b1                OS_eStopSWTimer
                0x00000000000858d4                OS_ePostMessage
                0x0000000000085a3a                OS_eExitCriticalSection
                0x0000000000085b1f                OS_eActivateTask
                0x0000000000085bba                vPostMlmeDcfmInd.100542
                0x0000000000085c5d                u16ZCL_APduInstanceWriteNBO
                0x0000000000085cb1                u16ZCL_WriteCommandHeader
                0x0000000000085d29                u16ZCL_APduInstanceWriteStringNBO
                0x0000000000085df0                u16ZCL_WriteAttributeValueIntoBuffer
                0x0000000000085e62                u16ZCL_APduInstanceReadStringNBO.part.3.59841
                0x0000000000085f3b                eZCL_GetAttributeTypeSizeFromBuffer
                0x0000000000085fb2                u16ZCL_GetTxPayloadSize
                0x0000000000085ff2                u16ZCL_ReadTypeNBO
                0x00000000000860a7                u16ZCL_APduInstanceReadNBO
                0x00000000000860f8                u16ZCL_ReadCommandHeader.part.0.62637
                0x000000000008616f                iPDM_ReadSegmentHeaderDataFromEEPROMsegment
                0x00000000000861c8                iPDM_ReadUserDataFromEEPROMsegment
                0x0000000000086242                iPDM_ReCalculateWearCountAndChecksumAndWriteFileSystemHeader
                0x000000000008628c                vPDM_SetEEPROMandFileSystemValidState
                0x00000000000862b3                iPDM_ReadUserDataFromFileSystemRecord
                0x00000000000862d3                iPDM_ReadUserDataFromSegmentWithId
                0x0000000000086308                u8ZdoBindUnbindServerUnpackApdu
                0x0000000000086357                vPDM_WriteFileSystemRecordAndSegmentDataIntoEEPROMsegment
                0x0000000000086392                eCLD_ScenesSetLastConfiguredBy.isra.1.25368
                0x00000000000863c9                ZPS_vNwkNibClearTables
                0x00000000000864ea                iPDM_FilterDuplicateAppendedSegmentsOnList.140669
                0x000000000008652e                vDisplayAddressMapTable
 .text          0x0000000000086548     0x12ba C:\Users\VIRTUA~1\AppData\Local\Temp\ccleFwok.ltrans4.ltrans.o
                0x0000000000086582                DBG_vUartFlush
                0x00000000000865af                DBG_vUartPutch
                0x00000000000865f5                DBG_vUartInitHardware
                0x0000000000086732                bWhite_LED_Off
                0x0000000000086746                bPCA9634_WriteRegister
                0x00000000000867c4                vDLISTaddToHead
                0x00000000000867ed                vDLISTaddToTail
                0x0000000000086810                psDLISTremove
                0x0000000000086872                eCLD_ScenesRemoveAllScenes
                0x000000000008690b                iPDM_SearchForSpecificSegmentInList
                0x000000000008693d                psGetTxFrameBuffer
                0x000000000008697c                psGetAndBuildCoordRealignment
                0x00000000000869d4                vMMAC_RadioToOffAndWait
                0x00000000000869f1                vStartReceive
                0x0000000000086a0d                vSetChannelAndPower
                0x0000000000086cf0                vMiniMac_NextTransaction
                0x0000000000086d5a                eTransmit
                0x0000000000086e28                eBuildAndSend.158752
                0x0000000000086eda                vMiniMac_TxComplete
                0x0000000000086fcb                vTimerFired
                0x000000000008709a                vMiniMac_Init
                0x000000000008745b                eCLD_ScenesSaveClusters.constprop.25
                0x00000000000875fd                OS_eStartSWTimer.constprop.153
                0x000000000008771c                vStartStopTimer
                0x0000000000087747                os_vAPP_RadioRecal
 .text          0x0000000000087802     0x1725 C:\Users\VIRTUA~1\AppData\Local\Temp\ccleFwok.ltrans5.ltrans.o
                0x0000000000087802                vNwkMcpsTimerCallback
                0x000000000008781c                zps_eSceGenlIllegal
                0x0000000000087823                zps_eSmeGenlIllegal
                0x000000000008782a                DBG_vUartFailedAssert
                0x000000000008782e                psGetVsMcpsBuf.100546
                0x0000000000087837                psGetMlmeBuf.100539
                0x000000000008787e                psGetNlmeBuf.83260
                0x0000000000087888                psGetNldeBuf.83281
                0x0000000000087892                psGetApsmeBuf.83267
                0x000000000008789b                psGetApsdeBuf.83274
                0x00000000000879b4                vLoopbackTimerCallback
                0x00000000000879e3                ZPS_bNwkSecFindMatSet
                0x0000000000087a1f                ZPS_u8NwkNibNtDiscMatch
                0x0000000000087adb                zps_vNwkFreeMcpsHandle
                0x0000000000087b05                ZPS_u64NwkNibGetMappedIeeeAddr
                0x0000000000087b27                ZPS_bNwkNibNtActvMatch
                0x0000000000087bd6                bCheckNwkAddr
                0x0000000000087c1f                ZPS_vSetExtendedStatus
                0x0000000000087c31                zps_psApsApsAllocateDcfmRecord
                0x0000000000087c9f                zps_u64NwkLibFromPayload
                0x0000000000087cde                zps_vNwkLibU64ToPayload
                0x0000000000087d0b                zps_vInitBeaconPayload
                0x0000000000087d87                zps_eNwkDcfmIndPost
                0x0000000000087da9                zps_psNwkDcfmIndGetBuf
                0x0000000000087dcb                eNldeDataDcfm.146571
                0x0000000000087dfb                zps_vSendNwkStatusInd
                0x0000000000087e2b                DBG_vInit
                0x0000000000087e6d                vPDM_ReadBitmapHeader.140354
                0x0000000000087e8c                psSLISTsearch
                0x0000000000087ecc                iPDM_SearchForBufferIdInList
                0x0000000000087f01                iPDM_SearchForBufferIdInFileSystem
                0x0000000000087f14                psSLISTremove
                0x0000000000087f92                vSLISTaddToTail
                0x0000000000087fb1                psSLISTgetNext
                0x0000000000087fd5                u8PDM_CalculateLargestDataRecordStored
                0x0000000000088006                bPDM_ImageBitmapRepairCheck
                0x000000000008802e                u8PDM_ReadSequenceNumber
                0x0000000000088051                boSegmentNumberDeleteSearchMatch.139924
                0x000000000008806c                u8PDM_ReadSegmentDataSize
                0x0000000000088080                u32PDM_ReadFileSystemHeaderWearCount
                0x0000000000088096                boSearchForWearCountSubstitute.140240
                0x00000000000880bc                boSearchForWearCountInsertPoint.139493
                0x00000000000880da                vPDM_WriteFileSystemHeaderWearCount
                0x00000000000880ec                RND_u32GetRand256
                0x0000000000088109                RND_u32GetRand
                0x0000000000088130                u16CalculateFailedTxCount.116258
                0x000000000008815a                vZdoIeeeAddrServerSendExtendResponse.part.0.104378
                0x00000000000881bb                vZdoNwkAddrServerSendExtendResponse.part.0.103198
                0x000000000008821c                zps_bAplZdoServerHandleConfirmAcks
                0x0000000000088266                zps_bPerformLeaveActionDecider
                0x000000000008827e                vHandleUpdateDeviceIndication.92350
                0x00000000000882a8                u32GetScanChannels.92337
                0x00000000000882d3                bDuplicateCheck.88706
                0x00000000000883e0                zps_vAplApsInitDuplicateTable
                0x0000000000088403                eHandleRemoveNonBroadcastEndpointsFromGroup.87334
                0x000000000008847b                eHandleAddEntryToGroupTable.87297
                0x00000000000884d7                bIsBindTableMatch.87274
                0x0000000000088528                eRemoveEntryInBindingTable.87302
                0x00000000000885a7                zps_vAplApsInitFragTransmitPool
                0x00000000000885c8                zps_vAplApsFillAndPostApsAck
                0x0000000000088632                zps_u8AplApsFreeMsgHandle
                0x000000000008869c                zps_vAplApsInitSyncMsgPool
                0x00000000000886d4                zps_vAplApsInitFragReceivePool
                0x00000000000886f7                vFillDataIndStruct.83123
                0x0000000000088755                vFillApduErrorEvent.83116
                0x0000000000088798                bCheckProfile.83111
                0x00000000000887d6                ZPS_bIsGroupPresent
                0x000000000008880e                pdum_u16ReadNBO
                0x000000000008896f                PDUM_u16SizeNBO
                0x00000000000889cd                PDUM_u16APduInstanceWriteStrNBO
                0x0000000000088b4c                PDUM_u16APduInstanceReadNBO
                0x0000000000088b97                PDUM_u16APduInstanceWriteNBO
                0x0000000000088c01                PDUM_thAPduInstanceGetApdu
                0x0000000000088c1c                PDUM_eAPduInstanceSetPayloadSize
                0x0000000000088c44                PDUM_eNPduWriteDataFromBuffer
                0x0000000000088c9e                PDUM_eNPduWriteDataToBuffer
                0x0000000000088cfc                PDUM_eNPduWriteFromBuffer
                0x0000000000088d25                PDUM_eNPduDescend
                0x0000000000088d4b                PDUM_eNPduAscend
                0x0000000000088d71                PDUM_eNPduClaimData
                0x0000000000088dde                PDUM_eNPduAppendDataNBO
                0x0000000000088e3b                PDUM_eNPduClaimHeader
                0x0000000000088e5e                PDUM_eNPduReadHeaderNBO
                0x0000000000088eb1                PDUM_eNPduPrependHeaderNBO
                0x0000000000088f0c                PDUM_eNPduInitDescending
 *fill*         0x0000000000088f27        0x1 00
 .text          0x0000000000088f28     0x1230 C:\Users\VIRTUA~1\AppData\Local\Temp\ccleFwok.ltrans6.ltrans.o
                0x0000000000088f28                os_vAPP_ZPR_Light_Task
 .text          0x000000000008a158     0x16bf C:\Users\VIRTUA~1\AppData\Local\Temp\ccleFwok.ltrans7.ltrans.o
                0x000000000008a158                OS_eEnterCriticalSection
                0x000000000008a220                PDUM_hAPduAllocateAPduInstance
                0x000000000008a294                zps_eAplZdoSendZdpResponse
                0x000000000008a2dd                bSendResponse.115069
                0x000000000008a320                PDUM_eAPduFreeAPduInstance
                0x000000000008a3a3                zps_bAplZdoMatchDescServer.part.0.105575
                0x000000000008a65f                zps_bAplZdoNodeDescServer
                0x000000000008a7cb                zps_bAplZdoSimpleDescServer
                0x000000000008aa2c                zps_bAplZdoPowerDescServer
                0x000000000008ab49                zps_bAplZdoActiveEpServer
                0x000000000008ac32                zps_bAplZdoSystemServerDiscoveryServer
                0x000000000008acbb                zps_bAplZdoMgmtLqiServer
                0x000000000008aee7                PDM_eReadDataFromRecord.part.0.138736
                0x000000000008af6a                PDM_eReadDataFromRecord
                0x000000000008af8a                vLoadAplRecord.92377
                0x000000000008aff0                ZPS_pvNwkCtor.part.0.142635
                0x000000000008b2df                ZPS_eTsvStart
                0x000000000008b33a                zps_eNwkHandleSceNwkUpdate
                0x000000000008b35e                vProcessTimedList.144457
                0x000000000008b3a4                zps_vAplAfPostTimerEvent
                0x000000000008b3f3                zps_vNwkJoinStStartResponseTimer
                0x000000000008b42c                ZPS_eTsvStop
                0x000000000008b480                zps_bAplZdoBindRequestServer
                0x000000000008b5e7                ZPS_vResetBoundServerContext
                0x000000000008b647                vZdoBdrmBackStopTimerExpiry
                0x000000000008b66c                zps_eAplZdoBdrmRequestSend
                0x000000000008b709                zps_eNwkBtrMatch
                0x000000000008b796                zps_vAplApsStopPollTimer.part.3.85762
 .text          0x000000000008b817     0x10f6 C:\Users\VIRTUA~1\AppData\Local\Temp\ccleFwok.ltrans8.ltrans.o
                0x000000000008b817                zps_bAplZdoNwkAddrServer
                0x000000000008b99b                eBeaconReqSent.158746
                0x000000000008b9c2                zps_bAplZdoIeeeAddrServer
                0x000000000008bb1b                zps_bAplZdoMatchDescServer
                0x000000000008bb2f                vPDM_AddFileSystemElementToListInAscendingWearCountOrder
                0x000000000008bc3d                eMakeEntryInBindingTable.87320
                0x000000000008bce7                zps_vSendJoinDcfm
                0x000000000008bd2d                vGiveUp.153918
                0x000000000008bd65                ZPS_bSecEncrypt
                0x000000000008bf1b                PDUM_eNPduAllocate
                0x000000000008bf8a                vMiniMac_McpsCallback
                0x000000000008c1e2                eMcpsTxCompleteHandler.158067
                0x000000000008c210                zps_u8AplApsConstructAndPostLoopBackDataInd.85875
                0x000000000008c349                u8PostUnicastMsgToNHLE.85883
                0x000000000008c382                PDUM_eNPduClone
                0x000000000008c3ce                PDUM_eNPduFree
                0x000000000008c43b                vPostVsMcpsDcfmInd.100549
                0x000000000008c539                zps_vNwkMcpsMgrFreeReqDescr
                0x000000000008c56b                zps_psAllocateAndFormatMacHdr
                0x000000000008c6e5                zps_psNwkInitCmdFrame
                0x000000000008c7b2                zps_vNwkRemoveConflictedBroadcast
                0x000000000008c804                zps_vNwkMcpsMgrTidyBtrReqDescr
                0x000000000008c848                vNwkBttTimerExpiry.149630
                0x000000000008c8d1                hZCL_AllocateAPduInstance
 *fill*         0x000000000008c90d        0x3 00
 .text          0x000000000008c910     0x1214 C:\Users\VIRTUA~1\AppData\Local\Temp\ccleFwok.ltrans9.ltrans.o
                0x000000000008cb03                vPostNldeDcfmInd.83284
                0x000000000008d59c                vMcpsMgrExpiry.144445
                0x000000000008d5c4                vAckTimeOutHandler
                0x000000000008d669                vCLD_ScenesUpdateSceneValid
                0x000000000008d6e9                eCLD_OnOffSceneEventHandler.21721
                0x000000000008d770                eCLD_LevelControlUpdate
                0x000000000008d9ef                eCLD_LevelControlSetOnOffState.constprop.22
                0x000000000008dad0                ZPS_vNwkResetOutgoingFrameCounter
 .text          0x000000000008db24      0xdda C:\Users\VIRTUA~1\AppData\Local\Temp\ccleFwok.ltrans10.ltrans.o
                0x000000000008db5a                os_vAPP_cbDisableTickTimer
                0x000000000008db9e                os_vAPP_cbEnableTickTimer
                0x000000000008dc1e                vRetryCcaFailure
                0x000000000008dc6b                eOrphanNotificationSent.158742
                0x000000000008dcb4                bHasTimerFired.76429
                0x000000000008dd1e                eHandleRemoveBroadcastEndpointsFromGroup.87293
                0x000000000008dd78                eZCL_SetReceiveEventAddressStructure
                0x000000000008ddf7                dbg_vPrintfImplNoneVerbose
                0x000000000008e27e                vOSError
                0x000000000008e2d5                DBG_vDumpStack
                0x000000000008e317                vUnclaimedInterrupt
                0x000000000008e32d                eZCLAddReport
                0x000000000008e5e1                DriverBulb_vInit.part.0.11335
                0x000000000008e6d6                eCLD_ScenesCountScenes
                0x000000000008e6f0                ZPS_bSecDecrypt
                0x000000000008e802                boPDM_IsBitmapSaturated.140389
                0x000000000008e84b                bWhite_LED_On
                0x000000000008e862                vWhiteLightSetLevels
                0x000000000008e8d0                APP_vHandleIdentify
 .text          0x000000000008e8fe      0xe3f C:\Users\VIRTUA~1\AppData\Local\Temp\ccleFwok.ltrans11.ltrans.o
                0x000000000008e9ea                vIncrementFrameCounterInPdm.isra.0.145793
                0x000000000008ebc9                vProcessListsForSubmission.144543
                0x000000000008ef85                zps_eNwkHandleSdeActvDcfmData
                0x000000000008f067                PDM_vDeleteAllDataRecords
                0x000000000008f0e4                iPDM_VerifyDataSequenceWithBufferId
                0x000000000008f186                vManagePowerOnCountInit
                0x000000000008f216                os_vAPP_vManagePowerOnCount
                0x000000000008f284                APP_ZCL_SaveLightLevel
                0x000000000008f2ab                vSaveReportableRecord
                0x000000000008f2db                vSaveScenesNVM
                0x000000000008f36f                eCLD_GroupsRemoveAllGroups
                0x000000000008f421                zps_eAplApsmeUnBindReqRsp
                0x000000000008f487                zps_eAplZdoGroupEndpointRemove
                0x000000000008f51f                zps_psFindKeyDescr
                0x000000000008f64b                zps_eAplSecEncryptPacket
 *fill*         0x000000000008f73d        0x3 00
 .text          0x000000000008f740      0xeb4 C:\Users\VIRTUA~1\AppData\Local\Temp\ccleFwok.ltrans12.ltrans.o
                0x000000000008f740                zps_vAplApsPollTimer
                0x000000000008f832                vPostNlmeDcfmInd.83263
                0x000000000009014f                zps_eAplZdoStartStack
                0x0000000000090288                vEZ_EZModeNWKJoinHandler
 .text          0x00000000000905f4     0x12c5 C:\Users\VIRTUA~1\AppData\Local\Temp\ccleFwok.ltrans13.ltrans.o
                0x000000000009063d                zps_eNwkHandleSceRejnResponse
                0x00000000000906a6                zps_vAplSaveRecord
                0x000000000009073f                vHandleJoinedNwk.10749
                0x0000000000090822                zps_bNwkFindAddIeeeAddr
                0x00000000000909a0                ZPS_bNwkNibAddrMapAddEntry
                0x0000000000090b67                eCheckAddrConflict.isra.3.143799
                0x0000000000090bfd                vAplSecRemoveLinkKey.92427
                0x0000000000090c7a                ZPS_vNwkMacEntriesClear
                0x0000000000090d23                ZPS_vNwkSaveAllRecords
                0x0000000000090d3a                zps_vSaveAllZpsRecords
                0x0000000000090d59                ZPS_vSetDevicePreviousData.constprop.13
                0x0000000000090f47                ZPS_vNwkNibSetExtPanId
                0x0000000000090f6c                vFinish.154350
                0x0000000000090fb4                ZPS_vNwkNibSetKeySeqNum
                0x0000000000090fc8                ZPS_vNwkNibSetDepth
                0x0000000000090ff1                ZPS_vNwkNibSetPanId
                0x000000000009100f                vHandleNwkRemoteUpdateAfterBcast.143593
                0x000000000009108a                ZPS_vNwkNibSetCapabilityInfo
                0x00000000000910b7                ZPS_vNwkSaveNt
                0x00000000000911de                ZPS_vNtSetUsedStatus
                0x0000000000091285                zps_sNwkNibNtCheckJoin
                0x0000000000091510                zps_vNwkHandleCmeDirectJoinReq
                0x000000000009158a                zps_vJoinInitNtParent
                0x00000000000916e0                zps_vCheckActvNtForDuplicate
                0x0000000000091778                eSmeOrphScanDcfm.154363
                0x00000000000917f0                zps_vTidyActvNtAfterJoin
                0x000000000009187a                eUnsolicitedRejoinRspDataDcfm.143597
                0x00000000000918a5                ZPS_vNwkSaveSecMat
 .text          0x00000000000918b9     0x111a C:\Users\VIRTUA~1\AppData\Local\Temp\ccleFwok.ltrans14.ltrans.o
                0x00000000000918b9                vStartScanTimerExpiry.116254
                0x0000000000091a87                zps_eNwkHandleSmeAssocInd
                0x0000000000091e5d                zps_eNwkHandleSceNwkStatus
                0x0000000000091f71                vCheckSleepingSendPoll.154353
                0x0000000000091fef                vSdeHandleMcpsDataInd.144523
                0x00000000000926d5                ZPS_vNwkNibCheckAndUpdateAddresses
                0x0000000000092771                zps_bAplZdoDeviceAnnceServer
 .text          0x00000000000929d3     0x103c C:\Users\VIRTUA~1\AppData\Local\Temp\ccleFwok.ltrans15.ltrans.o
                0x00000000000929d3                vZdoBdrmSendNextTimedRequest
                0x0000000000092cb0                zps_bAplZdoBindUnbindServer
                0x0000000000093077                zps_eZdpMatchDescResponse
                0x000000000009310d                zps_eZdpSystemServerDiscoveryResponse
                0x000000000009317c                zps_eAplZdpMgmtLqiResponse
                0x0000000000093316                zps_eZdpNwkAddrResponse
                0x00000000000933f9                zps_eZdpIeeeAddrResponse
                0x00000000000934dc                zps_bAplZdoMgmtNWKUpdateServer
                0x000000000009384c                zps_eAplAfBoundDataReqNonBlocking
 .text          0x0000000000093a0f     0x117f C:\Users\VIRTUA~1\AppData\Local\Temp\ccleFwok.ltrans16.ltrans.o
                0x0000000000093a0f                os_bDummyMemberCheck.80035
                0x0000000000093a14                os_vDefaultErrorHook.80031
                0x0000000000093a17                bCLD_ScenesSearchForScene.25888
                0x0000000000093a4a                eCLD_LevelControlSceneEventHandler.20267
                0x0000000000093a90                DriverBulb_vSetTunableWhiteColourTemperature
                0x0000000000093a93                DriverBulb_vSetColour
                0x0000000000093a96                os_vAPP_ButtonsScanTask
                0x0000000000093a99                APP_ZCL_cbGeneralCallback.7690
                0x0000000000093ac9                vfExtendedStatusCallBack.3090
                0x0000000000093acc                os_bStrictCheck.1358
                0x0000000000093df0                bCLD_GroupsSearchForGroup.17598
                0x0000000000093e15                eExpireSWTimer.80044
                0x0000000000093e80                vEnterErrorHook.80027
                0x0000000000093ea7                OS_eCollectMessage
                0x0000000000093f6c                OS_eGetSWTimerStatus
                0x0000000000093fae                vMiniMac_ReturnTxBufferCallback
                0x0000000000093fc0                eZCL_DoesAttributeHaveReportableChange
                0x0000000000093fdd                eZCL_GetAttributeReportableEntry
                0x0000000000094095                vZCL_AlignNumericAttributeValueTo64.75892
                0x00000000000941a4                eZCL_BuildClientTransmitAddressStructure
                0x00000000000941d5                bValidateCommandWithCommandsFlags.68812
                0x000000000009421e                bZCL_CheckManufacturerSpecificCommandFlagMatch
                0x000000000009423c                bZCL_CheckManufacturerSpecificAttributeFlagMatch
                0x000000000009425a                eZCL_SearchForAttributeEntry
                0x0000000000094306                eZCL_GetAttributeTypeSize
                0x0000000000094325                vZCL_MarkAttributeInvalid
                0x00000000000943f4                u8ZCL_GetAttributeAllignToFourBytesBoundary
                0x0000000000094409                pvZCL_GetAttributePointer
                0x000000000009447f                vCLD_ScenesGenerateIndividualAttributeCallback
                0x00000000000944d9                eZCL_StoreChangeAttributeValue
                0x0000000000094578                u16ZCL_WriteTypeNBO.part.0.59708
                0x00000000000945ed                u16ZCL_GetStringStructureSize
                0x000000000009462a                u16ZCL_GetStringAttributeTypeSizeFromBuffer
                0x000000000009469b                u16ZCL_GetStringSizeAndBufferFromStructure
                0x000000000009472a                eZCL_GetAttributeTypeSizeFromStructure
                0x00000000000947a3                bZCL_SendCommandResponse
                0x00000000000947bf                u8ZCL_GetEPIdFromIndex
                0x00000000000947e1                eZCL_SearchForEPIndex
                0x000000000009481b                eZCL_SearchForClusterEntry
                0x0000000000094895                eZCL_BuildTransmitAddressStructure
                0x0000000000094902                eZCL_SearchForEPentry
                0x000000000009493e                eZCL_FindCluster
                0x000000000009498f                eCLD_GroupsSetIdentifying
                0x00000000000949b4                vCLD_IdentifyTimerClickCallback.18673
                0x0000000000094a28                eCLD_LevelControlClusterIsPresent
                0x0000000000094a41                eZCL_SearchForEPentryAndCheckManufacturerId
                0x0000000000094a7f                vZCL_PassEventToUser
                0x0000000000094aac                vAPP_ZCL_DeviceSpecific_Init
                0x0000000000094b5d                vLI_InitVar.3207
 *fill*         0x0000000000094b8e        0x2 00
 .text          0x0000000000094b90      0xe7c C:\Users\VIRTUA~1\AppData\Local\Temp\ccleFwok.ltrans17.ltrans.o
                0x0000000000094d48                vSendMlmeCommStatusFromTxFrame
                0x0000000000094d9e                MAC_vHandleMlmeVsReqRsp.constprop.121
                0x00000000000954c6                ZPS_vNwkHandleNlmeReqRsp
                0x0000000000095540                zps_vAplAfPostEvent
                0x00000000000956af                zps_eAplZdoNlmeleaveWrapper
                0x0000000000095727                zps_bAplZdoMgmtLeaveServer
                0x00000000000958a7                vChangeChannelTimerExpiry.116250
                0x0000000000095916                eLeaveReset.155336
                0x0000000000095981                eLeaveDataDcfmLocalLeave.155341
 .text          0x0000000000095a0c      0xdf8 C:\Users\VIRTUA~1\AppData\Local\Temp\ccleFwok.ltrans18.ltrans.o
                0x0000000000095a0c                vZCL_HandleAttributesWriteRequest
                0x0000000000095e9c                eZCL_CustomCommandReceive
                0x000000000009602a                eCLD_LevelControlCommandHandler
                0x0000000000096328                eSimpleMeteringCommandHandler
                0x000000000009642c                eCLD_OnOffCommandHandler
                0x000000000009654f                eCLD_BasicCommandHandler
                0x00000000000965be                vZCL_HandleCommandsDiscoverRequest.68826
 .text          0x0000000000096804     0x10b6 C:\Users\VIRTUA~1\AppData\Local\Temp\ccleFwok.ltrans19.ltrans.o
                0x0000000000096804                vMcpsMgrTimeoutExpiry
                0x0000000000096873                zps_vNwkMcpsMgrPost
                0x0000000000096897                zps_psSendFrm.constprop.51
                0x0000000000096af2                ZPS_vNwkHandleNldeReqRsp
                0x0000000000096d01                eUnfragmentedUnicastTransmission.85858
                0x000000000009706e                zps_eAplSendApsmeCmdFrame
                0x000000000009720e                zps_eAplApsmeUpdateDeviceReqRsp.part.4.87431
                0x0000000000097380                zps_vAplApsmeCmdMgrRetryTimeout.87266
                0x00000000000973aa                zps_psNwkSendRejoinReqCmd.constprop.9
                0x0000000000097496                zps_vNwkHandleCmeLeaveReq
                0x00000000000974fe                zps_eNwkHandleSceLeave
                0x0000000000097679                zps_psSendNetworkStatusCmd
                0x00000000000976f1                zps_eDefaultDataDcfm
                0x00000000000977e0                vSendNetworkReport.143589
 .text          0x00000000000978ba      0xc3b C:\Users\VIRTUA~1\AppData\Local\Temp\ccleFwok.ltrans20.ltrans.o
                0x00000000000978ba                vPDM_MoveAllDataFromListToList
                0x00000000000978f8                vPDM_MoveAllDataWithBufferIdAndStateFromListToList
                0x0000000000097983                vPDM_MoveAllDataToDeAllocList
                0x00000000000979ab                vPDM_MoveAllDataWithBufferIdFromListToList
                0x0000000000097a30                vPDM_DeleteAllSegmentsWithIdFromFileSystemList.constprop.79
                0x0000000000097a72                vPDM_MoveFileRecordFromListToList
                0x0000000000097a96                vPDM_MoveRecordToDeAllocList
                0x0000000000097ab6                vPDM_DeleteAppendedSequence
                0x0000000000097b5b                iPDM_WriteSegmentHeaderAndData
                0x0000000000097d57                iPDM_SegmentCopyAndAppendData.constprop.152
                0x0000000000097db4                iPDM_ReconstructReplacedDataTable
                0x0000000000098033                PDM_eSaveRecordData
                0x0000000000098468                ZPS_vNwkSaveRecord
                0x0000000000098494                vPDM_ImageBitmapRepair.139412
 *fill*         0x00000000000984f5        0x3 00
 .text          0x00000000000984f8      0xe70 C:\Users\VIRTUA~1\AppData\Local\Temp\ccleFwok.ltrans21.ltrans.o
                0x00000000000984f8                vBbcIntHandler.157627
                0x00000000000987c1                eAssocRespSent.157935
                0x00000000000988b2                eRejoinRspDataDcfm.153167
                0x0000000000098981                zps_eNwkHandleSmeCommStatusInd
                0x0000000000098a32                zps_vNwkHandleCmeSyncReq
                0x0000000000098ac7                zps_vNwkHandleCmeNwkDiscReq
                0x0000000000098b41                zps_vNwkHandleCmeEdScanReq
                0x0000000000098c82                zps_eNwkHandleSmeBeaconNotifyInd
                0x0000000000098d06                zps_vNwkHandleCmeNwkJoinReq
                0x0000000000098fe0                zps_vNwkHandleCmeNwkActvJoinReq
                0x000000000009912b                vHandleRejoinExpiry.153914
                0x0000000000099174                zps_eRejoinDataDcfm
                0x00000000000991a7                eSmeAsocAssocDcfm.154517
                0x0000000000099237                eSmeRjPCPollDcfm.154513
 .text          0x0000000000099368      0xd6c C:\Users\VIRTUA~1\AppData\Local\Temp\ccleFwok.ltrans22.ltrans.o
                0x0000000000099423                eZCL_TransmitDataRequest
                0x000000000009987c                eZCL_SendDefaultResponse
                0x000000000009997b                vZCL_HandleDiscoverCommandsResponse.69925
                0x0000000000099a85                vZCL_HandleAttributesReadResponse
                0x0000000000099c90                vReportTimerClickCallback
 .text          0x000000000009a0d4      0xbd4 C:\Users\VIRTUA~1\AppData\Local\Temp\ccleFwok.ltrans23.ltrans.o
                0x000000000009a0d4                eCLD_ScenesCommandHandler
                0x000000000009ab9c                eCLD_IdentifyCommandHandler
 .text          0x000000000009aca8      0xc38 C:\Users\VIRTUA~1\AppData\Local\Temp\ccleFwok.ltrans24.ltrans.o
                0x000000000009aca8                vAplSecAuthPollTimerExpiry.92327
                0x000000000009acfa                os_vAPP_PollTask
                0x000000000009ad82                vAplSecAuthTimerExpiry.92331
                0x000000000009afc9                vPostApsdeDcfmInd.83277
                0x000000000009b1ee                zps_vHandleApsdeDataFragIndNotSupported
                0x000000000009b257                eJoinNetwork.92390
                0x000000000009b302                eDiscoverNetworks.92396
                0x000000000009b358                eStartNetworkDiscovery.92402
                0x000000000009b3bc                eStartRouter.92628
                0x000000000009b48e                vPostApsmeDcfmInd.83270
 .text          0x000000000009b8e0      0xc99 C:\Users\VIRTUA~1\AppData\Local\Temp\ccleFwok.ltrans25.ltrans.o
                0x000000000009b8e0                os_vzps_taskZPS
                0x000000000009bafd                os_vzps_isrMAC
                0x000000000009bb3c                ZPS_vAplHandleApsdeReqRsp
                0x000000000009bf5f                zps_eAplZdpApsdeReqInternal
                0x000000000009c04e                vEnablePermitJoin
                0x000000000009c0db                os_vAPP_AgeOutChildren
                0x000000000009c25a                zps_bAplZdoDefaultServer
                0x000000000009c516                zps_eAplZdpBindResponse
                0x000000000009c537                zps_eZdpUnbindResponse
                0x000000000009c558                zps_eZdpMgmtLeaveResponse
 *fill*         0x000000000009c579        0x3 00
 .text          0x000000000009c57c      0xc94 C:\Users\VIRTUA~1\AppData\Local\Temp\ccleFwok.ltrans26.ltrans.o
                0x000000000009c57c                vMiniMac_MlmeCallback
                0x000000000009c93c                ePollReqSent.158299
                0x000000000009cad2                vScanBeaconReceived
                0x000000000009cb11                vRunningRxCallback
                0x000000000009ce13                vPostDcfm.158763
                0x000000000009ce82                vScanNextChannel.158750
                0x000000000009d03a                ZPS_vNwkNibSetChannel
                0x000000000009d058                zps_u8NwkHandleRejoinReq
                0x000000000009d12c                zps_vProcessLocalAddrConflict.part.0.143602
                0x000000000009d166                vContinueRejoin.153163
 .text          0x000000000009d210      0x9c8 C:\Users\VIRTUA~1\AppData\Local\Temp\ccleFwok.ltrans27.ltrans.o
                0x000000000009d210                os_vZCL_Task
                0x000000000009d236                os_vOTA_MsTask
                0x000000000009d260                eZCL_CustomCommandSend.constprop.23
                0x000000000009d75e                eCLD_GroupsCommandHandler
 .text          0x000000000009dbd8      0x716 C:\Users\VIRTUA~1\AppData\Local\Temp\ccleFwok.ltrans28.ltrans.o
                0x000000000009dbd8                APP_ZCL_cbEndpointCallback.7687
                0x000000000009dd9e                AppWarmStart
                0x000000000009ddb8                AppColdStart
                0x000000000009e0d7                os_vUnclaimedInterrupt
                0x000000000009e0e9                os_vControlledIntCheck
                0x000000000009e12e                os_vControlledInterrupt
                0x000000000009e167                os_vvISR_SystemController
                0x000000000009e172                os_vvISR_Timer4
                0x000000000009e181                os_vvISR_Timer3
                0x000000000009e190                os_vAPP_isrIllegalInstruction
                0x000000000009e1a6                os_vAPP_isrAlignmentException
                0x000000000009e1bc                os_vAPP_isrBusErrorException
                0x000000000009e1d2                os_vAPP_isrUnimplementedModuleException
                0x000000000009e1e8                os_vAPP_isrStackOverflowException
                0x000000000009e1fe                os_vAPP_isrTickTimer
 .text          0x000000000009e2ee      0x6ef C:\Users\VIRTUA~1\AppData\Local\Temp\ccleFwok.ltrans29.ltrans.o
                0x000000000009e2ee                os_vTick_Task
 .text          0x000000000009e9dd      0x70a C:\Users\VIRTUA~1\AppData\Local\Temp\ccleFwok.ltrans30.ltrans.o
                0x000000000009e9dd                eHA_RegisterDimmableLightEndPoint.constprop.87
 .text          0x000000000009f0e7      0x4e5 C:\Users\VIRTUA~1\AppData\Local\Temp\ccleFwok.ltrans31.ltrans.o
                0x000000000009f0e7                zps_eZdpNodeDescResponse
                0x000000000009f18f                zps_eZdpSimpleDescResponse
                0x000000000009f29c                zps_eZdpPowerDescResponse
                0x000000000009f339                zps_eZdpActiveEpResponse
                0x000000000009f4d2                zps_bAplZdoZdoClient
 .text          0x000000000009f5cc       0x25 c:/nxp/bstudio_nxp/sdk/tools/ba-elf-ba2-r36379/bin/../lib/gcc/ba-elf/4.7.4/../../../../ba-elf/lib/mcpu_jn51xx_sizeopt\libc.a(lib_a-memcmp.o)
                0x000000000009f5cc                memcmp
 .text          0x000000000009f5f1       0x19 c:/nxp/bstudio_nxp/sdk/tools/ba-elf-ba2-r36379/bin/../lib/gcc/ba-elf/4.7.4/../../../../ba-elf/lib/mcpu_jn51xx_sizeopt\libc.a(lib_a-memcpy.o)
 .text          0x000000000009f60a       0x12 c:/nxp/bstudio_nxp/sdk/tools/ba-elf-ba2-r36379/bin/../lib/gcc/ba-elf/4.7.4/../../../../ba-elf/lib/mcpu_jn51xx_sizeopt\libc.a(lib_a-memset.o)
                0x000000000009f60a                memset
 .text          0x000000000009f61c       0x12 c:/nxp/bstudio_nxp/sdk/tools/ba-elf-ba2-r36379/bin/../lib/gcc/ba-elf/4.7.4/../../../../ba-elf/lib/mcpu_jn51xx_sizeopt\libc.a(lib_a-strlen.o)
                0x000000000009f61c                strlen
 .text          0x000000000009f62e       0x2b c:/nxp/bstudio_nxp/sdk/tools/ba-elf-ba2-r36379/bin/../lib/gcc/ba-elf/4.7.4/../../../../ba-elf/lib/mcpu_jn51xx_sizeopt\libc.a(lib_a-strncpy.o)
                0x000000000009f62e                strncpy
 *fill*         0x000000000009f659        0x3 00
 .text          0x000000000009f65c      0x204 c:/nxp/bstudio_nxp/sdk/tools/ba-elf-ba2-r36379/bin/../lib/gcc/ba-elf/4.7.4/mcpu_jn51xx_sizeopt\libgcc.a(__udivsi3.o)
                0x000000000009f65c                __udivsi3
 .text          0x000000000009f860       0x30 c:/nxp/bstudio_nxp/sdk/tools/ba-elf-ba2-r36379/bin/../lib/gcc/ba-elf/4.7.4/mcpu_jn51xx_sizeopt\libgcc.a(__divsi3.o)
                0x000000000009f860                __divsi3
 .text          0x000000000009f890      0x1b0 c:/nxp/bstudio_nxp/sdk/tools/ba-elf-ba2-r36379/bin/../lib/gcc/ba-elf/4.7.4/mcpu_jn51xx_sizeopt\libgcc.a(__umodsi3.o)
                0x000000000009f890                __umodsi3
 .text          0x000000000009fa40       0x24 c:/nxp/bstudio_nxp/sdk/tools/ba-elf-ba2-r36379/bin/../lib/gcc/ba-elf/4.7.4/mcpu_jn51xx_sizeopt\libgcc.a(__modsi3.o)
                0x000000000009fa40                __modsi3
 .text          0x000000000009fa64       0x45 c:/nxp/bstudio_nxp/sdk/tools/ba-elf-ba2-r36379/bin/../lib/gcc/ba-elf/4.7.4/mcpu_jn51xx_sizeopt\libgcc.a(_fixunssfdi.o)
                0x000000000009fa64                __fixunssfdi
 .text          0x000000000009faa9      0x3bd c:/nxp/bstudio_nxp/sdk/tools/ba-elf-ba2-r36379/bin/../lib/gcc/ba-elf/4.7.4/mcpu_jn51xx_sizeopt\libgcc.a(_divdi3.o)
                0x000000000009faa9                __divdi3
 .text          0x000000000009fe66      0x350 c:/nxp/bstudio_nxp/sdk/tools/ba-elf-ba2-r36379/bin/../lib/gcc/ba-elf/4.7.4/mcpu_jn51xx_sizeopt\libgcc.a(_udivdi3.o)
                0x000000000009fe66                __udivdi3
 .text          0x00000000000a01b6      0x384 c:/nxp/bstudio_nxp/sdk/tools/ba-elf-ba2-r36379/bin/../lib/gcc/ba-elf/4.7.4/mcpu_jn51xx_sizeopt\libgcc.a(addsf3.o)
                0x00000000000a01b6                __addsf3
 *fill*         0x00000000000a053a        0x2 00
 .text          0x00000000000a053c      0x218 c:/nxp/bstudio_nxp/sdk/tools/ba-elf-ba2-r36379/bin/../lib/gcc/ba-elf/4.7.4/mcpu_jn51xx_sizeopt\libgcc.a(divsf3.o)
                0x00000000000a053c                __divsf3
 .text          0x00000000000a0754       0xc0 c:/nxp/bstudio_nxp/sdk/tools/ba-elf-ba2-r36379/bin/../lib/gcc/ba-elf/4.7.4/mcpu_jn51xx_sizeopt\libgcc.a(floatsisf.o)
                0x00000000000a0754                __floatsisf
 .text          0x00000000000a0814      0x488 c:/nxp/bstudio_nxp/sdk/tools/ba-elf-ba2-r36379/bin/../lib/gcc/ba-elf/4.7.4/mcpu_jn51xx_sizeopt\libgcc.a(muldf3.o)
                0x00000000000a0814                __muldf3
 .text          0x00000000000a0c9c      0x693 c:/nxp/bstudio_nxp/sdk/tools/ba-elf-ba2-r36379/bin/../lib/gcc/ba-elf/4.7.4/mcpu_jn51xx_sizeopt\libgcc.a(subdf3.o)
                0x00000000000a0c9c                __subdf3
 .text          0x00000000000a132f       0x4f c:/nxp/bstudio_nxp/sdk/tools/ba-elf-ba2-r36379/bin/../lib/gcc/ba-elf/4.7.4/mcpu_jn51xx_sizeopt\libgcc.a(floatunsidf.o)
                0x00000000000a132f                __floatunsidf
 .text          0x00000000000a137e       0x8f c:/nxp/bstudio_nxp/sdk/tools/ba-elf-ba2-r36379/bin/../lib/gcc/ba-elf/4.7.4/mcpu_jn51xx_sizeopt\libgcc.a(extendsfdf2.o)
                0x00000000000a137e                __extendsfdf2
 .text          0x00000000000a140d       0x39 c:/nxp/bstudio_nxp/sdk/tools/ba-elf-ba2-r36379/bin/../lib/gcc/ba-elf/4.7.4/mcpu_jn51xx_sizeopt\libgcc.a(_fixunsdfsi.o)
                0x00000000000a140d                __fixunsdfsi
 .text          0x00000000000a1446       0xca c:/nxp/bstudio_nxp/sdk/tools/ba-elf-ba2-r36379/bin/../lib/gcc/ba-elf/4.7.4/mcpu_jn51xx_sizeopt\libgcc.a(gedf2.o)
                0x00000000000a1446                __gedf2
                0x00000000000a1446                __gtdf2
 .text          0x00000000000a1510       0x64 c:/nxp/bstudio_nxp/sdk/tools/ba-elf-ba2-r36379/bin/../lib/gcc/ba-elf/4.7.4/mcpu_jn51xx_sizeopt\libgcc.a(fixdfsi.o)
                0x00000000000a1510                __fixdfsi
 *fill*         0x00000000000a1574        0x4 00
 .text          0x00000000000a1578      0x1d0 c:/NXP/bstudio_nxp/workspace/JN-AN-1189-ZigBee-HA-Demo/DimmableLightOpenHome/Build/os_irq.o
                0x00000000000a1578                os_ExternalException_W
                0x00000000000a15bc                os_PIC_ChannelPriorities
                0x00000000000a15cc                os_OSMIUM_HwVectTable
                0x00000000000a1608                os_PIC_SwVectTable
 .text          0x00000000000a1748       0x29 c:/NXP/bstudio_nxp/workspace/JN-AN-1189-ZigBee-HA-Demo/DimmableLightOpenHome/Build/os_irq_alignment.o
                0x00000000000a1748                IRQ_Alignment
 .text          0x00000000000a1771       0x29 c:/NXP/bstudio_nxp/workspace/JN-AN-1189-ZigBee-HA-Demo/DimmableLightOpenHome/Build/os_irq_buserror.o
                0x00000000000a1771                IRQ_BusError
 .text          0x00000000000a179a       0x29 c:/NXP/bstudio_nxp/workspace/JN-AN-1189-ZigBee-HA-Demo/DimmableLightOpenHome/Build/os_irq_illegalinstruction.o
                0x00000000000a179a                IRQ_IllegalInstruction
 .text          0x00000000000a17c3       0x29 c:/NXP/bstudio_nxp/workspace/JN-AN-1189-ZigBee-HA-Demo/DimmableLightOpenHome/Build/os_irq_stackoverflowexception.o
                0x00000000000a17c3                IRQ_StackOverflowException
 .text          0x00000000000a17ec       0x29 c:/NXP/bstudio_nxp/workspace/JN-AN-1189-ZigBee-HA-Demo/DimmableLightOpenHome/Build/os_irq_unimplementedmodule.o
                0x00000000000a17ec                IRQ_UnimplementedModule
 *fill*         0x00000000000a1815        0x3 00
 .text          0x00000000000a1818       0xc0 c:/NXP/bstudio_nxp/sdk/JN-SW-4168/Components/Library\libOS_JN516x.a(os_contirq_JN516x.o)
                0x00000000000a1818                os_ExternalException_R
                0x00000000000a1848                os_CFunc_W
                0x00000000000a1898                os_UnclaimedException_W
                0x00000000000a18b8                os_UnclaimedInterrupt_W
 .text          0x00000000000a18d8       0x48 c:/NXP/bstudio_nxp/sdk/JN-SW-4168/Components/Library\libPWRM_JN516x.a(pwrm_setjmp_JN516x.o)
                0x00000000000a18d8                setjmp
                0x00000000000a18fc                PWRM_longjmp
 .text          0x00000000000a1920       0x27 c:/NXP/bstudio_nxp/sdk/JN-SW-4168/Components/Library\libHardwareApi_JN5169.a(AHI_Interrupt.o)
                0x00000000000a1920                vAHI_InterruptSetPriority
                0x00000000000a193e                vAHI_InterruptSetActivePriorityLevel
 .text.vMicroSyscall
                0x00000000000a1947       0x17 c:/NXP/bstudio_nxp/sdk/JN-SW-4168/Components/Library\libMicroSpecific_JN516x.a(MicroSyscall_ba.o)
                0x00000000000a1947                vMicroSyscall
 .text          0x00000000000a195e        0x0 c:/NXP/bstudio_nxp/sdk/JN-SW-4168/Components/Library\libOS_JN516x.a(os_version_lc.o)
                0x00000000000a195e                OS_Version_1v2
 .text          0x00000000000a195e        0x0 c:/NXP/bstudio_nxp/sdk/JN-SW-4168/Components/Library\libZPSAPL_JN516x.a(zps_apl_version_lc.o)
                0x00000000000a195e                ZPS_APL_Version_2v0
 .text          0x00000000000a195e        0x0 c:/NXP/bstudio_nxp/sdk/JN-SW-4168/Components/Library\libZPSNWK_ZED_JN516x.a(zps_nwk_version_lc.o)
                0x00000000000a195e                ZPS_NWK_Version_2v0
                0x00000000000a195e                _flash_end = ABSOLUTE (.)

.rela.dyn       0x00000000000a1960        0x0
 .rela.text     0x0000000000000000        0x0 c:/NXP/bstudio_nxp/workspace/JN-AN-1189-ZigBee-HA-Demo/DimmableLightOpenHome/Build/os_irq.o
 .rela.data     0x0000000000000000        0x0 c:/NXP/bstudio_nxp/workspace/JN-AN-1189-ZigBee-HA-Demo/DimmableLightOpenHome/Build/os_irq.o
 .rela.rodata   0x0000000000000000        0x0 c:/NXP/bstudio_nxp/workspace/JN-AN-1189-ZigBee-HA-Demo/DimmableLightOpenHome/Build/os_irq.o
                0x000000000400004c                . = ORIGIN (ram)

.data           0x000000000400004c      0x86c load address 0x00000000000a1960
                0x000000000400004c                _ram_data_start = ABSOLUTE (.)
 *(.data*)
 .data          0x000000000400004c       0x1c C:\Users\VIRTUA~1\AppData\Local\Temp\ccleFwok.ltrans0.ltrans.o
                0x000000000400004c                u32DefaultChannelMask.11304
                0x0000000004000050                u8MiniMacConfig_MaxConcurrentAssocResponses
                0x0000000004000054                psShadowRxBuffer
 .data          0x0000000004000068        0x4 C:\Users\VIRTUA~1\AppData\Local\Temp\ccleFwok.ltrans2.ltrans.o
                0x0000000004000068                u32HeapStart
 .data          0x000000000400006c        0x1 C:\Users\VIRTUA~1\AppData\Local\Temp\ccleFwok.ltrans4.ltrans.o
 *fill*         0x000000000400006d        0x1 00
 .data          0x000000000400006e        0xa C:\Users\VIRTUA~1\AppData\Local\Temp\ccleFwok.ltrans6.ltrans.o
                0x000000000400006e                u16ActiveEDAddress.8681
 .data          0x0000000004000078        0x4 C:\Users\VIRTUA~1\AppData\Local\Temp\ccleFwok.ltrans8.ltrans.o
 .data          0x000000000400007c        0x1 C:\Users\VIRTUA~1\AppData\Local\Temp\ccleFwok.ltrans10.ltrans.o
 .data          0x000000000400007d        0x1 C:\Users\VIRTUA~1\AppData\Local\Temp\ccleFwok.ltrans11.ltrans.o
 *fill*         0x000000000400007e        0x2 00
 .data          0x0000000004000080        0x4 C:\Users\VIRTUA~1\AppData\Local\Temp\ccleFwok.ltrans13.ltrans.o
                0x0000000004000080                bCanLoopback.86111
 .data          0x0000000004000084       0xa4 C:\Users\VIRTUA~1\AppData\Local\Temp\ccleFwok.ltrans16.ltrans.o
                0x0000000004000084                s_asapduZCLInstances
                0x00000000040000fc                s_asapduZDPInstances
 .data          0x0000000004000128        0x1 C:\Users\VIRTUA~1\AppData\Local\Temp\ccleFwok.ltrans25.ltrans.o
 *fill*         0x0000000004000129        0x7 00
 .data          0x0000000004000130      0x658 C:\Users\VIRTUA~1\AppData\Local\Temp\ccleFwok.ltrans28.ltrans.o
                0x0000000004000130                os_Mutex_mutexMAC
                0x0000000004000138                os_Mutex_mutexZPS
                0x0000000004000140                s_sApl.2874
                0x0000000004000290                os_SWTimer_APP_cntrTickTimer_APP_TickTimer
                0x00000000040002ac                os_Message_APP_msgZpsEvents
                0x00000000040002d0                os_Message_APP_msgEvents
                0x00000000040002f4                os_Message_APP_msgPOREvents
                0x0000000004000318                os_SWTimer_APP_cntrTickTimer_APP_JoinTimer
                0x0000000004000334                os_SWTimer_APP_cntrTickTimer_APP_BackOffTimer
                0x0000000004000350                os_SWTimer_APP_cntrTickTimer_APP_StartUPTimer
                0x000000000400036c                os_Message_APP_msgZpsEvents_ZCL
                0x0000000004000390                os_SWTimer_APP_cntrTickTimer_APP_RadioRecalTimer
                0x00000000040003ac                os_SWTimer_APP_cntrTickTimer_APP_AgeOutChildrenTmr
                0x00000000040003c8                os_Message_zps_msgMlmeDcfmInd
                0x00000000040003ec                os_Message_zps_msgTimeEvents
                0x0000000004000410                os_Message_zps_msgMcpsDcfmInd
                0x0000000004000434                os_Message_zps_msgMcpsDcfm
                0x0000000004000458                os_SWTimer_APP_cntrTickTimer_APP_PollTimer
                0x0000000004000474                os_SWTimer_APP_cntrTickTimer_APP_PowerOnCountTimer
                0x0000000004000490                os_Task_Tick_Task
                0x000000000400049c                os_Task_APP_ZPR_Light_Task
                0x00000000040004a8                os_Task_ZCL_Task
                0x00000000040004b4                os_Task_APP_RadioRecal
                0x00000000040004c0                os_Task_APP_AgeOutChildren
                0x00000000040004cc                os_Task_zps_taskZPS
                0x00000000040004d8                os_Task_APP_ButtonsScanTask
                0x00000000040004e4                os_Task_APP_PollTask
                0x00000000040004f0                os_Task_APP_vManagePowerOnCount
                0x00000000040004fc                os_SWTimer_APP_cntrTickTimer_OTA_MsTimer
                0x0000000004000518                u8AhiBaudRate.140855
                0x0000000004000519                bFirstCalled.3145.11384
                0x000000000400051c                sLI_Vars.3234
                0x000000000400055c                s_prbMemberCheck.80151
                0x0000000004000560                s_prvErrorHook.80149