Archive member included because of file (symbol)

c:/NXP/bstudio_nxp/sdk/JN-SW-4168/Components/Library\libOS_JN516x.a(os.o)
                              c:/NXP/bstudio_nxp/workspace/JN-AN-1189-ZigBee-HA-Demo/WXKG02LM/Build/os_gen.o (symbol from plugin) (os_vStart)
c:/NXP/bstudio_nxp/sdk/JN-SW-4168/Components/Library\libOS_JN516x.a(os_contirq_JN516x.o)
                              c:/NXP/bstudio_nxp/workspace/JN-AN-1189-ZigBee-HA-Demo/WXKG02LM/Build/os_irq.o (os_UnclaimedException_W)
c:/NXP/bstudio_nxp/sdk/JN-SW-4168/Components/Library\libPWRM_JN516x.a(pwrm.o)
                              c:/NXP/bstudio_nxp/workspace/JN-AN-1189-ZigBee-HA-Demo/WXKG02LM/Build/app_start_switch.o (symbol from plugin) (PWRM_vInit)
c:/NXP/bstudio_nxp/sdk/JN-SW-4168/Components/Library\libPWRM_JN516x.a(pwrm_setjmp_JN516x.o)
                              pwrm.o (symbol from plugin) (setjmp)
c:/NXP/bstudio_nxp/sdk/JN-SW-4168/Components/Library\libPWRM_JN516x.a(pwrm_cold_start.o)
                              (AppColdStart)
c:/NXP/bstudio_nxp/sdk/JN-SW-4168/Components/Library\libPWRM_JN516x.a(pwrm_warm_start.o)
                              (AppWarmStart)
c:/NXP/bstudio_nxp/sdk/JN-SW-4168/Components/Library\libPDUM_JN516x.a(pdum_nwk.o)
                              c:/NXP/bstudio_nxp/workspace/JN-AN-1189-ZigBee-HA-Demo/WXKG02LM/Build/pdum_gen.o (symbol from plugin) (pdum_vNPduInit)
c:/NXP/bstudio_nxp/sdk/JN-SW-4168/Components/Library\libPDUM_JN516x.a(pdum_apl.o)
                              c:/NXP/bstudio_nxp/workspace/JN-AN-1189-ZigBee-HA-Demo/WXKG02LM/Build/appZdpExtraction.o (symbol from plugin) (PDUM_u16APduInstanceReadNBO)
c:/NXP/bstudio_nxp/sdk/JN-SW-4168/Components/Library\libPDUM_JN516x.a(pdum.o)
                              pdum_nwk.o (symbol from plugin) (PDUM_u16SizeNBO)
c:/NXP/bstudio_nxp/sdk/JN-SW-4168/Components/Library\libZPSAPL_JN516x.a(zps_apl_af.o)
                              c:/NXP/bstudio_nxp/workspace/JN-AN-1189-ZigBee-HA-Demo/WXKG02LM/Build/zha_switch_node.o (symbol from plugin) (ZPS_eAplAfInit)
c:/NXP/bstudio_nxp/sdk/JN-SW-4168/Components/Library\libZPSAPL_JN516x.a(zps_apl_af_apsde.o)
                              c:/NXP/bstudio_nxp/workspace/JN-AN-1189-ZigBee-HA-Demo/WXKG02LM/Build/zps_gen.o (symbol from plugin) (zps_vHandleApsdeDataFragIndNotSupported)
c:/NXP/bstudio_nxp/sdk/JN-SW-4168/Components/Library\libZPSAPL_JN516x.a(zps_apl_task.o)
                              zps_apl_af_apsde.o (symbol from plugin) (zps_vAplAfPostEvent)
c:/NXP/bstudio_nxp/sdk/JN-SW-4168/Components/Library\libZPSAPL_JN516x.a(zps_apl_apsde.o)
                              zps_apl_task.o (symbol from plugin) (ZPS_vAplRegisterApsdeDcfmIndCallbacks)
c:/NXP/bstudio_nxp/sdk/JN-SW-4168/Components/Library\libZPSAPL_JN516x.a(zps_apl_apsme.o)
                              zps_apl_task.o (symbol from plugin) (ZPS_vAplRegisterApsmeDcfmIndCallbacks)
c:/NXP/bstudio_nxp/sdk/JN-SW-4168/Components/Library\libZPSAPL_JN516x.a(zps_apl_aps_nlde.o)
                              zps_apl_task.o (symbol from plugin) (zps_vAplApsHandleNldeDcfmInd)
c:/NXP/bstudio_nxp/sdk/JN-SW-4168/Components/Library\libZPSAPL_JN516x.a(zps_apl_sec.o)
                              zps_apl_task.o (symbol from plugin) (zps_psFindKeyDescr)
c:/NXP/bstudio_nxp/sdk/JN-SW-4168/Components/Library\libZPSAPL_JN516x.a(zps_apl_aib.o)
                              c:/NXP/bstudio_nxp/workspace/JN-AN-1189-ZigBee-HA-Demo/WXKG02LM/Build/app_zbp_utilities.o (symbol from plugin) (zps_psAplAibGetAib)
c:/NXP/bstudio_nxp/sdk/JN-SW-4168/Components/Library\libZPSAPL_JN516x.a(zps_apl_zdo_nwkmanager.o)
                              zps_apl_apsme.o (symbol from plugin) (zps_vAplSaveRecord)
c:/NXP/bstudio_nxp/sdk/JN-SW-4168/Components/Library\libZPSAPL_JN516x.a(zps_apl_zdo_handle_zdp_event.o)
                              zps_apl_task.o (symbol from plugin) (zps_bAplZdoHandleZdpEvent)
c:/NXP/bstudio_nxp/sdk/JN-SW-4168/Components/Library\libZPSAPL_JN516x.a(zps_apl_zdo_trust_center.o)
                              zps_apl_sec.o (symbol from plugin) (zps_eAplTrustCenterFindDevice)
c:/NXP/bstudio_nxp/sdk/JN-SW-4168/Components/Library\libZPSAPL_JN516x.a(zps_apl_zdo_common.o)
                              zps_apl_zdo_nwkmanager.o (symbol from plugin) (zps_eAplZdoNlmeleaveWrapper)
c:/NXP/bstudio_nxp/sdk/JN-SW-4168/Components/Library\libZPSAPL_JN516x.a(zps_apl_zdo_group.o)
                              c:/NXP/bstudio_nxp/workspace/JN-AN-1189-ZigBee-HA-Demo/WXKG02LM/Build/GroupsTableManager.o (symbol from plugin) (zps_eAplZdoGroupEndpointAdd)
c:/NXP/bstudio_nxp/sdk/JN-SW-4168/Components/Library\libZPSAPL_JN516x.a(zps_apl_zdo_default_server.o)
                              c:/NXP/bstudio_nxp/workspace/JN-AN-1189-ZigBee-HA-Demo/WXKG02LM/Build/zps_gen.o (symbol from plugin) (zps_vAplZdoDefaultServerInit)
c:/NXP/bstudio_nxp/sdk/JN-SW-4168/Components/Library\libZPSAPL_JN516x.a(zps_apl_zdo_bind_manager.o)
[...]
Memory Configuration

Name             Origin             Length             Attributes
flash            0x0000000000080000 0x0000000000080000
ram              0x000000000400004c 0x0000000000007fb4
*default*        0x0000000000000000 0xffffffffffffffff

Linker script and memory map

                0x0000000000001770                __stack_size = 0x1770
                0x00000000000007d0                __minimum_heap_size = 0x7d0
START GROUP
LOAD c:/NXP/bstudio_nxp/workspace/JN-AN-1189-ZigBee-HA-Demo/WXKG02LM/Build/os_gen.o
LOAD C:\Users\VIRTUA~1\AppData\Local\Temp\ccRPwibK.ltrans0.ltrans.o
LOAD C:\Users\VIRTUA~1\AppData\Local\Temp\ccRPwibK.ltrans1.ltrans.o
LOAD C:\Users\VIRTUA~1\AppData\Local\Temp\ccRPwibK.ltrans2.ltrans.o
LOAD C:\Users\VIRTUA~1\AppData\Local\Temp\ccRPwibK.ltrans3.ltrans.o
LOAD C:\Users\VIRTUA~1\AppData\Local\Temp\ccRPwibK.ltrans4.ltrans.o
LOAD C:\Users\VIRTUA~1\AppData\Local\Temp\ccRPwibK.ltrans5.ltrans.o
LOAD C:\Users\VIRTUA~1\AppData\Local\Temp\ccRPwibK.ltrans6.ltrans.o
LOAD C:\Users\VIRTUA~1\AppData\Local\Temp\ccRPwibK.ltrans7.ltrans.o
LOAD C:\Users\VIRTUA~1\AppData\Local\Temp\ccRPwibK.ltrans8.ltrans.o
LOAD C:\Users\VIRTUA~1\AppData\Local\Temp\ccRPwibK.ltrans9.ltrans.o
LOAD C:\Users\VIRTUA~1\AppData\Local\Temp\ccRPwibK.ltrans10.ltrans.o
LOAD C:\Users\VIRTUA~1\AppData\Local\Temp\ccRPwibK.ltrans11.ltrans.o
LOAD C:\Users\VIRTUA~1\AppData\Local\Temp\ccRPwibK.ltrans12.ltrans.o
LOAD C:\Users\VIRTUA~1\AppData\Local\Temp\ccRPwibK.ltrans13.ltrans.o
LOAD C:\Users\VIRTUA~1\AppData\Local\Temp\ccRPwibK.ltrans14.ltrans.o
LOAD C:\Users\VIRTUA~1\AppData\Local\Temp\ccRPwibK.ltrans15.ltrans.o
LOAD C:\Users\VIRTUA~1\AppData\Local\Temp\ccRPwibK.ltrans16.ltrans.o
LOAD C:\Users\VIRTUA~1\AppData\Local\Temp\ccRPwibK.ltrans17.ltrans.o
LOAD C:\Users\VIRTUA~1\AppData\Local\Temp\ccRPwibK.ltrans18.ltrans.o
LOAD C:\Users\VIRTUA~1\AppData\Local\Temp\ccRPwibK.ltrans19.ltrans.o
LOAD C:\Users\VIRTUA~1\AppData\Local\Temp\ccRPwibK.ltrans20.ltrans.o
LOAD C:\Users\VIRTUA~1\AppData\Local\Temp\ccRPwibK.ltrans21.ltrans.o
LOAD C:\Users\VIRTUA~1\AppData\Local\Temp\ccRPwibK.ltrans22.ltrans.o
LOAD C:\Users\VIRTUA~1\AppData\Local\Temp\ccRPwibK.ltrans23.ltrans.o
LOAD C:\Users\VIRTUA~1\AppData\Local\Temp\ccRPwibK.ltrans24.ltrans.o
LOAD C:\Users\VIRTUA~1\AppData\Local\Temp\ccRPwibK.ltrans25.ltrans.o
LOAD C:\Users\VIRTUA~1\AppData\Local\Temp\ccRPwibK.ltrans26.ltrans.o
LOAD C:\Users\VIRTUA~1\AppData\Local\Temp\ccRPwibK.ltrans27.ltrans.o
LOAD C:\Users\VIRTUA~1\AppData\Local\Temp\ccRPwibK.ltrans28.ltrans.o
LOAD C:\Users\VIRTUA~1\AppData\Local\Temp\ccRPwibK.ltrans29.ltrans.o
LOAD C:\Users\VIRTUA~1\AppData\Local\Temp\ccRPwibK.ltrans30.ltrans.o
LOAD C:\Users\VIRTUA~1\AppData\Local\Temp\ccRPwibK.ltrans31.ltrans.o
LOAD c:/nxp/bstudio_nxp/sdk/tools/ba-elf-ba2-r36379/bin/../lib/gcc/ba-elf/4.7.4/../../../../ba-elf/lib/mcpu_jn51xx_sizeopt\libc.a
LOAD c:/nxp/bstudio_nxp/sdk/tools/ba-elf-ba2-r36379/bin/../lib/gcc/ba-elf/4.7.4/mcpu_jn51xx_sizeopt\libgcc.a
LOAD c:/nxp/bstudio_nxp/sdk/tools/ba-elf-ba2-r36379/bin/../lib/gcc/ba-elf/4.7.4/../../../../ba-elf/lib/mcpu_jn51xx_sizeopt\libc.a
LOAD c:/NXP/bstudio_nxp/workspace/JN-AN-1189-ZigBee-HA-Demo/WXKG02LM/Build/os_irq.o
LOAD c:/NXP/bstudio_nxp/workspace/JN-AN-1189-ZigBee-HA-Demo/WXKG02LM/Build/os_irq_alignment.o
LOAD c:/NXP/bstudio_nxp/workspace/JN-AN-1189-ZigBee-HA-Demo/WXKG02LM/Build/os_irq_buserror.o
LOAD c:/NXP/bstudio_nxp/workspace/JN-AN-1189-ZigBee-HA-Demo/WXKG02LM/Build/os_irq_illegalinstruction.o
LOAD c:/NXP/bstudio_nxp/workspace/JN-AN-1189-ZigBee-HA-Demo/WXKG02LM/Build/os_irq_stackoverflowexception.o
LOAD c:/NXP/bstudio_nxp/workspace/JN-AN-1189-ZigBee-HA-Demo/WXKG02LM/Build/os_irq_unimplementedmodule.o
LOAD c:/NXP/bstudio_nxp/workspace/JN-AN-1189-ZigBee-HA-Demo/WXKG02LM/Build/pdum_gen.o
LOAD c:/NXP/bstudio_nxp/workspace/JN-AN-1189-ZigBee-HA-Demo/WXKG02LM/Build/pdum_apdu.o
LOAD c:/NXP/bstudio_nxp/workspace/JN-AN-1189-ZigBee-HA-Demo/WXKG02LM/Build/zps_gen.o
LOAD c:/NXP/bstudio_nxp/workspace/JN-AN-1189-ZigBee-HA-Demo/WXKG02LM/Build/app_exceptions.o
LOAD c:/NXP/bstudio_nxp/workspace/JN-AN-1189-ZigBee-HA-Demo/WXKG02LM/Build/app_pdm.o
LOAD c:/NXP/bstudio_nxp/workspace/JN-AN-1189-ZigBee-HA-Demo/WXKG02LM/Build/app_timer_driver.o
LOAD c:/NXP/bstudio_nxp/workspace/JN-AN-1189-ZigBee-HA-Demo/WXKG02LM/Build/app_start_switch.o
LOAD c:/NXP/bstudio_nxp/workspace/JN-AN-1189-ZigBee-HA-Demo/WXKG02LM/Build/app_zbp_utilities.o
LOAD c:/NXP/bstudio_nxp/workspace/JN-AN-1189-ZigBee-HA-Demo/WXKG02LM/Build/App_WXKG02LM.o
LOAD c:/NXP/bstudio_nxp/workspace/JN-AN-1189-ZigBee-HA-Demo/WXKG02LM/Build/zha_switch_node.o
LOAD c:/NXP/bstudio_nxp/workspace/JN-AN-1189-ZigBee-HA-Demo/WXKG02LM/Build/app_zcl_switch_task.o
LOAD c:/NXP/bstudio_nxp/workspace/JN-AN-1189-ZigBee-HA-Demo/WXKG02LM/Build/app_buttons.o
LOAD c:/NXP/bstudio_nxp/workspace/JN-AN-1189-ZigBee-HA-Demo/WXKG02LM/Build/app_switch_state_machine.o
LOAD c:/NXP/bstudio_nxp/workspace/JN-AN-1189-ZigBee-HA-Demo/WXKG02LM/Build/appZpsBeaconHandler.o
LOAD c:/NXP/bstudio_nxp/workspace/JN-AN-1189-ZigBee-HA-Demo/WXKG02LM/Build/haEzJoin.o
LOAD c:/NXP/bstudio_nxp/workspace/JN-AN-1189-ZigBee-HA-Demo/WXKG02LM/Build/haEzFindAndBind.o
LOAD c:/NXP/bstudio_nxp/workspace/JN-AN-1189-ZigBee-HA-Demo/WXKG02LM/Build/haKeys.o
LOAD c:/NXP/bstudio_nxp/workspace/JN-AN-1189-ZigBee-HA-Demo/WXKG02LM/Build/PingParent.o
LOAD c:/NXP/bstudio_nxp/workspace/JN-AN-1189-ZigBee-HA-Demo/WXKG02LM/Build/appZdpExtraction.o
LOAD c:/NXP/bstudio_nxp/workspace/JN-AN-1189-ZigBee-HA-Demo/WXKG02LM/Build/Alarms.o
LOAD c:/NXP/bstudio_nxp/workspace/JN-AN-1189-ZigBee-HA-Demo/WXKG02LM/Build/AlarmsClientCommands.o
LOAD c:/NXP/bstudio_nxp/workspace/JN-AN-1189-ZigBee-HA-Demo/WXKG02LM/Build/AlarmsCommandHandler.o
LOAD c:/NXP/bstudio_nxp/workspace/JN-AN-1189-ZigBee-HA-Demo/WXKG02LM/Build/AlarmsServerCommands.o
LOAD c:/NXP/bstudio_nxp/workspace/JN-AN-1189-ZigBee-HA-Demo/WXKG02LM/Build/AlarmsTableManager.o
LOAD c:/NXP/bstudio_nxp/workspace/JN-AN-1189-ZigBee-HA-Demo/WXKG02LM/Build/AnalogInputBasic.o
LOAD c:/NXP/bstudio_nxp/workspace/JN-AN-1189-ZigBee-HA-Demo/WXKG02LM/Build/AnalogOutputBasic.o
LOAD c:/NXP/bstudio_nxp/workspace/JN-AN-1189-ZigBee-HA-Demo/WXKG02LM/Build/Basic.o
LOAD c:/NXP/bstudio_nxp/workspace/JN-AN-1189-ZigBee-HA-Demo/WXKG02LM/Build/BasicClientCommands.o
LOAD c:/NXP/bstudio_nxp/workspace/JN-AN-1189-ZigBee-HA-Demo/WXKG02LM/Build/BasicCommandHandler.o
LOAD c:/NXP/bstudio_nxp/workspace/JN-AN-1189-ZigBee-HA-Demo/WXKG02LM/Build/BinaryInputBasic.o
LOAD c:/NXP/bstudio_nxp/workspace/JN-AN-1189-ZigBee-HA-Demo/WXKG02LM/Build/BinaryOutputBasic.o
LOAD c:/NXP/bstudio_nxp/workspace/JN-AN-1189-ZigBee-HA-Demo/WXKG02LM/Build/Commissioning.o
LOAD c:/NXP/bstudio_nxp/workspace/JN-AN-1189-ZigBee-HA-Demo/WXKG02LM/Build/DeviceTemperatureConfiguration.o
LOAD c:/NXP/bstudio_nxp/workspace/JN-AN-1189-ZigBee-HA-Demo/WXKG02LM/Build/Diagnostics.o
LOAD c:/NXP/bstudio_nxp/workspace/JN-AN-1189-ZigBee-HA-Demo/WXKG02LM/Build/DoorLock.o
LOAD c:/NXP/bstudio_nxp/workspace/JN-AN-1189-ZigBee-HA-Demo/WXKG02LM/Build/DoorLockCommandHandler.o
LOAD c:/NXP/bstudio_nxp/workspace/JN-AN-1189-ZigBee-HA-Demo/WXKG02LM/Build/DoorLockCommands.o
LOAD c:/NXP/bstudio_nxp/workspace/JN-AN-1189-ZigBee-HA-Demo/WXKG02LM/Build/ElectricalMeasurement.o
LOAD c:/NXP/bstudio_nxp/workspace/JN-AN-1189-ZigBee-HA-Demo/WXKG02LM/Build/Groups.o
LOAD c:/NXP/bstudio_nxp/workspace/JN-AN-1189-ZigBee-HA-Demo/WXKG02LM/Build/GroupsClientCommands.o
LOAD c:/NXP/bstudio_nxp/workspace/JN-AN-1189-ZigBee-HA-Demo/WXKG02LM/Build/GroupsCommandHandler.o
LOAD c:/NXP/bstudio_nxp/workspace/JN-AN-1189-ZigBee-HA-Demo/WXKG02LM/Build/GroupsServerCommands.o
LOAD c:/NXP/bstudio_nxp/workspace/JN-AN-1189-ZigBee-HA-Demo/WXKG02LM/Build/GroupsTableManager.o
LOAD c:/NXP/bstudio_nxp/workspace/JN-AN-1189-ZigBee-HA-Demo/WXKG02LM/Build/Identify.o
LOAD c:/NXP/bstudio_nxp/workspace/JN-AN-1189-ZigBee-HA-Demo/WXKG02LM/Build/IdentifyClientCommands.o
LOAD c:/NXP/bstudio_nxp/workspace/JN-AN-1189-ZigBee-HA-Demo/WXKG02LM/Build/IdentifyCommandHandler.o
LOAD c:/NXP/bstudio_nxp/workspace/JN-AN-1189-ZigBee-HA-Demo/WXKG02LM/Build/IdentifyServerCommands.o
LOAD c:/NXP/bstudio_nxp/workspace/JN-AN-1189-ZigBee-HA-Demo/WXKG02LM/Build/LevelControl.o
LOAD c:/NXP/bstudio_nxp/workspace/JN-AN-1189-ZigBee-HA-Demo/WXKG02LM/Build/LevelControlClientCommands.o
LOAD c:/NXP/bstudio_nxp/workspace/JN-AN-1189-ZigBee-HA-Demo/WXKG02LM/Build/LevelControlCommandHandler.o
LOAD c:/NXP/bstudio_nxp/workspace/JN-AN-1189-ZigBee-HA-Demo/WXKG02LM/Build/MultistateInputBasic.o
LOAD c:/NXP/bstudio_nxp/workspace/JN-AN-1189-ZigBee-HA-Demo/WXKG02LM/Build/MultistateOutputBasic.o
LOAD c:/NXP/bstudio_nxp/workspace/JN-AN-1189-ZigBee-HA-Demo/WXKG02LM/Build/OOSC.o
LOAD c:/NXP/bstudio_nxp/workspace/JN-AN-1189-ZigBee-HA-Demo/WXKG02LM/Build/OnOff.o
LOAD c:/NXP/bstudio_nxp/workspace/JN-AN-1189-ZigBee-HA-Demo/WXKG02LM/Build/OnOffCommandHandler.o
LOAD c:/NXP/bstudio_nxp/workspace/JN-AN-1189-ZigBee-HA-Demo/WXKG02LM/Build/OnOffCommands.o
LOAD c:/NXP/bstudio_nxp/workspace/JN-AN-1189-ZigBee-HA-Demo/WXKG02LM/Build/PollControl.o
LOAD c:/NXP/bstudio_nxp/workspace/JN-AN-1189-ZigBee-HA-Demo/WXKG02LM/Build/PollControlClientCommands.o
LOAD c:/NXP/bstudio_nxp/workspace/JN-AN-1189-ZigBee-HA-Demo/WXKG02LM/Build/PollControlCommandHandler.o
LOAD c:/NXP/bstudio_nxp/workspace/JN-AN-1189-ZigBee-HA-Demo/WXKG02LM/Build/PollControlServerCommands.o
LOAD c:/NXP/bstudio_nxp/workspace/JN-AN-1189-ZigBee-HA-Demo/WXKG02LM/Build/PowerConfiguration.o
LOAD c:/NXP/bstudio_nxp/workspace/JN-AN-1189-ZigBee-HA-Demo/WXKG02LM/Build/Scenes.o
LOAD c:/NXP/bstudio_nxp/workspace/JN-AN-1189-ZigBee-HA-Demo/WXKG02LM/Build/ScenesClientCommands.o
LOAD c:/NXP/bstudio_nxp/workspace/JN-AN-1189-ZigBee-HA-Demo/WXKG02LM/Build/ScenesClusterManagement.o
LOAD c:/NXP/bstudio_nxp/workspace/JN-AN-1189-ZigBee-HA-Demo/WXKG02LM/Build/ScenesCommandHandler.o
LOAD c:/NXP/bstudio_nxp/workspace/JN-AN-1189-ZigBee-HA-Demo/WXKG02LM/Build/ScenesServerCommands.o
LOAD c:/NXP/bstudio_nxp/workspace/JN-AN-1189-ZigBee-HA-Demo/WXKG02LM/Build/ScenesTableManager.o
LOAD c:/NXP/bstudio_nxp/workspace/JN-AN-1189-ZigBee-HA-Demo/WXKG02LM/Build/TC.o
LOAD c:/NXP/bstudio_nxp/workspace/JN-AN-1189-ZigBee-HA-Demo/WXKG02LM/Build/Time.o
LOAD c:/NXP/bstudio_nxp/workspace/JN-AN-1189-ZigBee-HA-Demo/WXKG02LM/Build/BallastConfiguration.o
LOAD c:/NXP/bstudio_nxp/workspace/JN-AN-1189-ZigBee-HA-Demo/WXKG02LM/Build/ColourControl.o
LOAD c:/NXP/bstudio_nxp/workspace/JN-AN-1189-ZigBee-HA-Demo/WXKG02LM/Build/ColourControlClientCommands.o
LOAD c:/NXP/bstudio_nxp/workspace/JN-AN-1189-ZigBee-HA-Demo/WXKG02LM/Build/ColourControlCommandHandler.o
LOAD c:/NXP/bstudio_nxp/workspace/JN-AN-1189-ZigBee-HA-Demo/WXKG02LM/Build/ColourControlConversions.o
LOAD c:/NXP/bstudio_nxp/workspace/JN-AN-1189-ZigBee-HA-Demo/WXKG02LM/Build/colour_dimmable_light.o
LOAD c:/NXP/bstudio_nxp/workspace/JN-AN-1189-ZigBee-HA-Demo/WXKG02LM/Build/colour_dimmer_switch.o
LOAD c:/NXP/bstudio_nxp/workspace/JN-AN-1189-ZigBee-HA-Demo/WXKG02LM/Build/dimmable_light.o
LOAD c:/NXP/bstudio_nxp/workspace/JN-AN-1189-ZigBee-HA-Demo/WXKG02LM/Build/dimmer_switch.o
LOAD c:/NXP/bstudio_nxp/workspace/JN-AN-1189-ZigBee-HA-Demo/WXKG02LM/Build/light_sensor.o
LOAD c:/NXP/bstudio_nxp/workspace/JN-AN-1189-ZigBee-HA-Demo/WXKG02LM/Build/occupancy_sensor.o
LOAD c:/NXP/bstudio_nxp/workspace/JN-AN-1189-ZigBee-HA-Demo/WXKG02LM/Build/on_off_light.o
LOAD c:/NXP/bstudio_nxp/workspace/JN-AN-1189-ZigBee-HA-Demo/WXKG02LM/Build/on_off_light_switch.o
LOAD c:/NXP/bstudio_nxp/workspace/JN-AN-1189-ZigBee-HA-Demo/WXKG02LM/Build/ha.o
LOAD c:/NXP/bstudio_nxp/workspace/JN-AN-1189-ZigBee-HA-Demo/WXKG02LM/Build/door_lock.o
LOAD c:/NXP/bstudio_nxp/workspace/JN-AN-1189-ZigBee-HA-Demo/WXKG02LM/Build/door_lock_controller.o
LOAD c:/NXP/bstudio_nxp/workspace/JN-AN-1189-ZigBee-HA-Demo/WXKG02LM/Build/mains_power_outlet.o
LOAD c:/NXP/bstudio_nxp/workspace/JN-AN-1189-ZigBee-HA-Demo/WXKG02LM/Build/on_off_output.o
LOAD c:/NXP/bstudio_nxp/workspace/JN-AN-1189-ZigBee-HA-Demo/WXKG02LM/Build/on_off_switch.o
LOAD c:/NXP/bstudio_nxp/workspace/JN-AN-1189-ZigBee-HA-Demo/WXKG02LM/Build/plug_control.o
LOAD c:/NXP/bstudio_nxp/workspace/JN-AN-1189-ZigBee-HA-Demo/WXKG02LM/Build/remote_control.o
LOAD c:/NXP/bstudio_nxp/workspace/JN-AN-1189-ZigBee-HA-Demo/WXKG02LM/Build/simple_sensor.o
LOAD c:/NXP/bstudio_nxp/workspace/JN-AN-1189-ZigBee-HA-Demo/WXKG02LM/Build/smart_plug.o
LOAD c:/NXP/bstudio_nxp/workspace/JN-AN-1189-ZigBee-HA-Demo/WXKG02LM/Build/dlist.o
LOAD c:/NXP/bstudio_nxp/workspace/JN-AN-1189-ZigBee-HA-Demo/WXKG02LM/Build/zcl.o
LOAD c:/NXP/bstudio_nxp/workspace/JN-AN-1189-ZigBee-HA-Demo/WXKG02LM/Build/zcl_CustomCommandReceive.o
LOAD c:/NXP/bstudio_nxp/workspace/JN-AN-1189-ZigBee-HA-Demo/WXKG02LM/Build/zcl_CustomCommandSend.o
LOAD c:/NXP/bstudio_nxp/workspace/JN-AN-1189-ZigBee-HA-Demo/WXKG02LM/Build/zcl_PDUbufferReadWrite.o
LOAD c:/NXP/bstudio_nxp/workspace/JN-AN-1189-ZigBee-HA-Demo/WXKG02LM/Build/zcl_PDUbufferReadWriteString.o
LOAD c:/NXP/bstudio_nxp/workspace/JN-AN-1189-ZigBee-HA-Demo/WXKG02LM/Build/zcl_WriteAttributesRequestHandle.o
LOAD c:/NXP/bstudio_nxp/workspace/JN-AN-1189-ZigBee-HA-Demo/WXKG02LM/Build/zcl_WriteAttributesRequestSend.o
LOAD c:/NXP/bstudio_nxp/workspace/JN-AN-1189-ZigBee-HA-Demo/WXKG02LM/Build/zcl_WriteAttributesResponseHandle.o
LOAD c:/NXP/bstudio_nxp/workspace/JN-AN-1189-ZigBee-HA-Demo/WXKG02LM/Build/zcl_attribute.o
LOAD c:/NXP/bstudio_nxp/workspace/JN-AN-1189-ZigBee-HA-Demo/WXKG02LM/Build/zcl_buffer.o
LOAD c:/NXP/bstudio_nxp/workspace/JN-AN-1189-ZigBee-HA-Demo/WXKG02LM/Build/zcl_clusterCommand.o
LOAD c:/NXP/bstudio_nxp/workspace/JN-AN-1189-ZigBee-HA-Demo/WXKG02LM/Build/zcl_command.o
LOAD c:/NXP/bstudio_nxp/workspace/JN-AN-1189-ZigBee-HA-Demo/WXKG02LM/Build/zcl_configureReportingCommandHandle.o
LOAD c:/NXP/bstudio_nxp/workspace/JN-AN-1189-ZigBee-HA-Demo/WXKG02LM/Build/zcl_configureReportingCommandSend.o
LOAD c:/NXP/bstudio_nxp/workspace/JN-AN-1189-ZigBee-HA-Demo/WXKG02LM/Build/zcl_configureReportingResponseHandle.o
LOAD c:/NXP/bstudio_nxp/workspace/JN-AN-1189-ZigBee-HA-Demo/WXKG02LM/Build/zcl_defaultResponse.o
LOAD c:/NXP/bstudio_nxp/workspace/JN-AN-1189-ZigBee-HA-Demo/WXKG02LM/Build/zcl_discoverAttributesExtendedRequestHandle.o
LOAD c:/NXP/bstudio_nxp/workspace/JN-AN-1189-ZigBee-HA-Demo/WXKG02LM/Build/zcl_discoverAttributesExtendedRequestSend.o
LOAD c:/NXP/bstudio_nxp/workspace/JN-AN-1189-ZigBee-HA-Demo/WXKG02LM/Build/zcl_discoverAttributesExtendedResponseHandle.o
LOAD c:/NXP/bstudio_nxp/workspace/JN-AN-1189-ZigBee-HA-Demo/WXKG02LM/Build/zcl_discoverAttributesRequestHandle.o
LOAD c:/NXP/bstudio_nxp/workspace/JN-AN-1189-ZigBee-HA-Demo/WXKG02LM/Build/zcl_discoverAttributesRequestSend.o
LOAD c:/NXP/bstudio_nxp/workspace/JN-AN-1189-ZigBee-HA-Demo/WXKG02LM/Build/zcl_discoverAttributesResponseHandle.o
LOAD c:/NXP/bstudio_nxp/workspace/JN-AN-1189-ZigBee-HA-Demo/WXKG02LM/Build/zcl_discoverCommandsRequestHandle.o
LOAD c:/NXP/bstudio_nxp/workspace/JN-AN-1189-ZigBee-HA-Demo/WXKG02LM/Build/zcl_discoverCommandsRequestSend.o
LOAD c:/NXP/bstudio_nxp/workspace/JN-AN-1189-ZigBee-HA-Demo/WXKG02LM/Build/zcl_discoverCommandsResponseHandle.o
LOAD c:/NXP/bstudio_nxp/workspace/JN-AN-1189-ZigBee-HA-Demo/WXKG02LM/Build/zcl_event.o
LOAD c:/NXP/bstudio_nxp/workspace/JN-AN-1189-ZigBee-HA-Demo/WXKG02LM/Build/zcl_heap.o
LOAD c:/NXP/bstudio_nxp/workspace/JN-AN-1189-ZigBee-HA-Demo/WXKG02LM/Build/zcl_library_options.o
LOAD c:/NXP/bstudio_nxp/workspace/JN-AN-1189-ZigBee-HA-Demo/WXKG02LM/Build/zcl_readAttributesRequestHandle.o
LOAD c:/NXP/bstudio_nxp/workspace/JN-AN-1189-ZigBee-HA-Demo/WXKG02LM/Build/zcl_readAttributesRequestSend.o
LOAD c:/NXP/bstudio_nxp/workspace/JN-AN-1189-ZigBee-HA-Demo/WXKG02LM/Build/zcl_readAttributesResponseHandle.o
LOAD c:/NXP/bstudio_nxp/workspace/JN-AN-1189-ZigBee-HA-Demo/WXKG02LM/Build/zcl_readReportingConfigurationCommandHandle.o
LOAD c:/NXP/bstudio_nxp/workspace/JN-AN-1189-ZigBee-HA-Demo/WXKG02LM/Build/zcl_readReportingConfigurationCommandSend.o
LOAD c:/NXP/bstudio_nxp/workspace/JN-AN-1189-ZigBee-HA-Demo/WXKG02LM/Build/zcl_readReportingConfigurationResponseHandle.o
LOAD c:/NXP/bstudio_nxp/workspace/JN-AN-1189-ZigBee-HA-Demo/WXKG02LM/Build/zcl_reportManager.o
LOAD c:/NXP/bstudio_nxp/workspace/JN-AN-1189-ZigBee-HA-Demo/WXKG02LM/Build/zcl_reportMaths.o
LOAD c:/NXP/bstudio_nxp/workspace/JN-AN-1189-ZigBee-HA-Demo/WXKG02LM/Build/zcl_reportScheduler.o
LOAD c:/NXP/bstudio_nxp/workspace/JN-AN-1189-ZigBee-HA-Demo/WXKG02LM/Build/zcl_reportStringHandling.o
LOAD c:/NXP/bstudio_nxp/workspace/JN-AN-1189-ZigBee-HA-Demo/WXKG02LM/Build/zcl_reportStructure.o
LOAD c:/NXP/bstudio_nxp/workspace/JN-AN-1189-ZigBee-HA-Demo/WXKG02LM/Build/zcl_search.o
LOAD c:/NXP/bstudio_nxp/workspace/JN-AN-1189-ZigBee-HA-Demo/WXKG02LM/Build/zcl_timer.o
LOAD c:/NXP/bstudio_nxp/workspace/JN-AN-1189-ZigBee-HA-Demo/WXKG02LM/Build/zcl_transmit.o
LOAD c:/NXP/bstudio_nxp/sdk/JN-SW-4168/Components/Library\libZPSMAC_Mini_JN516x.a
LOAD c:/NXP/bstudio_nxp/sdk/JN-SW-4168/Components/Library\libOS_JN516x.a
LOAD c:/NXP/bstudio_nxp/sdk/JN-SW-4168/Components/Library\libPWRM_JN516x.a
LOAD c:/NXP/bstudio_nxp/sdk/JN-SW-4168/Components/Library\libZPSTSV_JN516x.a
LOAD c:/NXP/bstudio_nxp/sdk/JN-SW-4168/Components/Library\libAES_SW_JN516x.a
LOAD c:/NXP/bstudio_nxp/sdk/JN-SW-4168/Components/Library\libPDUM_JN516x.a
LOAD c:/NXP/bstudio_nxp/sdk/JN-SW-4168/Components/Library\libZPSAPL_JN516x.a
LOAD c:/NXP/bstudio_nxp/sdk/JN-SW-4168/Components/Library\libRandom_JN516x.a
LOAD c:/NXP/bstudio_nxp/sdk/JN-SW-4168/Components/Library\libPDM_EEPROM_JN516x.a
LOAD c:/NXP/bstudio_nxp/sdk/JN-SW-4168/Components/Library\libDBG_JN516x.a
LOAD c:/NXP/bstudio_nxp/sdk/JN-SW-4168/Components/Library\libZPSNWK_ZED_JN516x.a
LOAD c:/NXP/bstudio_nxp/sdk/JN-SW-4168/Components/Library\libRecal_JN516x.a
LOAD c:/NXP/bstudio_nxp/sdk/JN-SW-4168/Components/Library\libMiniMac_JN5169.a
LOAD c:/NXP/bstudio_nxp/sdk/JN-SW-4168/Components/Library\libMiniMacShim_JN516x.a
LOAD c:/NXP/bstudio_nxp/sdk/JN-SW-4168/Components/Library\libMMAC_JN5169.a
LOAD c:/NXP/bstudio_nxp/sdk/JN-SW-4168/Components/Library\libJPT_JN5169.a
LOAD c:/NXP/bstudio_nxp/sdk/JN-SW-4168/Components/Library\libAes_JN516x.a
LOAD c:/NXP/bstudio_nxp/sdk/JN-SW-4168/Components/Library\libHardwareApi_JN5169.a
LOAD c:/NXP/bstudio_nxp/sdk/JN-SW-4168/Components/Library\libMicroSpecific_JN516x.a
LOAD c:/NXP/bstudio_nxp/sdk/JN-SW-4168/Components/Library\libBoot_JN516x.a
LOAD c:/NXP/bstudio_nxp/sdk/JN-SW-4168/Platform/DK4/Library\libBoardLib_JN516x.a
LOAD c:/nxp/bstudio_nxp/sdk/tools/ba-elf-ba2-r36379/bin/../lib/gcc/ba-elf/4.7.4/../../../../ba-elf/lib/mcpu_jn51xx_sizeopt\libm.a
END GROUP
LOAD c:/nxp/bstudio_nxp/sdk/tools/ba-elf-ba2-r36379/bin/../lib/gcc/ba-elf/4.7.4/../../../../ba-elf/lib/mcpu_jn51xx_sizeopt\libc.a
LOAD c:/nxp/bstudio_nxp/sdk/tools/ba-elf-ba2-r36379/bin/../lib/gcc/ba-elf/4.7.4/mcpu_jn51xx_sizeopt\libgcc.a
LOAD c:/nxp/bstudio_nxp/sdk/tools/ba-elf-ba2-r36379/bin/../lib/gcc/ba-elf/4.7.4/../../../../ba-elf/lib/mcpu_jn51xx_sizeopt\libc.a
                0x0000000000080038                exception_vsr_table = 0x80038
                0x0000000004000000                pSPIflashFncTable = 0x4000000
                0x0000000000000044                restore_state = 0x44
                0x000000000000004a                bZSPIWaitWIPClear = 0x4a
                0x0000000000000050                u16ZSPIflashRDID = 0x50
                0x0000000000000056                u8SelectFlashChipType = 0x56
                0x000000000000005c                memcpy = 0x5c
                0x0000000000000066                vBootFlashProg = 0x66
                [0x00000000000007d0]                __minimum_heap_size = DEFINED (__minimum_heap_size)?__minimum_heap_size:0xd16
                [0x0000000000001770]                __stack_size = DEFINED (__stack_size)?__stack_size:0x800
                0x0000000000000000                _SwConfig = (DEFINED (g_bSWConf_Debug) | (DEFINED (g_bSWConf_AltDebugPort) << 0x1))

.version        0x000000000007fffc        0x4
                0x000000000007fffc        0x4 LONG 0xf03000b

.bir            0x0000000000080000       0x10
                0x0000000000080000                _flash_start = ABSOLUTE (.)
                0x0000000000080000                _flash_beg = ABSOLUTE (.)
                0x0000000000080000        0x4 LONG 0x12345678
                0x0000000000080004        0x4 LONG 0x11223344
                0x0000000000080008        0x4 LONG 0x55667788
                0x000000000008000c        0x1 BYTE 0x8
                0x000000000008000d        0x1 BYTE 0x1
                0x000000000008000e        0x2 SHORT 0x0

.flashheader    0x0000000000080010       0x28
                0x0000000000080010        0x4 LONG 0x0
                0x0000000000080014        0x4 LONG 0x0
                0x0000000000080018        0x4 LONG 0x0
                0x000000000008001c        0x2 SHORT 0x0
                0x000000000008001e        0x2 SHORT 0x0 ABSOLUTE (_SwConfig)
                0x0000000000080020                _enc_start = ABSOLUTE (.)
                0x0000000000080020        0x4 LONG 0x1ce04 ABSOLUTE (_image_len)
                0x0000000000080024        0x4 LONG 0x9c5c8 ABSOLUTE (_flash_data_start)
                0x0000000000080028        0x2 SHORT 0x13 ((ABSOLUTE (_ram_data_start) / 0x4) & 0xffff)
                0x000000000008002a        0x2 SHORT 0x20f ((ABSOLUTE (_ram_data_len) / 0x4) & 0xffff)
                0x000000000008002c        0x2 SHORT 0x222 ((ABSOLUTE (_bss_start) / 0x4) & 0xffff)
                0x000000000008002e        0x2 SHORT 0xe0a ((ABSOLUTE (_bss_len) / 0x4) & 0xffff)
                0x0000000000080030        0x4 LONG 0x9b667 ABSOLUTE (AppWarmStart)
                0x0000000000080034        0x4 LONG 0x9b681 ABSOLUTE (AppColdStart)
                0x0000000000000000                _enc_offset = (_enc_start & 0xf)

.ro_mac_address
                0x0000000000080040        0x0
                0x0000000000080040                _FlsMACAddress = ABSOLUTE (.)
 *(.ro_mac_address)
                0x0000000000080040                . = ALIGN (0x10)

.ro_ota_header  0x0000000000080040        0x0
                0x0000000000080040                _FlsOtaHeader = ABSOLUTE (.)
 *(.ro_ota_header)
                0x0000000000080040                . = ALIGN (0x10)

.ro_se_lnkKey   0x0000000000080040        0x0
                0x0000000000080040                _FlsLinkKey = ABSOLUTE (.)
 *(.ro_se_lnkKey)
                0x0000000000080040                . = ALIGN (0x10)

.rodata         0x0000000000080038      0x918
 *(.rodata*)
 .rodata        0x0000000000080038       0x68 C:\Users\VIRTUA~1\AppData\Local\Temp\ccRPwibK.ltrans0.ltrans.o
                0x0000000000080038                psAplDefaultZLLAPSLinkKey
                0x000000000008003c                gMAC_u8MaxBuffers
                0x0000000000080040                g_u32ApsFcSaveCountBitShift
                0x0000000000080044                u8MaxZpsConfigEp
                0x0000000000080045                au8EpMapPresent
                0x0000000000080048                s_groupPdmTable
 .rodata        0x00000000000800a0       0x38 C:\Users\VIRTUA~1\AppData\Local\Temp\ccRPwibK.ltrans1.ltrans.o
 .rodata.str1.1
                0x00000000000800d8        0x9 C:\Users\VIRTUA~1\AppData\Local\Temp\ccRPwibK.ltrans3.ltrans.o
                                         0x21 (size before relaxing)
 *fill*         0x00000000000800e1        0x3 00
 .rodata        0x00000000000800e4       0x10 C:\Users\VIRTUA~1\AppData\Local\Temp\ccRPwibK.ltrans4.ltrans.o
                0x00000000000800ec                au32UartAddrOffset
 .rodata.str1.1
                0x00000000000800f4        0x3 C:\Users\VIRTUA~1\AppData\Local\Temp\ccRPwibK.ltrans4.ltrans.o
 .rodata.str1.1
                0x0000000000000000        0x3 C:\Users\VIRTUA~1\AppData\Local\Temp\ccRPwibK.ltrans5.ltrans.o
                                          0xf (size before relaxing)
 .rodata        0x00000000000800f7        0x6 C:\Users\VIRTUA~1\AppData\Local\Temp\ccRPwibK.ltrans5.ltrans.o
 .rodata.str1.1
                0x0000000000000000        0x3 C:\Users\VIRTUA~1\AppData\Local\Temp\ccRPwibK.ltrans6.ltrans.o
                                          0x8 (size before relaxing)
 .rodata.str1.1
                0x00000000000800fd       0x15 C:\Users\VIRTUA~1\AppData\Local\Temp\ccRPwibK.ltrans8.ltrans.o
                                         0x24 (size before relaxing)
 .rodata.str1.1
                0x0000000000000000        0x3 C:\Users\VIRTUA~1\AppData\Local\Temp\ccRPwibK.ltrans9.ltrans.o
 *fill*         0x0000000000080112        0x2 00
 .rodata        0x0000000000080114       0x50 C:\Users\VIRTUA~1\AppData\Local\Temp\ccRPwibK.ltrans9.ltrans.o
                0x0000000000080114                pfnCallbackMcps
                0x0000000000080118                g_u32NwkFcSaveCountBitShift
 .rodata.str1.1
                0x0000000000080164        0x5 C:\Users\VIRTUA~1\AppData\Local\Temp\ccRPwibK.ltrans12.ltrans.o
                                         0x17 (size before relaxing)
 *fill*         0x0000000000080169        0x3 00
 .rodata        0x000000000008016c       0x7c C:\Users\VIRTUA~1\AppData\Local\Temp\ccRPwibK.ltrans12.ltrans.o
                0x000000000008016c                bDisableSourceRouting
                0x0000000000080170                zps_pacNwkFrmStdByteFmt
                0x0000000000080174                zps_pacNwkFrmStdLongFmt
                0x0000000000080178                zps_pacNwkFrmStdHalfFmt
                0x000000000008017c                bRxOnOptimisationTurnedOff
 .rodata.str1.1
                0x00000000000801e8       0x31 C:\Users\VIRTUA~1\AppData\Local\Temp\ccRPwibK.ltrans13.ltrans.o
 .rodata.str1.1
                0x0000000000080219       0x40 C:\Users\VIRTUA~1\AppData\Local\Temp\ccRPwibK.ltrans14.ltrans.o
                                         0x65 (size before relaxing)
 *fill*         0x0000000000080259        0x3 00
 .rodata        0x000000000008025c      0x118 C:\Users\VIRTUA~1\AppData\Local\Temp\ccRPwibK.ltrans15.ltrans.o
                0x0000000000080264                s_aprIdleStHandleCme.135893
                0x0000000000080274                s_aprActvStHandleCme.132779
 .rodata        0x0000000000080374      0x118 C:\Users\VIRTUA~1\AppData\Local\Temp\ccRPwibK.ltrans18.ltrans.o
                0x0000000000080374                gu32ZCLVersion
                0x0000000000080378                OS_g_u32Version
                0x000000000008037c                PDUM_g_u32Version
                0x0000000000080380                ZPS_g_u32MacVersion
                0x0000000000080384                ZPS_g_u32TsvVersion
 .rodata.str1.1
                0x000000000008048c       0x23 C:\Users\VIRTUA~1\AppData\Local\Temp\ccRPwibK.ltrans20.ltrans.o
                                         0x3f (size before relaxing)
 *fill*         0x00000000000804af        0x1 00
 .rodata        0x00000000000804b0       0x80 C:\Users\VIRTUA~1\AppData\Local\Temp\ccRPwibK.ltrans21.ltrans.o
 .rodata        0x0000000000080530       0x18 C:\Users\VIRTUA~1\AppData\Local\Temp\ccRPwibK.ltrans22.ltrans.o
                0x0000000000080530                au32NwkPdmRecordOffsets
 .rodata.str1.1
                0x0000000000080548        0x4 C:\Users\VIRTUA~1\AppData\Local\Temp\ccRPwibK.ltrans23.ltrans.o
                                          0x5 (size before relaxing)
 .rodata        0x000000000008054c        0xe C:\Users\VIRTUA~1\AppData\Local\Temp\ccRPwibK.ltrans23.ltrans.o
                0x0000000000080553                u8MyEndpoint
                0x0000000000080554                bPingSent
 .rodata.str1.1
                0x000000000008055a        0x5 C:\Users\VIRTUA~1\AppData\Local\Temp\ccRPwibK.ltrans24.ltrans.o
 .rodata.str1.1
                0x000000000008055f       0x10 C:\Users\VIRTUA~1\AppData\Local\Temp\ccRPwibK.ltrans25.ltrans.o
                                         0x2f (size before relaxing)
 .rodata.str1.1
                0x0000000000000000        0x4 C:\Users\VIRTUA~1\AppData\Local\Temp\ccRPwibK.ltrans26.ltrans.o
 *fill*         0x000000000008056f        0x1 00
 .rodata        0x0000000000080570       0x14 C:\Users\VIRTUA~1\AppData\Local\Temp\ccRPwibK.ltrans26.ltrans.o
                0x0000000000080580                pu64NewMacOverrideMyAddressLocation
 .rodata.str1.1
                0x0000000000000000        0x1 C:\Users\VIRTUA~1\AppData\Local\Temp\ccRPwibK.ltrans29.ltrans.o
 .rodata        0x0000000000080584      0x3cc C:\Users\VIRTUA~1\AppData\Local\Temp\ccRPwibK.ltrans31.ltrans.o
                0x0000000000080584                zps_g_pvApl

.text           0x0000000000080950    0x1bc76
 *(.text*)
 .text          0x0000000000080950     0x1978 C:\Users\VIRTUA~1\AppData\Local\Temp\ccRPwibK.ltrans0.ltrans.o
                0x0000000000080950                vInitialiseApp.3195
                0x0000000000080950                APP_TIMER_Version_1v0
 .text          0x00000000000822c8     0x110b C:\Users\VIRTUA~1\AppData\Local\Temp\ccRPwibK.ltrans1.ltrans.o
                0x00000000000822c8                DBG_iUartGetChar
                0x000000000008237c                vMMAC_IntHandlerBbc
                0x0000000000082396                eBasicTxCompleteHandler
                0x000000000008239b                vTxRxTimeout.142062
                0x00000000000823f8                zps_eNwkHandleSmeOrphanInd
                0x000000000008246a                zps_eNwkHandleSmePollDcfm
                0x0000000000082494                eSmeEdScScanDcfm.134531
                0x00000000000824dd                iPDM_FilterDuplicateAppendedSegmentsOnList.123866
                0x0000000000082521                ZPS_bIsMacAddressUsedInApsTable
                0x00000000000825d7                vSetAddress.4915.constprop.94
                0x0000000000082692                ZPS_eTsvOpen
                0x00000000000826af                zps_vNwkBttMgrInit
                0x00000000000826dd                PDUM_vInit
                0x0000000000082798                vMicroIntEnableOnly.constprop.158
                0x00000000000827c4                vMiniMac_MLME_SetReq_PanId
                0x0000000000082801                vMiniMac_MLME_SetReq_ShortAddr
                0x000000000008280f                vACI_OptimisedCcmStar.constprop.126
                0x00000000000829fa                pvZCL_HeapAlloc.part.0.49051.constprop.68
                0x0000000000082a33                vAHI_WakeTimerStart.part.1.144338.constprop.36
                0x0000000000082a74                vMiniMac_ReturnTxBufferCallback
                0x0000000000082a86                bEnableReceive.142064
                0x0000000000082ac4                pvHeap_Alloc
                0x0000000000082ac7                vMicroIntRestoreState
                0x0000000000082ad3                TSV_eStart
                0x0000000000082b23                bAHI_WriteEEPROMfixSegmentData
                0x0000000000082b81                bAHI_InitialiseEEPROM
                0x0000000000082bc9                vAHI_ReadDataFromEEPROMregister
                0x0000000000082bf6                vAHI_WriteDataIntoEEPROMregister
                0x0000000000082c26                iAHI_WriteDataIntoEEPROMsegment.constprop.135
                0x0000000000082c74                iPDM_WriteSegmentHeaderDataIntoEEPROMsegment
                0x0000000000082ca3                u8AHI_WakeTimerFiredStatus
                0x0000000000082cb7                vAHI_WakeTimerStop.part.3.144350
                0x0000000000082cd7                vAHI_UartReset.part.4.144104
                0x0000000000082d0f                vAHI_OptimiseWaitStates
                0x0000000000082d5b                bAHI_GetClkSource
                0x0000000000082d68                vAHI_SwReset
                0x0000000000082d98                vAHI_DioWakeEnable
                0x0000000000082db8                vAHI_DioSetOutput
                0x0000000000082dcc                vGenericLEDSetOutput
                0x0000000000082e24                vSetThreeLeds.6367
                0x0000000000082e49                vAHI_DioSetDirection
                0x0000000000082e5d                bIssueACIcommand
                0x00000000000830bf                vTransformKey.isra.0.66285
                0x00000000000830ef                MAC_u64GetExtAddr
                0x000000000008310a                ZPS_u64NwkNibFindExtAddr
                0x00000000000831b0                ZPS_u16NwkNibFindNwkAddr
                0x0000000000083251                psSearchForFrameToSend
                0x00000000000832a8                eMiniMac_FrameInProgress
                0x00000000000832d3                vRemoveFromTxQueue
                0x000000000008330f                vAddToTxQueue
                0x0000000000083345                u8GetHeaderSize
                0x000000000008336d                vMiniMac_MLME_SetReq_MaxCsmaBackoffs
                0x000000000008338d                vMiniMac_MLME_SetReq_MaxBe
                0x00000000000833b0                vMiniMac_MLME_SetReq_MinBe
 .text.unlikely
                0x00000000000833d3       0xc8 C:\Users\VIRTUA~1\AppData\Local\Temp\ccRPwibK.ltrans1.ltrans.o
                0x00000000000833e8                vAHI_MemoryHold.143782
 .text          0x000000000008349b     0x145e C:\Users\VIRTUA~1\AppData\Local\Temp\ccRPwibK.ltrans2.ltrans.o
                0x000000000008349b                eSmeASFlBeaconInd.134543
                0x00000000000834bd                eSmeUDNTScanDcfm.133998
                0x00000000000834d9                vNwkMcpsTimerCallback
                0x00000000000834f3                zps_eSceGenlIllegal
                0x00000000000834fa                zps_eSmeGenlIllegal
                0x0000000000083501                DBG_vUartFailedAssert
                0x0000000000083505                psGetVsMcpsBuf.78003
                0x000000000008350e                psGetMlmeBuf.77996
                0x0000000000083555                psGetNlmeBuf.60717
                0x000000000008355f                psGetNldeBuf.60738
                0x0000000000083569                psGetApsmeBuf.60724
                0x0000000000083572                psGetApsdeBuf.60731
                0x0000000000083578                vLoopbackTimerCallback
                0x00000000000835a7                zps_psNwkSlistRemoveFromHead
                0x00000000000835be                zps_psNwkSlistRemove
                0x00000000000835f6                zps_bNwkMcpsMgrRemoveDescrFromLists
                0x0000000000083634                zps_vNwkSlistAddToTail
                0x000000000008364e                ZPS_bNwkSecHaveNetworkKey
                0x0000000000083682                ZPS_bNwkSecFindMatSet
                0x00000000000836be                ZPS_u8NwkNibNtDiscMatch
                0x000000000008377a                zps_vNwkFreeMcpsHandle
                0x00000000000837a4                ZPS_u64NwkNibGetMappedIeeeAddr
                0x00000000000837c6                ZPS_vNwkSecResetDevice
                0x000000000008380b                ZPS_bNwkNibNtActvMatch
                0x00000000000838ba                bCheckNwkAddr
                0x0000000000083903                ZPS_vSetExtendedStatus
                0x0000000000083915                zps_psApsApsAllocateDcfmRecord
                0x0000000000083983                zps_u64NwkLibFromPayload
                0x0000000000083b20                eSmeAcScBeaconInd.134551
                0x0000000000083c28                eSmeUDNTBeaconInd.134527
                0x0000000000083c4b                zps_vNwkLibU64ToPayload
                0x0000000000083c78                zps_vInitBeaconPayload
                0x0000000000083cf4                zps_eNwkDcfmIndPost
                0x0000000000083d16                zps_psNwkDcfmIndGetBuf
                0x0000000000083d38                eSmeGenlScanDcfm.134535
                0x0000000000083d96                eNldeDataDcfm.129768
                0x0000000000083dc6                zps_vSendNwkStatusInd
                0x0000000000083df6                DBG_vInit
                0x0000000000083e38                vPDM_ReadBitmapHeader.123551
                0x0000000000083e57                psSLISTsearch
                0x0000000000083e97                psSLISTremove
                0x0000000000083f15                vSLISTaddToTail
                0x0000000000083f34                psSLISTgetNext
                0x0000000000083f58                u8PDM_CalculateFileSystemCapacity
                0x0000000000083f76                u8PDM_CalculateLargestDataRecordStored
                0x0000000000083fa7                bPDM_ImageBitmapRepairCheck
                0x0000000000083fcf                u8PDM_ReadSequenceNumber
                0x0000000000083ff2                boSegmentNumberDeleteSearchMatch.123121
                0x000000000008400d                u8PDM_ReadSegmentDataSize
                0x0000000000084021                u32PDM_ReadFileSystemHeaderWearCount
                0x0000000000084037                boSearchForWearCountSubstitute.123437
                0x000000000008405d                boSearchForWearCountInsertPoint.122690
                0x000000000008407b                vPDM_WriteFileSystemHeaderWearCount
                0x000000000008408d                RND_u32GetRand256
                0x00000000000840aa                RND_u32GetRand
                0x00000000000840d1                u16CalculateFailedTxCount.93715
                0x00000000000840fb                vZdoIeeeAddrServerSendExtendResponse.part.0.81835
                0x000000000008415c                vZdoNwkAddrServerSendExtendResponse.part.0.80655
                0x00000000000841bd                zps_bAplZdoServerHandleConfirmAcks
                0x0000000000084207                zps_bPerformLeaveActionDecider
                0x000000000008421f                vHandleUpdateDeviceIndication.69807
                0x0000000000084249                u32GetScanChannels.69794
                0x0000000000084274                bDuplicateCheck.66163
                0x0000000000084381                zps_vAplApsInitDuplicateTable
                0x00000000000843a4                bIsBindTableMatch.64731
                0x00000000000843f5                eRemoveEntryInBindingTable.64759
                0x0000000000084474                zps_vAplApsInitFragTransmitPool
                0x0000000000084495                zps_vAplApsFillAndPostApsAck
                0x00000000000844ff                zps_u8AplApsFreeMsgHandle
                0x0000000000084569                zps_vAplApsInitSyncMsgPool
                0x00000000000845a1                zps_vAplApsInitFragReceivePool
                0x00000000000845c4                vFillDataIndStruct.60580
                0x0000000000084622                vFillApduErrorEvent.60573
                0x0000000000084665                bCheckProfile.60568
                0x00000000000846a3                ZPS_bIsGroupPresent
                0x00000000000846db                PDUM_u16APduInstanceWriteStrNBO
                0x000000000008485a                PDUM_eNPduReadHeaderNBO
                0x00000000000848ad                PDUM_u16APduInstanceReadNBO
 .text          0x00000000000848f9     0x10fa C:\Users\VIRTUA~1\AppData\Local\Temp\ccRPwibK.ltrans3.ltrans.o
                0x00000000000848f9                vZdoServersInit.2844
                0x0000000000084a54                boIdValueSearchMatch.122694
                0x0000000000084aae                zps_bAplZdpUnpackResponse
                0x0000000000085731                u8ZdoBindUnbindServerUnpackApdu
                0x0000000000085780                PWRM_vInit
                0x0000000000085812                ZPS_vNwkNibClearTables
                0x0000000000085933                ZPS_vGetDeviceCurrentData.constprop.131
                0x00000000000859b2                sEZ_GetDiscEntry.6948
 .text          0x00000000000859f3      0xd8c C:\Users\VIRTUA~1\AppData\Local\Temp\ccRPwibK.ltrans4.ltrans.o
                0x0000000000085a29                os_vAPP_cbDisableTickTimer
                0x0000000000085a6d                os_vAPP_cbEnableTickTimer
                0x0000000000085aed                vRetryCcaFailure
                0x0000000000085b93                pwrm_PreSleep.3206
                0x0000000000085c37                os_vvISR_SystemController
                0x0000000000085c8f                eOrphanNotificationSent.141705
                0x0000000000085cd8                DBG_vUartInitHardware
                0x0000000000085e15                eCLD_BasicCommandHandler
                0x0000000000085e38                eCLD_OnOffCommandHandler
                0x0000000000085e55                dbg_vPrintfImplNoneVerbose
                0x00000000000862dc                eZCL_SearchForClusterEntry
                0x0000000000086351                eZCL_BuildTransmitAddressStructure
                0x00000000000863be                vEZ_Exit
                0x00000000000864a8                ZPS_bSecDecrypt
                0x00000000000865ba                boPDM_IsBitmapSaturated.123586
                0x0000000000086603                iPDM_SearchForBufferIdInList
                0x0000000000086638                iPDM_SearchForBufferIdInFileSystem
                0x000000000008664b                iPDM_ReadUserDataFromSegmentWithId
                0x0000000000086680                iPDM_SearchForSpecificSegmentInList
                0x00000000000866b2                psGetAndBuildCoordRealignment
                0x000000000008670a                eBuildAndSend.141715
 .text          0x000000000008677f     0x11c5 C:\Users\VIRTUA~1\AppData\Local\Temp\ccRPwibK.ltrans5.ltrans.o
                0x0000000000086a3b                zps_bAplZdoMatchDescServer
                0x0000000000086a4f                zps_bAplZdoNodeDescServer
                0x0000000000086bbb                zps_bAplZdoPowerDescServer
                0x0000000000086cd8                zps_bAplZdoActiveEpServer
                0x0000000000086dc1                zps_bAplZdoSimpleDescServer
                0x0000000000087022                ZPS_bSecEncrypt
                0x00000000000871d8                PDUM_eNPduAllocate
                0x0000000000087247                zps_u8AplApsConstructAndPostLoopBackDataInd.63332
                0x0000000000087380                u8PostUnicastMsgToNHLE.63340
                0x00000000000873b9                PDUM_eNPduClone
                0x0000000000087405                PDUM_eNPduFree
                0x0000000000087472                vPostVsMcpsDcfmInd.78006
                0x0000000000087570                zps_vNwkMcpsMgrFreeReqDescr
                0x00000000000875a2                zps_psAllocateAndFormatMacHdr
                0x000000000008771c                zps_psNwkInitCmdFrame
                0x00000000000877e9                zps_vNwkRemoveConflictedBroadcast
                0x000000000008783b                zps_vNwkMcpsMgrTidyBtrReqDescr
                0x000000000008787f                vNwkBttTimerExpiry.132827
                0x0000000000087908                hZCL_AllocateAPduInstance
 .text          0x0000000000087944      0xcb0 C:\Users\VIRTUA~1\AppData\Local\Temp\ccRPwibK.ltrans6.ltrans.o
                0x0000000000087944                zps_bAplZdoNwkAddrServer
                0x0000000000087ac8                zps_bAplZdoIeeeAddrServer
                0x0000000000087c21                eBeaconReqSent.141709
                0x0000000000087cfb                vPDM_AddFileSystemElementToListInAscendingWearCountOrder
                0x0000000000087e09                iPDM_WriteSegmentHeaderAndData
                0x0000000000088005                eMakeEntryInBindingTable.64777
                0x00000000000880af                eCLD_GroupsSetIdentifying
                0x00000000000880e2                vCLD_IdentifyTimerClickCallback.17346
                0x000000000008817a                vMiniMac_McpsCallback
                0x00000000000883d2                eMcpsTxCompleteHandler.141200
                0x0000000000088400                PWRM_vManagePower
                0x0000000000088576                zps_vSendJoinDcfm
                0x00000000000885bc                vGiveUp.137115
 .text          0x00000000000885f4     0x11c5 C:\Users\VIRTUA~1\AppData\Local\Temp\ccRPwibK.ltrans7.ltrans.o
                0x0000000000088752                zps_eNwkHandleSceRejnResponse
                0x00000000000887bb                eUnsolicitedRejoinRspDataDcfm.126794
                0x00000000000887e6                zps_vAplSaveRecord
                0x0000000000088910                zps_bNwkFindAddIeeeAddr
                0x0000000000088a8e                ZPS_bNwkNibAddrMapAddEntry
                0x0000000000088c55                eCheckAddrConflict.isra.3.126996
                0x0000000000088ceb                vAplSecRemoveLinkKey.69884
                0x0000000000088d68                ZPS_vNwkMacEntriesClear
                0x0000000000088e12                ZPS_vNwkSaveAllRecords
                0x0000000000088e29                zps_vSaveAllZpsRecords
                0x0000000000088e48                ZPS_vSetDevicePreviousData.constprop.14
                0x0000000000089035                ZPS_vNwkNibSetExtPanId
                0x0000000000089059                vFinish.137547
                0x00000000000890a1                ZPS_vNwkNibSetKeySeqNum
                0x00000000000890b6                ZPS_vNwkNibSetDepth
                0x00000000000890df                ZPS_vNwkNibSetPanId
                0x00000000000890fe                vHandleNwkRemoteUpdateAfterBcast.126790
                0x0000000000089179                ZPS_vNwkNibSetCapabilityInfo
                0x00000000000891a7                ZPS_vNtSetUsedStatus
                0x000000000008924e                zps_sNwkNibNtCheckJoin
                0x00000000000894d9                zps_vNwkHandleCmeDirectJoinReq
                0x0000000000089553                zps_vJoinInitNtParent
                0x00000000000896a9                zps_vCheckActvNtForDuplicate
                0x0000000000089741                eSmeOrphScanDcfm.137560
 .text          0x00000000000897b9     0x10b5 C:\Users\VIRTUA~1\AppData\Local\Temp\ccRPwibK.ltrans8.ltrans.o
                0x00000000000897b9                vMcpsMgrTimeoutExpiry
                0x0000000000089828                zps_vNwkMcpsMgrPost
                0x000000000008984c                zps_psSendFrm.constprop.124
                0x0000000000089aa7                ZPS_vNwkHandleNldeReqRsp
                0x0000000000089cb6                eUnfragmentedUnicastTransmission.63315
                0x000000000008a023                zps_eAplSendApsmeCmdFrame
                0x000000000008a1c3                zps_eAplApsmeUpdateDeviceReqRsp.part.4.64888
                0x000000000008a335                zps_vAplApsmeCmdMgrRetryTimeout.64723
                0x000000000008a35e                zps_psNwkSendRejoinReqCmd.constprop.10
                0x000000000008a44a                zps_vNwkHandleCmeLeaveReq
                0x000000000008a4b2                zps_eNwkHandleSceLeave
                0x000000000008a62d                zps_psSendNetworkStatusCmd
                0x000000000008a6a5                zps_eDefaultDataDcfm
                0x000000000008a794                vSendNetworkReport.126786
 *fill*         0x000000000008a86e        0x2 00
 .text          0x000000000008a870      0xd4c C:\Users\VIRTUA~1\AppData\Local\Temp\ccRPwibK.ltrans9.ltrans.o
                0x000000000008a8f8                vSendMlmeCommStatusFromTxFrame
                0x000000000008a94e                MAC_vHandleMlmeVsReqRsp.constprop.144
                0x000000000008b076                ZPS_vNwkHandleNlmeReqRsp
                0x000000000008b0f0                zps_vAplAfPostEvent
                0x000000000008b2d7                zps_bAplZdoMgmtLeaveServer
                0x000000000008b457                vChangeChannelTimerExpiry.93707
                0x000000000008b4c6                eLeaveReset.138533
                0x000000000008b531                eLeaveDataDcfmLocalLeave.138538
 .text          0x000000000008b5bc      0xee0 C:\Users\VIRTUA~1\AppData\Local\Temp\ccRPwibK.ltrans10.ltrans.o
                0x000000000008b5bc                vMcpsMgrExpiry.127642
                0x000000000008b5e4                vAckTimeOutHandler
                0x000000000008b689                vMiniMac_MlmeCallback
                0x000000000008b9c7                vPostFailedAssocDcfm.141076
                0x000000000008b9e5                vAssocReqTimeout1.141064
                0x000000000008bc34                vScanBeaconReceived
                0x000000000008bc73                vPostDcfm.141726
                0x000000000008bce2                vScanNextChannel.141713
                0x000000000008bf0b                vRunningRxCallback
                0x000000000008c21a                ePollReqSent.142317
                0x000000000008c273                ZPS_vNwkNibSetChannel
                0x000000000008c292                zps_u8NwkHandleRejoinReq
                0x000000000008c366                zps_vProcessLocalAddrConflict.part.0.126799
                0x000000000008c3a0                vContinueRejoin.136360
                0x000000000008c447                ZPS_vNwkResetOutgoingFrameCounter
 .text          0x000000000008c49c      0xd30 C:\Users\VIRTUA~1\AppData\Local\Temp\ccRPwibK.ltrans11.ltrans.o
                0x000000000008c49c                os_u32APP_cbGetTickTimer
                0x000000000008c4a5                os_bAPP_cbSetTickTimerCompare
                0x000000000008c5a4                vDispatch.57482
                0x000000000008c676                OS_eStopSWTimer
                0x000000000008c799                vStopTimer.4660
                0x000000000008c7b1                vDQButtonPress.6582
                0x000000000008c7c2                OS_ePostMessage
                0x000000000008c928                OS_eExitCriticalSection
                0x000000000008ca0d                OS_eActivateTask
                0x000000000008caa8                vPostMlmeDcfmInd.77999
                0x000000000008cb4b                PWRM_vWakeInterruptCallback
                0x000000000008cb97                iPDM_ReadSegmentHeaderDataFromEEPROMsegment
                0x000000000008cbf0                iPDM_ReadUserDataFromEEPROMsegment
                0x000000000008cc6a                iPDM_ReCalculateWearCountAndChecksumAndWriteFileSystemHeader
                0x000000000008ccb4                vPDM_SetEEPROMandFileSystemValidState
                0x000000000008ccdb                iPDM_ReadUserDataFromFileSystemRecord
                0x000000000008ccfb                vPDM_WriteFileSystemRecordAndSegmentDataIntoEEPROMsegment
                0x000000000008cd37                u16ZCL_APduInstanceWriteNBO
                0x000000000008cde1                u16ZCL_WriteCommandHeader
                0x000000000008ce59                u16ZCL_APduInstanceReadNBO
                0x000000000008cf3e                u16ZCL_ReadCommandHeader.part.0.41692
                0x000000000008cfb5                u16ZCL_APduInstanceWriteStringNBO
                0x000000000008d07c                u16ZCL_APduInstanceReadStringNBO.part.3.38936
                0x000000000008d155                eZCL_GetAttributeTypeSizeFromBuffer
 .text          0x000000000008d1cc      0xec8 C:\Users\VIRTUA~1\AppData\Local\Temp\ccRPwibK.ltrans12.ltrans.o
                0x000000000008d1cc                zps_eNwkHandleSmeAssocInd
                0x000000000008d332                eTryNextParent
                0x000000000008d471                eSmeAsocAssocDcfm.137714
                0x000000000008d501                eSmeRjPCPollDcfm.137710
                0x000000000008d632                vCheckSleepingSendPoll.137550
                0x000000000008d6b0                vSdeHandleMcpsDataInd.127720
                0x000000000008dd96                ZPS_vNwkNibCheckAndUpdateAddresses
                0x000000000008de32                zps_bAplZdoDeviceAnnceServer
 .text          0x000000000008e094     0x1066 C:\Users\VIRTUA~1\AppData\Local\Temp\ccRPwibK.ltrans13.ltrans.o
                0x000000000008e094                pwrm_Wakeup.3199
                0x000000000008e210                OS_eEnterCriticalSection
                0x000000000008e2d8                PDUM_hAPduAllocateAPduInstance
                0x000000000008e34c                zps_eAplZdoSendZdpResponse
                0x000000000008e395                bSendResponse.92526
                0x000000000008e3d8                PDUM_eAPduFreeAPduInstance
                0x000000000008e45b                zps_bAplZdoSystemServerDiscoveryServer
                0x000000000008e4e4                zps_bAplZdoMgmtLqiServer
                0x000000000008e710                PDM_eReadDataFromRecord.part.0.121933
                0x000000000008e7d1                ZPS_pvNwkCtor.part.0.125832
                0x000000000008eac0                vLoadAplRecord.69834
                0x000000000008eaf4                ZPS_eTsvStart
                0x000000000008eb4f                zps_eNwkHandleSceNwkUpdate
                0x000000000008eb73                vProcessTimedList.127654
                0x000000000008ebb9                zps_vAplAfPostTimerEvent
                0x000000000008ec08                zps_vNwkJoinStStartResponseTimer
                0x000000000008ec41                ZPS_eTsvStop
                0x000000000008ec95                zps_bAplZdoBindRequestServer
                0x000000000008edfc                ZPS_vResetBoundServerContext
                0x000000000008ee5c                vZdoBdrmBackStopTimerExpiry
                0x000000000008ee81                zps_eAplZdoBdrmRequestSend
                0x000000000008ef1e                zps_eNwkBtrMatch
                0x000000000008efab                zps_vAplApsStopPollTimer.part.3.63219
                0x000000000008f02c                eZCL_SetReceiveEventAddressStructure
                0x000000000008f0ab                DBG_vDumpStack
                0x000000000008f0ed                vUnclaimedInterrupt
 .text          0x000000000008f0fa      0xe18 C:\Users\VIRTUA~1\AppData\Local\Temp\ccRPwibK.ltrans14.ltrans.o
                0x000000000008f0fa                zps_bAplZdoDefaultServer
                0x000000000008f35b                zps_eZdpNodeDescResponse
                0x000000000008f403                zps_eZdpSimpleDescResponse
                0x000000000008f510                zps_bAplZdoMgmtNWKUpdateServer
                0x000000000008f880                zps_eZdpNwkAddrResponse
                0x000000000008f963                zps_eZdpIeeeAddrResponse
                0x000000000008fa46                zps_eZdpPowerDescResponse
                0x000000000008fae3                zps_eZdpActiveEpResponse
                0x000000000008fb79                zps_eZdpMatchDescResponse
                0x000000000008fc0f                zps_eZdpSystemServerDiscoveryResponse
                0x000000000008fc7e                zps_eAplZdpMgmtLqiResponse
                0x000000000008fe18                zps_bAplZdoZdoClient
 *fill*         0x000000000008ff12        0x2 00
 .text          0x000000000008ff14      0xdc8 C:\Users\VIRTUA~1\AppData\Local\Temp\ccRPwibK.ltrans15.ltrans.o
                0x000000000008ff14                os_vzps_taskZPS
                0x0000000000090131                vBbcIntHandler.140760
                0x00000000000903fa                os_vzps_isrMAC
                0x0000000000090439                eAssocRespSent.141068
                0x000000000009052a                eRejoinRspDataDcfm.136364
                0x00000000000906aa                zps_vNwkHandleCmeSyncReq
                0x000000000009073f                zps_vNwkHandleCmeNwkDiscReq
                0x00000000000907b9                zps_vNwkHandleCmeEdScanReq
                0x000000000009097c                zps_vNwkHandleCmeNwkJoinReq
                0x0000000000090c54                zps_vNwkHandleCmeNwkActvJoinReq
                0x0000000000090c60                vHandleRejoinExpiry.137111
                0x0000000000090ca8                zps_eRejoinDataDcfm
 .text          0x0000000000090cdc      0xcb0 C:\Users\VIRTUA~1\AppData\Local\Temp\ccRPwibK.ltrans16.ltrans.o
                0x0000000000090dc8                vIncrementFrameCounterInPdm.isra.0.128990
                0x0000000000090fa7                vProcessListsForSubmission.127740
                0x0000000000091363                zps_eNwkHandleSdeActvDcfmData
                0x0000000000091445                PDM_vDeleteAllDataRecords
                0x00000000000914c2                iPDM_VerifyDataSequenceWithBufferId
                0x0000000000091564                vHandleJoinAndRejoinNWK.part.3.4925
                0x00000000000915d3                zps_eAplApsmeBindReqRsp
                0x00000000000916ad                zps_eAplApsmeUnBindReqRsp
                0x0000000000091713                zps_psFindKeyDescr
                0x000000000009183f                zps_eAplSecEncryptPacket
                0x0000000000091931                vHandleJoinedNwk.6976
 *fill*         0x000000000009198c        0x0 00
 .text          0x000000000009198c      0xc6c C:\Users\VIRTUA~1\AppData\Local\Temp\ccRPwibK.ltrans17.ltrans.o
                0x000000000009198c                vAplSecAuthPollTimerExpiry.69784
                0x00000000000919de                os_vAPP_PollTask
                0x0000000000091a97                vAplSecAuthTimerExpiry.69788
                0x0000000000091cde                vPostApsdeDcfmInd.60734
                0x0000000000091f03                zps_vHandleApsdeDataFragIndNotSupported
                0x0000000000091f6c                eJoinNetwork.69847
                0x0000000000092017                eDiscoverNetworks.69853
                0x000000000009206d                eStartNetworkDiscovery.69859
                0x00000000000920d1                eStartRouter.70085
                0x00000000000921a3                vPostApsmeDcfmInd.60727
 .text          0x00000000000925f8      0xfb6 C:\Users\VIRTUA~1\AppData\Local\Temp\ccRPwibK.ltrans18.ltrans.o
                0x000000000009270b                os_bDummyMemberCheck.57492
                0x0000000000092710                os_vDefaultErrorHook.57488
                0x000000000009273a                vOSError
                0x000000000009273d                eCLD_LevelControlCommandHandler
                0x0000000000092742                APP_ZCL_cbGeneralCallback.6364
                0x0000000000092745                os_vAPP_SleepTask
                0x0000000000092748                bHandleZdoLeaveRequest.4646
                0x0000000000092775                vfExtendedStatusCallBack.3192
                0x0000000000092778                os_bStrictCheck.1358
                0x0000000000092b49                pdum_u16ReadNBO
                0x0000000000092caa                PDUM_u16SizeNBO
                0x0000000000092d08                PDUM_u16APduInstanceWriteNBO
                0x0000000000092d72                PDUM_thAPduInstanceGetApdu
                0x0000000000092d8d                PDUM_eAPduInstanceSetPayloadSize
                0x0000000000092db5                PDUM_eNPduWriteDataFromBuffer
                0x0000000000092e0f                PDUM_eNPduWriteDataToBuffer
                0x0000000000092e6d                PDUM_eNPduWriteFromBuffer
                0x0000000000092e96                PDUM_eNPduDescend
                0x0000000000092ebc                PDUM_eNPduAscend
                0x0000000000092ee2                PDUM_eNPduClaimData
                0x0000000000092f4f                PDUM_eNPduAppendDataNBO
                0x0000000000092fac                PDUM_eNPduClaimHeader
                0x0000000000092fcf                PDUM_eNPduPrependHeaderNBO
                0x000000000009302a                PDUM_eNPduInitDescending
                0x0000000000093045                OS_eCollectMessage
                0x000000000009310a                OS_eGetSWTimerStatus
                0x000000000009314c                eExpireSWTimer.57501
                0x00000000000931b7                eZCL_SearchForAttributeEntry
                0x0000000000093253                eZCL_SearchForEPentry
                0x000000000009329b                eZCL_SearchForEPentryAndCheckManufacturerId
                0x00000000000932d9                vZCL_PassEventToUser
                0x0000000000093306                eZCL_BuildClientTransmitAddressStructure
                0x0000000000093337                eZCL_GetAttributeTypeSize
                0x0000000000093356                u8ZCL_GetAttributeAllignToFourBytesBoundary
                0x000000000009336b                pvZCL_GetAttributePointer
                0x00000000000933e1                u16ZCL_GetStringStructureSize
                0x000000000009341e                u16ZCL_GetStringAttributeTypeSizeFromBuffer
                0x000000000009348f                u16ZCL_GetStringSizeAndBufferFromStructure
                0x000000000009351e                vZCL_InitializeClusterInstance
                0x0000000000093533                boDLISTisEmpty
                0x000000000009354b                psDLISTremove
 *fill*         0x00000000000935ae        0x2 00
 .text          0x00000000000935b0      0xbd8 C:\Users\VIRTUA~1\AppData\Local\Temp\ccRPwibK.ltrans19.ltrans.o
                0x00000000000935b0                vZCL_EventHandler
 .text          0x0000000000094188      0xbe7 C:\Users\VIRTUA~1\AppData\Local\Temp\ccRPwibK.ltrans20.ltrans.o
                0x0000000000094188                ZPS_vAplHandleApsdeReqRsp
                0x00000000000945ab                zps_eAplZdpApsdeReqInternal
                0x000000000009461a                eSendDeviceAnnounce.96366
                0x000000000009471d                zps_eAplZdpRequestApsdeReq
                0x000000000009479d                vSendMatchDesc.4967.constprop.24
                0x000000000009487d                vEZ_SimpleDescriptorSend.7601
                0x00000000000948f9                APP_ZCL_cbEndpointCallback.6361
                0x0000000000094a6d                zps_bAplZdoMgmtBindServer
                0x0000000000094cae                zps_eAplZdpBindResponse
                0x0000000000094ccf                zps_eZdpUnbindResponse
                0x0000000000094cf0                zps_eZdpMgmtLeaveResponse
                0x0000000000094d11                eCLD_IdentifyRegisterTimeServer.part.0.17353
 .text          0x0000000000094d6f      0xf18 C:\Users\VIRTUA~1\AppData\Local\Temp\ccRPwibK.ltrans21.ltrans.o
                0x0000000000094d6f                DBG_vUartFlush
                0x0000000000094d9c                DBG_vUartPutch
                0x0000000000094de2                psGetTxFrameBuffer
                0x0000000000094e21                vMMAC_RadioToOffAndWait
                0x0000000000094e3e                vStartReceive
                0x0000000000094e5b                vSetChannelAndPower
                0x000000000009513e                vMiniMac_NextTransaction
                0x00000000000951a8                eTransmit
                0x00000000000952b3                vMiniMac_TxComplete
                0x00000000000953a4                vTimerFired
                0x0000000000095473                vMiniMac_Init
                0x000000000009583c                OS_eStartSWTimer.constprop.147
                0x000000000009595b                vStopStartModeChangeTimer.6605.constprop.96
                0x0000000000095993                vWakeCallBack
                0x00000000000959b6                vStartStopTimer
                0x00000000000959e1                vLoadKeepAliveTime.4922.constprop.48
                0x0000000000095a39                vReloadSleepTimers
                0x0000000000095a4a                OS_eContinueSWTimer.constprop.18
                0x0000000000095b43                os_vAPP_ButtonsScanTask
                0x0000000000095c26                vStopAllTimers.4664
 .text          0x0000000000095c87      0xaef C:\Users\VIRTUA~1\AppData\Local\Temp\ccRPwibK.ltrans22.ltrans.o
                0x0000000000095c87                vPDM_MoveAllDataFromListToList
                0x0000000000095cc5                vPDM_MoveAllDataWithBufferIdAndStateFromListToList
                0x0000000000095d50                vPDM_MoveAllDataToDeAllocList
                0x0000000000095d78                vPDM_MoveAllDataWithBufferIdFromListToList
                0x0000000000095dfd                vPDM_DeleteAllSegmentsWithIdFromFileSystemList.constprop.60
                0x0000000000095e3f                vPDM_MoveFileRecordFromListToList
                0x0000000000095e63                vPDM_MoveRecordToDeAllocList
                0x0000000000095e83                vPDM_DeleteAppendedSequence
                0x0000000000095f28                iPDM_SegmentCopyAndAppendData.constprop.132
                0x0000000000095f85                iPDM_ReconstructReplacedDataTable
                0x0000000000096204                PDM_eSaveRecordData
                0x0000000000096639                ZPS_vNwkSaveRecord
                0x0000000000096665                ZPS_vNwkSaveNt
                0x0000000000096678                zps_vTidyActvNtAfterJoin
                0x0000000000096702                ZPS_vNwkSaveSecMat
                0x0000000000096715                vPDM_ImageBitmapRepair.122609
 *fill*         0x0000000000096776        0x2 00
 .text          0x0000000000096778      0xad8 C:\Users\VIRTUA~1\AppData\Local\Temp\ccRPwibK.ltrans23.ltrans.o
                0x0000000000096d26                vApp_ProcessKeyCombination
                0x0000000000096e7f                os_vAPP_ZHA_Switch_Task
 .text          0x0000000000097250      0xbec C:\Users\VIRTUA~1\AppData\Local\Temp\ccRPwibK.ltrans24.ltrans.o
                0x000000000009730b                vZdoBdrmSendNextTimedRequest
                0x00000000000977ab                zps_bAplZdoBindUnbindServer
                0x0000000000097a8f                eZCL_TransmitDataRequest
 .text          0x0000000000097e3c      0xc8c C:\Users\VIRTUA~1\AppData\Local\Temp\ccRPwibK.ltrans25.ltrans.o
                0x000000000009802f                vPostNldeDcfmInd.60741
 .text          0x0000000000098ac8      0xc04 C:\Users\VIRTUA~1\AppData\Local\Temp\ccRPwibK.ltrans26.ltrans.o
                0x0000000000098ac8                vStartScanTimerExpiry.93711
                0x0000000000098b04                zps_vAplApsPollTimer
                0x0000000000098b60                zps_eNwkSendJoinResponse
                0x0000000000098db5                zps_eProcessAddrConflict
                0x0000000000098f62                zps_eNwkHandleSceNwkStatus
                0x0000000000099076                zps_eAplZdoStartStack
                0x00000000000991b1                zps_eAplZdoRejoinNetwork
                0x000000000009922c                vEZ_ReJoin
                0x0000000000099356                vEZ_EZModeNWKJoinHandler
                0x00000000000996bf                os_vAPP_PingTimerTask
 .text          0x00000000000996cc      0xad8 C:\Users\VIRTUA~1\AppData\Local\Temp\ccRPwibK.ltrans27.ltrans.o
                0x00000000000996cc                eZCL_SendDefaultResponse
                0x00000000000997cb                vZCL_HandleAttributesWriteRequest
                0x0000000000099c5b                eZCL_CustomCommandReceive
                0x0000000000099eb6                eCLD_GroupsCommandHandler
                0x0000000000099fd1                eCLD_ScenesCommandHandler
 .text          0x000000000009a1a4      0x83c C:\Users\VIRTUA~1\AppData\Local\Temp\ccRPwibK.ltrans28.ltrans.o
                0x000000000009a1a4                eRejoinNetwork.69821
                0x000000000009a242                vPostNlmeDcfmInd.60720
                0x000000000009a92d                vEZ_JoinSavedNetwork.6982
                0x000000000009a9be                vHandleJoinFailed.7200
 .text          0x000000000009a9e0      0x757 C:\Users\VIRTUA~1\AppData\Local\Temp\ccRPwibK.ltrans29.ltrans.o
                0x000000000009a9e0                eCLD_IdentifyCommandHandler
                0x000000000009ab2d                eStartEZInitiator.7587.constprop.110
                0x000000000009abb8                vAppRecallSceneById
                0x000000000009ac21                vAppStoreSceneById
                0x000000000009ac86                vAppOnOff
                0x000000000009acca                vAppLevelStop
                0x000000000009ad06                vAppLevelMove.constprop.87
                0x000000000009ad79                os_vAPP_tskDelayedButtonAction
                0x000000000009adb5                vAppIdentify.constprop.92
                0x000000000009ade8                vSetTheNextLightIdentify
                0x000000000009ae15                os_vAPP_CommissionTimerTask
                0x000000000009ae9a                vBindCluster.8016.constprop.21
 .text          0x000000000009b137      0x530 C:\Users\VIRTUA~1\AppData\Local\Temp\ccRPwibK.ltrans30.ltrans.o
                0x000000000009b137                os_vZCL_Task
                0x000000000009b375                eZCL_CustomCommandSend.constprop.112
                0x000000000009b5f0                eCLD_IdentifyCommandIdentifyRequestSend
                0x000000000009b61b                vEZ_EZModeCb
 .text          0x000000000009b667      0x464 C:\Users\VIRTUA~1\AppData\Local\Temp\ccRPwibK.ltrans31.ltrans.o
                0x000000000009b667                AppWarmStart
                0x000000000009b681                AppColdStart
                0x000000000009b90a                os_vUnclaimedInterrupt
                0x000000000009b91c                os_vControlledIntCheck
                0x000000000009b961                os_vControlledInterrupt
                0x000000000009b99a                os_vAPP_isrTickTimer
                0x000000000009ba8a                os_vAPP_isrIllegalInstruction
                0x000000000009ba97                os_vAPP_isrAlignmentException
                0x000000000009baa4                os_vAPP_isrBusErrorException
                0x000000000009bab1                os_vAPP_isrUnimplementedModuleException
                0x000000000009babe                os_vAPP_isrStackOverflowException
 .text          0x000000000009bacb       0x25 c:/nxp/bstudio_nxp/sdk/tools/ba-elf-ba2-r36379/bin/../lib/gcc/ba-elf/4.7.4/../../../../ba-elf/lib/mcpu_jn51xx_sizeopt\libc.a(lib_a-memcmp.o)
                0x000000000009bacb                memcmp
 .text          0x000000000009baf0       0x19 c:/nxp/bstudio_nxp/sdk/tools/ba-elf-ba2-r36379/bin/../lib/gcc/ba-elf/4.7.4/../../../../ba-elf/lib/mcpu_jn51xx_sizeopt\libc.a(lib_a-memcpy.o)
 .text          0x000000000009bb09       0x12 c:/nxp/bstudio_nxp/sdk/tools/ba-elf-ba2-r36379/bin/../lib/gcc/ba-elf/4.7.4/../../../../ba-elf/lib/mcpu_jn51xx_sizeopt\libc.a(lib_a-memset.o)
                0x000000000009bb09                memset
 *fill*         0x000000000009bb1b        0x1 00
 .text          0x000000000009bb1c      0x204 c:/nxp/bstudio_nxp/sdk/tools/ba-elf-ba2-r36379/bin/../lib/gcc/ba-elf/4.7.4/mcpu_jn51xx_sizeopt\libgcc.a(__udivsi3.o)
                0x000000000009bb1c                __udivsi3
 .text          0x000000000009bd20      0x1b0 c:/nxp/bstudio_nxp/sdk/tools/ba-elf-ba2-r36379/bin/../lib/gcc/ba-elf/4.7.4/mcpu_jn51xx_sizeopt\libgcc.a(__umodsi3.o)
                0x000000000009bd20                __umodsi3
 .text          0x000000000009bed0       0x24 c:/nxp/bstudio_nxp/sdk/tools/ba-elf-ba2-r36379/bin/../lib/gcc/ba-elf/4.7.4/mcpu_jn51xx_sizeopt\libgcc.a(__modsi3.o)
                0x000000000009bed0                __modsi3
 .text          0x000000000009bef4      0x350 c:/nxp/bstudio_nxp/sdk/tools/ba-elf-ba2-r36379/bin/../lib/gcc/ba-elf/4.7.4/mcpu_jn51xx_sizeopt\libgcc.a(_udivdi3.o)
                0x000000000009bef4                __udivdi3
 *fill*         0x000000000009c244        0x4 00
 .text          0x000000000009c248      0x168 c:/NXP/bstudio_nxp/workspace/JN-AN-1189-ZigBee-HA-Demo/WXKG02LM/Build/os_irq.o
                0x000000000009c248                os_ExternalException_W
                0x000000000009c28c                os_PIC_ChannelPriorities
                0x000000000009c29c                os_OSMIUM_HwVectTable
                0x000000000009c2d8                os_PIC_SwVectTable
 .text          0x000000000009c3b0       0x29 c:/NXP/bstudio_nxp/workspace/JN-AN-1189-ZigBee-HA-Demo/WXKG02LM/Build/os_irq_alignment.o
                0x000000000009c3b0                IRQ_Alignment
 .text          0x000000000009c3d9       0x29 c:/NXP/bstudio_nxp/workspace/JN-AN-1189-ZigBee-HA-Demo/WXKG02LM/Build/os_irq_buserror.o
                0x000000000009c3d9                IRQ_BusError
 .text          0x000000000009c402       0x29 c:/NXP/bstudio_nxp/workspace/JN-AN-1189-ZigBee-HA-Demo/WXKG02LM/Build/os_irq_illegalinstruction.o
                0x000000000009c402                IRQ_IllegalInstruction
 .text          0x000000000009c42b       0x29 c:/NXP/bstudio_nxp/workspace/JN-AN-1189-ZigBee-HA-Demo/WXKG02LM/Build/os_irq_stackoverflowexception.o
                0x000000000009c42b                IRQ_StackOverflowException
 .text          0x000000000009c454       0x29 c:/NXP/bstudio_nxp/workspace/JN-AN-1189-ZigBee-HA-Demo/WXKG02LM/Build/os_irq_unimplementedmodule.o
                0x000000000009c454                IRQ_UnimplementedModule
 *fill*         0x000000000009c47d        0x3 00
 .text          0x000000000009c480       0xc0 c:/NXP/bstudio_nxp/sdk/JN-SW-4168/Components/Library\libOS_JN516x.a(os_contirq_JN516x.o)
                0x000000000009c480                os_ExternalException_R
                0x000000000009c4b0                os_CFunc_W
                0x000000000009c500                os_UnclaimedException_W
                0x000000000009c520                os_UnclaimedInterrupt_W
 .text          0x000000000009c540       0x48 c:/NXP/bstudio_nxp/sdk/JN-SW-4168/Components/Library\libPWRM_JN516x.a(pwrm_setjmp_JN516x.o)
                0x000000000009c540                setjmp
                0x000000000009c564                PWRM_longjmp
 .text          0x000000000009c588       0x27 c:/NXP/bstudio_nxp/sdk/JN-SW-4168/Components/Library\libHardwareApi_JN5169.a(AHI_Interrupt.o)
                0x000000000009c588                vAHI_InterruptSetPriority
                0x000000000009c5a6                vAHI_InterruptSetActivePriorityLevel
 .text.vMicroSyscall
                0x000000000009c5af       0x17 c:/NXP/bstudio_nxp/sdk/JN-SW-4168/Components/Library\libMicroSpecific_JN516x.a(MicroSyscall_ba.o)
                0x000000000009c5af                vMicroSyscall
 .text          0x000000000009c5c6        0x0 c:/NXP/bstudio_nxp/sdk/JN-SW-4168/Components/Library\libOS_JN516x.a(os_version_lc.o)
                0x000000000009c5c6                OS_Version_1v2
 .text          0x000000000009c5c6        0x0 c:/NXP/bstudio_nxp/sdk/JN-SW-4168/Components/Library\libZPSAPL_JN516x.a(zps_apl_version_lc.o)
                0x000000000009c5c6                ZPS_APL_Version_2v0
 .text          0x000000000009c5c6        0x0 c:/NXP/bstudio_nxp/sdk/JN-SW-4168/Components/Library\libZPSNWK_ZED_JN516x.a(zps_nwk_version_lc.o)
                0x000000000009c5c6                ZPS_NWK_Version_2v0
                0x000000000009c5c6                _flash_end = ABSOLUTE (.)

.rela.dyn       0x000000000009c5c8        0x0
 .rela.text     0x0000000000000000        0x0 c:/NXP/bstudio_nxp/workspace/JN-AN-1189-ZigBee-HA-Demo/WXKG02LM/Build/os_irq.o
 .rela.data     0x0000000000000000        0x0 c:/NXP/bstudio_nxp/workspace/JN-AN-1189-ZigBee-HA-Demo/WXKG02LM/Build/os_irq.o
 .rela.rodata   0x0000000000000000        0x0 c:/NXP/bstudio_nxp/workspace/JN-AN-1189-ZigBee-HA-Demo/WXKG02LM/Build/os_irq.o
                0x000000000400004c                . = ORIGIN (ram)

.data           0x000000000400004c      0x83c load address 0x000000000009c5c8
                0x000000000400004c                _ram_data_start = ABSOLUTE (.)
 *(.data*)
 .data          0x000000000400004c       0x7c C:\Users\VIRTUA~1\AppData\Local\Temp\ccRPwibK.ltrans0.ltrans.o
                0x000000000400004c                u32DefaultChannelMask.7530
                0x0000000004000050                u8MiniMacConfig_MaxConcurrentAssocResponses
                0x0000000004000054                psShadowRxBuffer
 .data          0x00000000040000c8        0x4 C:\Users\VIRTUA~1\AppData\Local\Temp\ccRPwibK.ltrans1.ltrans.o
                0x00000000040000c8                u32HeapStart
 .data          0x00000000040000cc        0x1 C:\Users\VIRTUA~1\AppData\Local\Temp\ccRPwibK.ltrans4.ltrans.o
 *fill*         0x00000000040000cd        0x1 00
 .data          0x00000000040000ce        0x6 C:\Users\VIRTUA~1\AppData\Local\Temp\ccRPwibK.ltrans6.ltrans.o
 .data          0x00000000040000d4        0x4 C:\Users\VIRTUA~1\AppData\Local\Temp\ccRPwibK.ltrans7.ltrans.o
                0x00000000040000d4                bCanLoopback.63568
 .data          0x00000000040000d8        0x1 C:\Users\VIRTUA~1\AppData\Local\Temp\ccRPwibK.ltrans15.ltrans.o
 *fill*         0x00000000040000d9        0x3 00
 .data          0x00000000040000dc      0x184 C:\Users\VIRTUA~1\AppData\Local\Temp\ccRPwibK.ltrans18.ltrans.o
                0x00000000040000dc                s_asapduZCLInstances
                0x0000000004000190                s_asapduZDPInstances
 .data          0x0000000004000260        0x3 C:\Users\VIRTUA~1\AppData\Local\Temp\ccRPwibK.ltrans21.ltrans.o
 .data          0x0000000004000263        0x2 C:\Users\VIRTUA~1\AppData\Local\Temp\ccRPwibK.ltrans30.ltrans.o
                0x0000000004000263                u8DeepSleepTime.5866
                0x0000000004000264                u8KeepAliveTime.5863
 *fill*         0x0000000004000265        0x3 00
 .data          0x0000000004000268      0x608 C:\Users\VIRTUA~1\AppData\Local\Temp\ccRPwibK.ltrans31.ltrans.o
                0x0000000004000268                os_Mutex_mutexMAC
                0x0000000004000270                os_Mutex_mutexZPS
                0x0000000004000278                s_sApl.2894
                0x00000000040003c8                os_SWTimer_APP_cntrTickTimer_APP_ButtonsScanTimer
                0x00000000040003e4                os_Message_APP_msgZpsEvents_ZCL
                0x0000000004000408                os_SWTimer_APP_cntrTickTimer_APP_TickTimer
                0x0000000004000424                os_SWTimer_APP_cntrTickTimer_APP_CommissionTimer
                0x0000000004000440                os_Message_APP_msgZpsEvents
                0x0000000004000464                os_Message_APP_msgEvents
                0x0000000004000488                os_SWTimer_APP_cntrTickTimer_APP_JoinTimer
                0x00000000040004a4                os_SWTimer_APP_cntrTickTimer_APP_BackOffTimer
                0x00000000040004c0                os_SWTimer_APP_cntrTickTimer_App_EZFindAndBindTimer
                0x00000000040004dc                os_SWTimer_APP_cntrTickTimer_App_ChangeModeTimer
                0x00000000040004f8                os_Message_zps_msgMlmeDcfmInd
                0x000000000400051c                os_Message_zps_msgTimeEvents
                0x0000000004000540                os_Message_zps_msgMcpsDcfmInd
                0x0000000004000564                os_Message_zps_msgMcpsDcfm
                0x0000000004000588                os_SWTimer_APP_cntrTickTimer_APP_PollTimer
                0x00000000040005a4                os_SWTimer_APP_cntrTickTimer_APP_tmrButtonDelayTimer
                0x00000000040005c0                os_SWTimer_APP_cntrTickTimer_App_PingTimer
                0x00000000040005dc                os_Task_APP_ButtonsScanTask
                0x00000000040005e8                os_Task_ZCL_Task
                0x00000000040005f4                os_Task_APP_CommissionTimerTask
                0x0000000004000600                os_Task_APP_ZHA_Switch_Task
                0x000000000400060c                os_Task_APP_SleepTask
                0x0000000004000618                os_Task_zps_taskZPS
                0x0000000004000624                os_Task_APP_PollTask
                0x0000000004000630                os_Task_APP_tskDelayedButtonAction
                0x000000000400063c                os_Task_APP_PingTimerTask
                0x0000000004000648                u8AhiBaudRate.123966
                0x000000000400064c                s_prbMemberCheck.57608
                0x0000000004000650                s_prvErrorHook.57606
 .data.s_asAPduPool
                0x0000000004000870       0x18 c:/NXP/bstudio_nxp/workspace/JN-AN-1189-ZigBee-HA-Demo/WXKG02LM/Build/pdum_apdu.o
                0x0000000004000870                pdum_apduZDP
                0x0000000004000870                s_asAPduPool
                0x000000000400087c                pdum_apduZCL
 *(.data.*)
                0x0000000004000888                . = ALIGN (0x4)
                0x0000000004000888                _ram_data_end = ABSOLUTE (.)

.bss            0x0000000004000888     0x3828 load address 0x000000000009ce04
                0x0000000004000888                _bss_start = ABSOLUTE (.)
 *(.bss*)
 .bss           0x0000000004000888      0x7d8 C:\Users\VIRTUA~1\AppData\Local\Temp\ccRPwibK.ltrans0.ltrans.o
                0x0000000004000888                gu16NumberOfSegments.144713
                0x000000000400088c                pfExtendedStatusCallBack.126318
                0x0000000004000890                s_u32x.121706
                0x0000000004000894                s_prExpireFn.145759
                0x0000000004000898                s_hMutex.145758
                0x000000000400089c                pvRxStore
                0x00000000040008a0                pvTxStore
                0x00000000040008a4                g_pvAplHandle
                0x00000000040008a8                s_hMacMutex
                0x00000000040008ac                s_sDcfmIndMgr.145523
                0x00000000040008b4                prAppMlmeGetBuffer
                0x00000000040008b8                prAppMlmeCallback
                0x00000000040008bc                zps_psNwk
                0x00000000040008c0                u8MiniMac_RunTimeOptions
                0x00000000040008c4                sMiniMacPib
                0x0000000004000960                sBeaconFilter.7526
                0x000000000400096c                psZCL_Common
                0x0000000004000970                bTimerRegistered.9614.17405
                0x0000000004000978                sSwitch
                0x0000000004000cb8                u16GroupId
                0x0000000004000cc0                sEZModeData.7524
                0x0000000004000d48                psPDM_Common
                0x0000000004000d4c                prvZdoLeaveActionDecider
                0x0000000004000d50                sDeviceDesc
 .bss           0x0000000004001060      0xc0c C:\Users\VIRTUA~1\AppData\Local\Temp\ccRPwibK.ltrans1.ltrans.o
 .bss           0x0000000004001c6c       0x40 C:\Users\VIRTUA~1\AppData\Local\Temp\ccRPwibK.ltrans2.ltrans.o
 .bss           0x0000000004001cac       0x28 C:\Users\VIRTUA~1\AppData\Local\Temp\ccRPwibK.ltrans3.ltrans.o
 .bss           0x0000000004001cd4       0x18 C:\Users\VIRTUA~1\AppData\Local\Temp\ccRPwibK.ltrans4.ltrans.o
                0x0000000004001cd4                sStoredMacData.140892
                0x0000000004001cdc                vFlushFn.124054
                0x0000000004001ce0                vPutchFn.124049
 .bss           0x0000000004001cec       0x48 C:\Users\VIRTUA~1\AppData\Local\Temp\ccRPwibK.ltrans5.ltrans.o
                0x0000000004001cec                s_psNPduPoolEnd.57891
                0x0000000004001cf0                s_psNPduPoolStart.57890
                0x0000000004001cf4                u8MaxNpdu.57889
                0x0000000004001cf5                u8Count.57888
                0x0000000004001cf8                s_psFreeListHead.57887
                0x0000000004001cfc                s_hMutex.57886
 .bss           0x0000000004001d34        0xc C:\Users\VIRTUA~1\AppData\Local\Temp\ccRPwibK.ltrans6.ltrans.o
 .bss           0x0000000004001d40       0x28 C:\Users\VIRTUA~1\AppData\Local\Temp\ccRPwibK.ltrans7.ltrans.o
                0x0000000004001d40                apvAplPdmRecordsAddress
                0x0000000004001d58                au16AplPdmRecordsSize
 .bss           0x0000000004001d68       0x48 C:\Users\VIRTUA~1\AppData\Local\Temp\ccRPwibK.ltrans8.ltrans.o
                0x0000000004001d68                psFreeMsgListHead
 .bss           0x0000000004001db0        0xc C:\Users\VIRTUA~1\AppData\Local\Temp\ccRPwibK.ltrans9.ltrans.o
                0x0000000004001db0                u8ScanBeaconsSeen.145562
                0x0000000004001db4                sThisDeviceMacAddr
 .bss           0x0000000004001dbc        0x1 C:\Users\VIRTUA~1\AppData\Local\Temp\ccRPwibK.ltrans10.ltrans.o
                0x0000000004001dbc                bResetScanTimer.141962
 *fill*         0x0000000004001dbd        0x3 00
 .bss           0x0000000004001dc0        0x4 C:\Users\VIRTUA~1\AppData\Local\Temp\ccRPwibK.ltrans12.ltrans.o
 .bss           0x0000000004001dc4       0x10 C:\Users\VIRTUA~1\AppData\Local\Temp\ccRPwibK.ltrans13.ltrans.o
                0x0000000004001dc4                s_psCurrentTask.57602
                0x0000000004001dc8                s_asAPduPool.58005
                0x0000000004001dcc                s_hMutex.58006
 .bss           0x0000000004001dd4        0x1 C:\Users\VIRTUA~1\AppData\Local\Temp\ccRPwibK.ltrans14.ltrans.o
                0x0000000004001dd4                bDefaultServerIgnoreHandleMgmtUpdate
 *fill*         0x0000000004001dd5        0x3 00
 .bss           0x0000000004001dd8       0xac C:\Users\VIRTUA~1\AppData\Local\Temp\ccRPwibK.ltrans15.ltrans.o
                0x0000000004001dd8                sMiniMacPhyPib
                0x0000000004001ddc                aprTimerCallback
                0x0000000004001dfc                au32TimerCounter
                0x0000000004001e1c                sMiniMacInternal
                0x0000000004001e54                s_psVsMcpsDcfmInd.79305
                0x0000000004001e58                s_psMacDcfmInd.79304
                0x0000000004001e5c                u32DataQueueCount
 .bss           0x0000000004001e84        0x1 C:\Users\VIRTUA~1\AppData\Local\Temp\ccRPwibK.ltrans16.ltrans.o
                0x0000000004001e84                bIgnoreBroadcast
 *fill*         0x0000000004001e85        0x3 00
 .bss           0x0000000004001e88      0xc24 C:\Users\VIRTUA~1\AppData\Local\Temp\ccRPwibK.ltrans18.ltrans.o
 *fill*         0x0000000004002aac        0x4 00
 .bss           0x0000000004002ab0       0x10 C:\Users\VIRTUA~1\AppData\Local\Temp\ccRPwibK.ltrans19.ltrans.o
 .bss           0x0000000004002ac0        0x2 C:\Users\VIRTUA~1\AppData\Local\Temp\ccRPwibK.ltrans20.ltrans.o
                0x0000000004002ac0                u16FastPoll.5865
 *fill*         0x0000000004002ac2        0x2 00
 .bss           0x0000000004002ac4       0x24 C:\Users\VIRTUA~1\AppData\Local\Temp\ccRPwibK.ltrans21.ltrans.o
                0x0000000004002ac4                prIntHandler.143406
                0x0000000004002ac8                psTimerServerList
 .bss           0x0000000004002ae8        0xc C:\Users\VIRTUA~1\AppData\Local\Temp\ccRPwibK.ltrans22.ltrans.o
                0x0000000004002ae8                a16NwkPdmRecordSizes
 *fill*         0x0000000004002af4        0x4 00
 .bss           0x0000000004002af8       0xf8 C:\Users\VIRTUA~1\AppData\Local\Temp\ccRPwibK.ltrans23.ltrans.o
                0x0000000004002af8                u8CommState.5864
                0x0000000004002af9                eTransitionButtonCode.6670
                0x0000000004002afa                eSwitchState.6669
                0x0000000004002afb                bPingReqApsAckFailure
                0x0000000004002afc                sDeviceState
                0x0000000004002b28                sEZModeData.8658
 .bss           0x0000000004002bf0        0x8 C:\Users\VIRTUA~1\AppData\Local\Temp\ccRPwibK.ltrans24.ltrans.o
                0x0000000004002bf0                psServerContextCopy
 .bss           0x0000000004002bf8        0x8 C:\Users\VIRTUA~1\AppData\Local\Temp\ccRPwibK.ltrans25.ltrans.o
                0x0000000004002bf8                psActiveMsgListHead
 .bss           0x0000000004002c00       0x48 C:\Users\VIRTUA~1\AppData\Local\Temp\ccRPwibK.ltrans26.ltrans.o
                0x0000000004002c00                psBeaconFilter
                0x0000000004002c04                bRejoin.7528
                0x0000000004002c08                sRecoverDevice
 .bss           0x0000000004002c48        0x1 C:\Users\VIRTUA~1\AppData\Local\Temp\ccRPwibK.ltrans29.ltrans.o
 *fill*         0x0000000004002c49        0x3 00
 .bss           0x0000000004002c4c       0x28 C:\Users\VIRTUA~1\AppData\Local\Temp\ccRPwibK.ltrans30.ltrans.o
                0x0000000004002c4c                s_bWakeTimerActive.57680
                0x0000000004002c50                psNextWake.57679
                0x0000000004002c54                u32CalibrationValue.57678
                0x0000000004002c58                s_ePowerMode.57681
                0x0000000004002c5a                s_u16ActivityCounter
 *fill*         0x0000000004002c74        0xc 00
 .bss           0x0000000004002c80     0x13f0 C:\Users\VIRTUA~1\AppData\Local\Temp\ccRPwibK.ltrans31.ltrans.o
                0x0000000004002c80                s_sDefaultServerContext.2954
                0x0000000004002c84                s_sMgmtBindServerContext.2889
                0x0000000004002c88                s_sBindRequestServerContext.2890
                0x0000000004002ce4                s_sBindUnbindServerContext.2892
                0x0000000004002d24                s_sMgmtNWKUpdateServerContext.2893
                0x0000000004002d64                s_sMgmtLeaveServerContext.2953
                0x0000000004002d8c                s_sMgmtLqiServerContext.2952
                0x0000000004002d90                s_sSimpleDescServerContext.2951
                0x0000000004002d94                s_sMatchDescServerContext.2950
                0x0000000004002d98                s_sPowerDescServerContext.2949
                0x0000000004002d9c                s_sNodeDescServerContext.2948
                0x0000000004002da0                s_sSystemServerDiscoveryServerContext.2947
                0x0000000004002da4                s_sIeeeAddrServerContext.2946
                0x0000000004002da8                s_sNwkAddrServerContext.2945
                0x0000000004002dac                s_sActiveEpServerContext.2944
                0x0000000004002db0                s_sDeviceAnnceServerContext.2943
                0x0000000004002db0                s_sZdoClientContext.2942
                0x0000000004002db8                s_u32LastExpiredTime.3151
                0x0000000004002dbc                s_u32CompareTime.3150
                0x0000000004002dc0                s_prvCurrentISR.57609
                0x0000000004002dc4                s_psPreSleepCallbacks.57683
                0x0000000004002dc8                u8AhiUart.123965
                0x0000000004002dcc                s_u32CurrentPriorityMask.57601
                0x0000000004002dd0                s_u8OSLevelIPL.57605
                0x0000000004002dd4                s_asTasks.57604
                0x0000000004002dd8                s_u32PendingQueue.57603
                0x0000000004002ddc                pwrm_psWakeupCallbacks
                0x0000000004002de0                pwrm_CPUContext
 .bss.dontinitinboot
                0x0000000004004070       0x40 c:/NXP/bstudio_nxp/sdk/JN-SW-4168/Components/Library\libBoot_JN516x.a(ExceptionHandler.o)
                0x0000000004004070                isr_handlers
 *(.bss.*)
 *(.scommon*)
 *(.scommon.*)
 *(COMMON)
                0x00000000040040b0                . = ALIGN (0x4)
                0x00000000040040b0                _bss_end = ABSOLUTE (.)

.heap           0x00000000040040b0      0x7d0 load address 0x00000000000a062c
                0x00000000040040b0                _heap_start = ABSOLUTE (.)
                0x0000000004004880                . = (. + __minimum_heap_size)
 *fill*         0x00000000040040b0      0x7d0 00

.stack          0x0000000004006890     0x1770 load address 0x00000000000a2e0c
                0x0000000004006890                _heap_end = ABSOLUTE (.)
                0x0000000004006890                _stack_low_water_mark = ABSOLUTE (.)
                0x0000000004008000                . = (. + __stack_size)
 *fill*         0x0000000004006890     0x1770 00

.test           0x000000000009ce04        0x1
                0x000000000009ce04        0x1 BYTE 0xff
                0x000000000009c5c8                _flash_data_start = LOADADDR (.data)
                0x000000000000083c                _ram_data_len = (((_ram_data_end - _ram_data_start) + 0x3) & 0xfffffffffffffffc)
                0x0000000000003828                _bss_len = (((_bss_end - _bss_start) + 0x3) & 0xfffffffffffffffc)
                0x000000000001ce04                _image_len = ((((_flash_end - _flash_start) + _ram_data_len) + 0x3) & 0xfffffffffffffffc)
                0x0000000004008000                _ram_top = (ABSOLUTE (ORIGIN (ram)) + 0x7fb4)
                0x0000000004008000                ram_top = (ABSOLUTE (ORIGIN (ram)) + 0x7fb4)
                0x0000000001001580                _app_ram_start = 0x1001580
                0x00000000040000c8                PROVIDE (_heap_location, u32HeapStart)
                0x00000000040000c8                PROVIDE (heap_location, u32HeapStart)
OUTPUT(c:/NXP/bstudio_nxp/workspace/JN-AN-1189-ZigBee-HA-Demo/WXKG02LM/Build/WXKG02LM_JN5169_WXKG02LM.elf elf32-ba)

.comment        0x0000000000000000       0x11
 .comment       0x0000000000000000       0x12 C:\Users\VIRTUA~1\AppData\Local\Temp\ccRPwibK.ltrans0.ltrans.o
 .comment       0x0000000000000000       0x12 C:\Users\VIRTUA~1\AppData\Local\Temp\ccRPwibK.ltrans1.ltrans.o
 .comment       0x0000000000000000       0x12 C:\Users\VIRTUA~1\AppData\Local\Temp\ccRPwibK.ltrans2.ltrans.o
 .comment       0x0000000000000000       0x12 C:\Users\VIRTUA~1\AppData\Local\Temp\ccRPwibK.ltrans3.ltrans.o
 .comment       0x0000000000000000       0x12 C:\Users\VIRTUA~1\AppData\Local\Temp\ccRPwibK.ltrans4.ltrans.o