Archive member included because of file (symbol)

c:/NXP/bstudio_nxp/sdk/JN-SW-4168/Components/Library\libOS_JN516x.a(os.o)
                              c:/NXP/bstudio_nxp/workspace/JN-AN-1189-ZigBee-HA-Demo/MainsPowerOutlet/Build/os_gen.o (symbol from plugin) (os_vStart)
c:/NXP/bstudio_nxp/sdk/JN-SW-4168/Components/Library\libOS_JN516x.a(os_contirq_JN516x.o)
                              c:/NXP/bstudio_nxp/workspace/JN-AN-1189-ZigBee-HA-Demo/MainsPowerOutlet/Build/os_irq.o (os_UnclaimedException_W)
c:/NXP/bstudio_nxp/sdk/JN-SW-4168/Components/Library\libPWRM_JN516x.a(pwrm.o)
                              c:/NXP/bstudio_nxp/workspace/JN-AN-1189-ZigBee-HA-Demo/MainsPowerOutlet/Build/app_start_outlet.o (symbol from plugin) (PWRM_vInit)
c:/NXP/bstudio_nxp/sdk/JN-SW-4168/Components/Library\libPWRM_JN516x.a(pwrm_setjmp_JN516x.o)
                              pwrm.o (symbol from plugin) (setjmp)
c:/NXP/bstudio_nxp/sdk/JN-SW-4168/Components/Library\libPWRM_JN516x.a(pwrm_cold_start.o)
                              (AppColdStart)
c:/NXP/bstudio_nxp/sdk/JN-SW-4168/Components/Library\libPWRM_JN516x.a(pwrm_warm_start.o)
                              (AppWarmStart)
c:/NXP/bstudio_nxp/sdk/JN-SW-4168/Components/Library\libPDUM_JN516x.a(pdum_nwk.o)
                              c:/NXP/bstudio_nxp/workspace/JN-AN-1189-ZigBee-HA-Demo/MainsPowerOutlet/Build/pdum_gen.o (symbol from plugin) (pdum_vNPduInit)
c:/NXP/bstudio_nxp/sdk/JN-SW-4168/Components/Library\libPDUM_JN516x.a(pdum_apl.o)
                              c:/NXP/bstudio_nxp/workspace/JN-AN-1189-ZigBee-HA-Demo/MainsPowerOutlet/Build/appZdpExtraction.o (symbol from plugin) (PDUM_u16APduInstanceReadNBO)
c:/NXP/bstudio_nxp/sdk/JN-SW-4168/Components/Library\libPDUM_JN516x.a(pdum.o)
                              pdum_nwk.o (symbol from plugin) (PDUM_u16SizeNBO)
c:/NXP/bstudio_nxp/sdk/JN-SW-4168/Components/Library\libZPSAPL_JN516x.a(zps_apl_af.o)
                              c:/NXP/bstudio_nxp/workspace/JN-AN-1189-ZigBee-HA-Demo/MainsPowerOutlet/Build/zha_outlet_node.o (symbol from plugin) (ZPS_eAplAfInit)
c:/NXP/bstudio_nxp/sdk/JN-SW-4168/Components/Library\libZPSAPL_JN516x.a(zps_apl_af_apsde.o)
                              c:/NXP/bstudio_nxp/workspace/JN-AN-1189-ZigBee-HA-Demo/MainsPowerOutlet/Build/zps_gen.o (symbol from plugin) (zps_vHandleApsdeDataFragIndNotSupported)
c:/NXP/bstudio_nxp/sdk/JN-SW-4168/Components/Library\libZPSAPL_JN516x.a(zps_apl_task.o)
                              zps_apl_af_apsde.o (symbol from plugin) (zps_vAplAfPostEvent)
c:/NXP/bstudio_nxp/sdk/JN-SW-4168/Components/Library\libZPSAPL_JN516x.a(zps_apl_apsde.o)
                              zps_apl_task.o (symbol from plugin) (ZPS_vAplRegisterApsdeDcfmIndCallbacks)
c:/NXP/bstudio_nxp/sdk/JN-SW-4168/Components/Library\libZPSAPL_JN516x.a(zps_apl_apsme.o)
                              zps_apl_task.o (symbol from plugin) (ZPS_vAplRegisterApsmeDcfmIndCallbacks)
c:/NXP/bstudio_nxp/sdk/JN-SW-4168/Components/Library\libZPSAPL_JN516x.a(zps_apl_aps_nlde.o)
                              zps_apl_task.o (symbol from plugin) (zps_vAplApsHandleNldeDcfmInd)
c:/NXP/bstudio_nxp/sdk/JN-SW-4168/Components/Library\libZPSAPL_JN516x.a(zps_apl_sec.o)
                              zps_apl_task.o (symbol from plugin) (zps_psFindKeyDescr)
c:/NXP/bstudio_nxp/sdk/JN-SW-4168/Components/Library\libZPSAPL_JN516x.a(zps_apl_aib.o)
                              c:/NXP/bstudio_nxp/workspace/JN-AN-1189-ZigBee-HA-Demo/MainsPowerOutlet/Build/app_zbp_utilities.o (symbol from plugin) (zps_psAplAibGetAib)
c:/NXP/bstudio_nxp/sdk/JN-SW-4168/Components/Library\libZPSAPL_JN516x.a(zps_apl_zdo_nwkmanager.o)
                              zps_apl_apsme.o (symbol from plugin) (zps_vAplSaveRecord)
c:/NXP/bstudio_nxp/sdk/JN-SW-4168/Components/Library\libZPSAPL_JN516x.a(zps_apl_zdo_handle_zdp_event.o)
                              zps_apl_task.o (symbol from plugin) (zps_bAplZdoHandleZdpEvent)
c:/NXP/bstudio_nxp/sdk/JN-SW-4168/Components/Library\libZPSAPL_JN516x.a(zps_apl_zdo_trust_center.o)
                              zps_apl_sec.o (symbol from plugin) (zps_eAplTrustCenterFindDevice)
c:/NXP/bstudio_nxp/sdk/JN-SW-4168/Components/Library\libZPSAPL_JN516x.a(zps_apl_zdo_common.o)
                              zps_apl_zdo_nwkmanager.o (symbol from plugin) (zps_eAplZdoNlmeleaveWrapper)
c:/NXP/bstudio_nxp/sdk/JN-SW-4168/Components/Library\libZPSAPL_JN516x.a(zps_apl_zdo_group.o)
                              c:/NXP/bstudio_nxp/workspace/JN-AN-1189-ZigBee-HA-Demo/MainsPowerOutlet/Build/GroupsTableManager.o (symbol from plugin) (zps_eAplZdoGroupEndpointAdd)
c:/NXP/bstudio_nxp/sdk/JN-SW-4168/Components/Library\libZPSAPL_JN516x.a(zps_apl_zdo_default_server.o)
                              c:/NXP/bstudio_nxp/workspace/JN-AN-1189-ZigBee-HA-Demo/MainsPowerOutlet/Build/zps_gen.o (symbol from plugin) (zps_vAplZdoDefaultServerInit)
c:/NXP/bstudio_nxp/sdk/JN-SW-4168/Components/Library\libZPSAPL_JN516x.a(zps_apl_zdo_bind_manager.o)
[...]
Memory Configuration

Name             Origin             Length             Attributes
flash            0x0000000000080000 0x0000000000080000
ram              0x000000000400004c 0x0000000000007fb4
*default*        0x0000000000000000 0xffffffffffffffff

Linker script and memory map

                0x0000000000001770                __stack_size = 0x1770
                0x00000000000007d0                __minimum_heap_size = 0x7d0
START GROUP
LOAD c:/NXP/bstudio_nxp/workspace/JN-AN-1189-ZigBee-HA-Demo/MainsPowerOutlet/Build/os_gen.o
LOAD C:\Users\VIRTUA~1\AppData\Local\Temp\ccgdpW4r.ltrans0.ltrans.o
LOAD C:\Users\VIRTUA~1\AppData\Local\Temp\ccgdpW4r.ltrans1.ltrans.o
LOAD C:\Users\VIRTUA~1\AppData\Local\Temp\ccgdpW4r.ltrans2.ltrans.o
LOAD C:\Users\VIRTUA~1\AppData\Local\Temp\ccgdpW4r.ltrans3.ltrans.o
LOAD C:\Users\VIRTUA~1\AppData\Local\Temp\ccgdpW4r.ltrans4.ltrans.o
LOAD C:\Users\VIRTUA~1\AppData\Local\Temp\ccgdpW4r.ltrans5.ltrans.o
LOAD C:\Users\VIRTUA~1\AppData\Local\Temp\ccgdpW4r.ltrans6.ltrans.o
LOAD C:\Users\VIRTUA~1\AppData\Local\Temp\ccgdpW4r.ltrans7.ltrans.o
LOAD C:\Users\VIRTUA~1\AppData\Local\Temp\ccgdpW4r.ltrans8.ltrans.o
LOAD C:\Users\VIRTUA~1\AppData\Local\Temp\ccgdpW4r.ltrans9.ltrans.o
LOAD C:\Users\VIRTUA~1\AppData\Local\Temp\ccgdpW4r.ltrans10.ltrans.o
LOAD C:\Users\VIRTUA~1\AppData\Local\Temp\ccgdpW4r.ltrans11.ltrans.o
LOAD C:\Users\VIRTUA~1\AppData\Local\Temp\ccgdpW4r.ltrans12.ltrans.o
LOAD C:\Users\VIRTUA~1\AppData\Local\Temp\ccgdpW4r.ltrans13.ltrans.o
LOAD C:\Users\VIRTUA~1\AppData\Local\Temp\ccgdpW4r.ltrans14.ltrans.o
LOAD C:\Users\VIRTUA~1\AppData\Local\Temp\ccgdpW4r.ltrans15.ltrans.o
LOAD C:\Users\VIRTUA~1\AppData\Local\Temp\ccgdpW4r.ltrans16.ltrans.o
LOAD C:\Users\VIRTUA~1\AppData\Local\Temp\ccgdpW4r.ltrans17.ltrans.o
LOAD C:\Users\VIRTUA~1\AppData\Local\Temp\ccgdpW4r.ltrans18.ltrans.o
LOAD C:\Users\VIRTUA~1\AppData\Local\Temp\ccgdpW4r.ltrans19.ltrans.o
LOAD C:\Users\VIRTUA~1\AppData\Local\Temp\ccgdpW4r.ltrans20.ltrans.o
LOAD C:\Users\VIRTUA~1\AppData\Local\Temp\ccgdpW4r.ltrans21.ltrans.o
LOAD C:\Users\VIRTUA~1\AppData\Local\Temp\ccgdpW4r.ltrans22.ltrans.o
LOAD C:\Users\VIRTUA~1\AppData\Local\Temp\ccgdpW4r.ltrans23.ltrans.o
LOAD C:\Users\VIRTUA~1\AppData\Local\Temp\ccgdpW4r.ltrans24.ltrans.o
LOAD C:\Users\VIRTUA~1\AppData\Local\Temp\ccgdpW4r.ltrans25.ltrans.o
LOAD C:\Users\VIRTUA~1\AppData\Local\Temp\ccgdpW4r.ltrans26.ltrans.o
LOAD C:\Users\VIRTUA~1\AppData\Local\Temp\ccgdpW4r.ltrans27.ltrans.o
LOAD C:\Users\VIRTUA~1\AppData\Local\Temp\ccgdpW4r.ltrans28.ltrans.o
LOAD C:\Users\VIRTUA~1\AppData\Local\Temp\ccgdpW4r.ltrans29.ltrans.o
LOAD C:\Users\VIRTUA~1\AppData\Local\Temp\ccgdpW4r.ltrans30.ltrans.o
LOAD C:\Users\VIRTUA~1\AppData\Local\Temp\ccgdpW4r.ltrans31.ltrans.o
LOAD c:/nxp/bstudio_nxp/sdk/tools/ba-elf-ba2-r36379/bin/../lib/gcc/ba-elf/4.7.4/../../../../ba-elf/lib/mcpu_jn51xx_sizeopt\libc.a
LOAD c:/nxp/bstudio_nxp/sdk/tools/ba-elf-ba2-r36379/bin/../lib/gcc/ba-elf/4.7.4/mcpu_jn51xx_sizeopt\libgcc.a
LOAD c:/nxp/bstudio_nxp/sdk/tools/ba-elf-ba2-r36379/bin/../lib/gcc/ba-elf/4.7.4/../../../../ba-elf/lib/mcpu_jn51xx_sizeopt\libc.a
LOAD c:/NXP/bstudio_nxp/workspace/JN-AN-1189-ZigBee-HA-Demo/MainsPowerOutlet/Build/os_irq.o
LOAD c:/NXP/bstudio_nxp/workspace/JN-AN-1189-ZigBee-HA-Demo/MainsPowerOutlet/Build/os_irq_alignment.o
LOAD c:/NXP/bstudio_nxp/workspace/JN-AN-1189-ZigBee-HA-Demo/MainsPowerOutlet/Build/os_irq_buserror.o
LOAD c:/NXP/bstudio_nxp/workspace/JN-AN-1189-ZigBee-HA-Demo/MainsPowerOutlet/Build/os_irq_illegalinstruction.o
LOAD c:/NXP/bstudio_nxp/workspace/JN-AN-1189-ZigBee-HA-Demo/MainsPowerOutlet/Build/os_irq_stackoverflowexception.o
LOAD c:/NXP/bstudio_nxp/workspace/JN-AN-1189-ZigBee-HA-Demo/MainsPowerOutlet/Build/os_irq_unimplementedmodule.o
LOAD c:/NXP/bstudio_nxp/workspace/JN-AN-1189-ZigBee-HA-Demo/MainsPowerOutlet/Build/pdum_gen.o
LOAD c:/NXP/bstudio_nxp/workspace/JN-AN-1189-ZigBee-HA-Demo/MainsPowerOutlet/Build/pdum_apdu.o
LOAD c:/NXP/bstudio_nxp/workspace/JN-AN-1189-ZigBee-HA-Demo/MainsPowerOutlet/Build/zps_gen.o
LOAD c:/NXP/bstudio_nxp/workspace/JN-AN-1189-ZigBee-HA-Demo/MainsPowerOutlet/Build/app_exceptions.o
LOAD c:/NXP/bstudio_nxp/workspace/JN-AN-1189-ZigBee-HA-Demo/MainsPowerOutlet/Build/app_pdm.o
LOAD c:/NXP/bstudio_nxp/workspace/JN-AN-1189-ZigBee-HA-Demo/MainsPowerOutlet/Build/app_reporting.o
LOAD c:/NXP/bstudio_nxp/workspace/JN-AN-1189-ZigBee-HA-Demo/MainsPowerOutlet/Build/AgeChildren.o
LOAD c:/NXP/bstudio_nxp/workspace/JN-AN-1189-ZigBee-HA-Demo/MainsPowerOutlet/Build/app_timer_driver.o
LOAD c:/NXP/bstudio_nxp/workspace/JN-AN-1189-ZigBee-HA-Demo/MainsPowerOutlet/Build/app_start_outlet.o
LOAD c:/NXP/bstudio_nxp/workspace/JN-AN-1189-ZigBee-HA-Demo/MainsPowerOutlet/Build/app_zbp_utilities.o
LOAD c:/NXP/bstudio_nxp/workspace/JN-AN-1189-ZigBee-HA-Demo/MainsPowerOutlet/Build/app_scenes.o
LOAD c:/NXP/bstudio_nxp/workspace/JN-AN-1189-ZigBee-HA-Demo/MainsPowerOutlet/Build/App_MainsPowerOutlet.o
LOAD c:/NXP/bstudio_nxp/workspace/JN-AN-1189-ZigBee-HA-Demo/MainsPowerOutlet/Build/zha_outlet_node.o
LOAD c:/NXP/bstudio_nxp/workspace/JN-AN-1189-ZigBee-HA-Demo/MainsPowerOutlet/Build/app_zcl_outlet_task.o
LOAD c:/NXP/bstudio_nxp/workspace/JN-AN-1189-ZigBee-HA-Demo/MainsPowerOutlet/Build/haEzFindAndBind.o
LOAD c:/NXP/bstudio_nxp/workspace/JN-AN-1189-ZigBee-HA-Demo/MainsPowerOutlet/Build/haEzJoin.o
LOAD c:/NXP/bstudio_nxp/workspace/JN-AN-1189-ZigBee-HA-Demo/MainsPowerOutlet/Build/app_status_led.o
LOAD c:/NXP/bstudio_nxp/workspace/JN-AN-1189-ZigBee-HA-Demo/MainsPowerOutlet/Build/app_power_on_counter.o
LOAD c:/NXP/bstudio_nxp/workspace/JN-AN-1189-ZigBee-HA-Demo/MainsPowerOutlet/Build/appZdpExtraction.o
LOAD c:/NXP/bstudio_nxp/workspace/JN-AN-1189-ZigBee-HA-Demo/MainsPowerOutlet/Build/appZpsBeaconHandler.o
LOAD c:/NXP/bstudio_nxp/workspace/JN-AN-1189-ZigBee-HA-Demo/MainsPowerOutlet/Build/DriverOutlet_DR1199.o
LOAD c:/NXP/bstudio_nxp/workspace/JN-AN-1189-ZigBee-HA-Demo/MainsPowerOutlet/Build/haKeys.o
LOAD c:/NXP/bstudio_nxp/workspace/JN-AN-1189-ZigBee-HA-Demo/MainsPowerOutlet/Build/Alarms.o
LOAD c:/NXP/bstudio_nxp/workspace/JN-AN-1189-ZigBee-HA-Demo/MainsPowerOutlet/Build/AlarmsClientCommands.o
LOAD c:/NXP/bstudio_nxp/workspace/JN-AN-1189-ZigBee-HA-Demo/MainsPowerOutlet/Build/AlarmsCommandHandler.o
LOAD c:/NXP/bstudio_nxp/workspace/JN-AN-1189-ZigBee-HA-Demo/MainsPowerOutlet/Build/AlarmsServerCommands.o
LOAD c:/NXP/bstudio_nxp/workspace/JN-AN-1189-ZigBee-HA-Demo/MainsPowerOutlet/Build/AlarmsTableManager.o
LOAD c:/NXP/bstudio_nxp/workspace/JN-AN-1189-ZigBee-HA-Demo/MainsPowerOutlet/Build/AnalogInputBasic.o
LOAD c:/NXP/bstudio_nxp/workspace/JN-AN-1189-ZigBee-HA-Demo/MainsPowerOutlet/Build/AnalogOutputBasic.o
LOAD c:/NXP/bstudio_nxp/workspace/JN-AN-1189-ZigBee-HA-Demo/MainsPowerOutlet/Build/Basic.o
LOAD c:/NXP/bstudio_nxp/workspace/JN-AN-1189-ZigBee-HA-Demo/MainsPowerOutlet/Build/BasicClientCommands.o
LOAD c:/NXP/bstudio_nxp/workspace/JN-AN-1189-ZigBee-HA-Demo/MainsPowerOutlet/Build/BasicCommandHandler.o
LOAD c:/NXP/bstudio_nxp/workspace/JN-AN-1189-ZigBee-HA-Demo/MainsPowerOutlet/Build/BinaryInputBasic.o
LOAD c:/NXP/bstudio_nxp/workspace/JN-AN-1189-ZigBee-HA-Demo/MainsPowerOutlet/Build/BinaryOutputBasic.o
LOAD c:/NXP/bstudio_nxp/workspace/JN-AN-1189-ZigBee-HA-Demo/MainsPowerOutlet/Build/Commissioning.o
LOAD c:/NXP/bstudio_nxp/workspace/JN-AN-1189-ZigBee-HA-Demo/MainsPowerOutlet/Build/DeviceTemperatureConfiguration.o
LOAD c:/NXP/bstudio_nxp/workspace/JN-AN-1189-ZigBee-HA-Demo/MainsPowerOutlet/Build/Diagnostics.o
LOAD c:/NXP/bstudio_nxp/workspace/JN-AN-1189-ZigBee-HA-Demo/MainsPowerOutlet/Build/DoorLock.o
LOAD c:/NXP/bstudio_nxp/workspace/JN-AN-1189-ZigBee-HA-Demo/MainsPowerOutlet/Build/DoorLockCommandHandler.o
LOAD c:/NXP/bstudio_nxp/workspace/JN-AN-1189-ZigBee-HA-Demo/MainsPowerOutlet/Build/DoorLockCommands.o
LOAD c:/NXP/bstudio_nxp/workspace/JN-AN-1189-ZigBee-HA-Demo/MainsPowerOutlet/Build/ElectricalMeasurement.o
LOAD c:/NXP/bstudio_nxp/workspace/JN-AN-1189-ZigBee-HA-Demo/MainsPowerOutlet/Build/Groups.o
LOAD c:/NXP/bstudio_nxp/workspace/JN-AN-1189-ZigBee-HA-Demo/MainsPowerOutlet/Build/GroupsClientCommands.o
LOAD c:/NXP/bstudio_nxp/workspace/JN-AN-1189-ZigBee-HA-Demo/MainsPowerOutlet/Build/GroupsCommandHandler.o
LOAD c:/NXP/bstudio_nxp/workspace/JN-AN-1189-ZigBee-HA-Demo/MainsPowerOutlet/Build/GroupsServerCommands.o
LOAD c:/NXP/bstudio_nxp/workspace/JN-AN-1189-ZigBee-HA-Demo/MainsPowerOutlet/Build/GroupsTableManager.o
LOAD c:/NXP/bstudio_nxp/workspace/JN-AN-1189-ZigBee-HA-Demo/MainsPowerOutlet/Build/Identify.o
LOAD c:/NXP/bstudio_nxp/workspace/JN-AN-1189-ZigBee-HA-Demo/MainsPowerOutlet/Build/IdentifyClientCommands.o
LOAD c:/NXP/bstudio_nxp/workspace/JN-AN-1189-ZigBee-HA-Demo/MainsPowerOutlet/Build/IdentifyCommandHandler.o
LOAD c:/NXP/bstudio_nxp/workspace/JN-AN-1189-ZigBee-HA-Demo/MainsPowerOutlet/Build/IdentifyServerCommands.o
LOAD c:/NXP/bstudio_nxp/workspace/JN-AN-1189-ZigBee-HA-Demo/MainsPowerOutlet/Build/LevelControl.o
LOAD c:/NXP/bstudio_nxp/workspace/JN-AN-1189-ZigBee-HA-Demo/MainsPowerOutlet/Build/LevelControlClientCommands.o
LOAD c:/NXP/bstudio_nxp/workspace/JN-AN-1189-ZigBee-HA-Demo/MainsPowerOutlet/Build/LevelControlCommandHandler.o
LOAD c:/NXP/bstudio_nxp/workspace/JN-AN-1189-ZigBee-HA-Demo/MainsPowerOutlet/Build/MultistateInputBasic.o
LOAD c:/NXP/bstudio_nxp/workspace/JN-AN-1189-ZigBee-HA-Demo/MainsPowerOutlet/Build/MultistateOutputBasic.o
LOAD c:/NXP/bstudio_nxp/workspace/JN-AN-1189-ZigBee-HA-Demo/MainsPowerOutlet/Build/OOSC.o
LOAD c:/NXP/bstudio_nxp/workspace/JN-AN-1189-ZigBee-HA-Demo/MainsPowerOutlet/Build/OnOff.o
LOAD c:/NXP/bstudio_nxp/workspace/JN-AN-1189-ZigBee-HA-Demo/MainsPowerOutlet/Build/OnOffCommandHandler.o
LOAD c:/NXP/bstudio_nxp/workspace/JN-AN-1189-ZigBee-HA-Demo/MainsPowerOutlet/Build/OnOffCommands.o
LOAD c:/NXP/bstudio_nxp/workspace/JN-AN-1189-ZigBee-HA-Demo/MainsPowerOutlet/Build/PollControl.o
LOAD c:/NXP/bstudio_nxp/workspace/JN-AN-1189-ZigBee-HA-Demo/MainsPowerOutlet/Build/PollControlClientCommands.o
LOAD c:/NXP/bstudio_nxp/workspace/JN-AN-1189-ZigBee-HA-Demo/MainsPowerOutlet/Build/PollControlCommandHandler.o
LOAD c:/NXP/bstudio_nxp/workspace/JN-AN-1189-ZigBee-HA-Demo/MainsPowerOutlet/Build/PollControlServerCommands.o
LOAD c:/NXP/bstudio_nxp/workspace/JN-AN-1189-ZigBee-HA-Demo/MainsPowerOutlet/Build/PowerConfiguration.o
LOAD c:/NXP/bstudio_nxp/workspace/JN-AN-1189-ZigBee-HA-Demo/MainsPowerOutlet/Build/Scenes.o
LOAD c:/NXP/bstudio_nxp/workspace/JN-AN-1189-ZigBee-HA-Demo/MainsPowerOutlet/Build/ScenesClientCommands.o
LOAD c:/NXP/bstudio_nxp/workspace/JN-AN-1189-ZigBee-HA-Demo/MainsPowerOutlet/Build/ScenesClusterManagement.o
LOAD c:/NXP/bstudio_nxp/workspace/JN-AN-1189-ZigBee-HA-Demo/MainsPowerOutlet/Build/ScenesCommandHandler.o
LOAD c:/NXP/bstudio_nxp/workspace/JN-AN-1189-ZigBee-HA-Demo/MainsPowerOutlet/Build/ScenesServerCommands.o
LOAD c:/NXP/bstudio_nxp/workspace/JN-AN-1189-ZigBee-HA-Demo/MainsPowerOutlet/Build/ScenesTableManager.o
LOAD c:/NXP/bstudio_nxp/workspace/JN-AN-1189-ZigBee-HA-Demo/MainsPowerOutlet/Build/TC.o
LOAD c:/NXP/bstudio_nxp/workspace/JN-AN-1189-ZigBee-HA-Demo/MainsPowerOutlet/Build/Time.o
LOAD c:/NXP/bstudio_nxp/workspace/JN-AN-1189-ZigBee-HA-Demo/MainsPowerOutlet/Build/BallastConfiguration.o
LOAD c:/NXP/bstudio_nxp/workspace/JN-AN-1189-ZigBee-HA-Demo/MainsPowerOutlet/Build/ColourControl.o
LOAD c:/NXP/bstudio_nxp/workspace/JN-AN-1189-ZigBee-HA-Demo/MainsPowerOutlet/Build/ColourControlClientCommands.o
LOAD c:/NXP/bstudio_nxp/workspace/JN-AN-1189-ZigBee-HA-Demo/MainsPowerOutlet/Build/ColourControlCommandHandler.o
LOAD c:/NXP/bstudio_nxp/workspace/JN-AN-1189-ZigBee-HA-Demo/MainsPowerOutlet/Build/ColourControlConversions.o
LOAD c:/NXP/bstudio_nxp/workspace/JN-AN-1189-ZigBee-HA-Demo/MainsPowerOutlet/Build/colour_dimmable_light.o
LOAD c:/NXP/bstudio_nxp/workspace/JN-AN-1189-ZigBee-HA-Demo/MainsPowerOutlet/Build/colour_dimmer_switch.o
LOAD c:/NXP/bstudio_nxp/workspace/JN-AN-1189-ZigBee-HA-Demo/MainsPowerOutlet/Build/dimmable_light.o
LOAD c:/NXP/bstudio_nxp/workspace/JN-AN-1189-ZigBee-HA-Demo/MainsPowerOutlet/Build/dimmer_switch.o
LOAD c:/NXP/bstudio_nxp/workspace/JN-AN-1189-ZigBee-HA-Demo/MainsPowerOutlet/Build/light_sensor.o
LOAD c:/NXP/bstudio_nxp/workspace/JN-AN-1189-ZigBee-HA-Demo/MainsPowerOutlet/Build/occupancy_sensor.o
LOAD c:/NXP/bstudio_nxp/workspace/JN-AN-1189-ZigBee-HA-Demo/MainsPowerOutlet/Build/on_off_light.o
LOAD c:/NXP/bstudio_nxp/workspace/JN-AN-1189-ZigBee-HA-Demo/MainsPowerOutlet/Build/on_off_light_switch.o
LOAD c:/NXP/bstudio_nxp/workspace/JN-AN-1189-ZigBee-HA-Demo/MainsPowerOutlet/Build/ha.o
LOAD c:/NXP/bstudio_nxp/workspace/JN-AN-1189-ZigBee-HA-Demo/MainsPowerOutlet/Build/door_lock.o
LOAD c:/NXP/bstudio_nxp/workspace/JN-AN-1189-ZigBee-HA-Demo/MainsPowerOutlet/Build/door_lock_controller.o
LOAD c:/NXP/bstudio_nxp/workspace/JN-AN-1189-ZigBee-HA-Demo/MainsPowerOutlet/Build/mains_power_outlet.o
LOAD c:/NXP/bstudio_nxp/workspace/JN-AN-1189-ZigBee-HA-Demo/MainsPowerOutlet/Build/on_off_output.o
LOAD c:/NXP/bstudio_nxp/workspace/JN-AN-1189-ZigBee-HA-Demo/MainsPowerOutlet/Build/on_off_switch.o
LOAD c:/NXP/bstudio_nxp/workspace/JN-AN-1189-ZigBee-HA-Demo/MainsPowerOutlet/Build/plug_control.o
LOAD c:/NXP/bstudio_nxp/workspace/JN-AN-1189-ZigBee-HA-Demo/MainsPowerOutlet/Build/remote_control.o
LOAD c:/NXP/bstudio_nxp/workspace/JN-AN-1189-ZigBee-HA-Demo/MainsPowerOutlet/Build/simple_sensor.o
LOAD c:/NXP/bstudio_nxp/workspace/JN-AN-1189-ZigBee-HA-Demo/MainsPowerOutlet/Build/smart_plug.o
LOAD c:/NXP/bstudio_nxp/workspace/JN-AN-1189-ZigBee-HA-Demo/MainsPowerOutlet/Build/DRLC.o
LOAD c:/NXP/bstudio_nxp/workspace/JN-AN-1189-ZigBee-HA-Demo/MainsPowerOutlet/Build/DRLCCommandCanceAlllLoadControlEvents.o
LOAD c:/NXP/bstudio_nxp/workspace/JN-AN-1189-ZigBee-HA-Demo/MainsPowerOutlet/Build/DRLCCommandCancelLoadControlEvent.o
LOAD c:/NXP/bstudio_nxp/workspace/JN-AN-1189-ZigBee-HA-Demo/MainsPowerOutlet/Build/DRLCCommandGetScheduledEvents.o
LOAD c:/NXP/bstudio_nxp/workspace/JN-AN-1189-ZigBee-HA-Demo/MainsPowerOutlet/Build/DRLCCommandHandler.o
LOAD c:/NXP/bstudio_nxp/workspace/JN-AN-1189-ZigBee-HA-Demo/MainsPowerOutlet/Build/DRLCCommandLoadControlEvent.o
LOAD c:/NXP/bstudio_nxp/workspace/JN-AN-1189-ZigBee-HA-Demo/MainsPowerOutlet/Build/DRLCCommandReportEventStatus.o
LOAD c:/NXP/bstudio_nxp/workspace/JN-AN-1189-ZigBee-HA-Demo/MainsPowerOutlet/Build/DRLCCustomCommandResponsesClient.o
LOAD c:/NXP/bstudio_nxp/workspace/JN-AN-1189-ZigBee-HA-Demo/MainsPowerOutlet/Build/DRLCCustomCommandResponsesServer.o
LOAD c:/NXP/bstudio_nxp/workspace/JN-AN-1189-ZigBee-HA-Demo/MainsPowerOutlet/Build/DRLCEffectiveTime.o
LOAD c:/NXP/bstudio_nxp/workspace/JN-AN-1189-ZigBee-HA-Demo/MainsPowerOutlet/Build/DRLCScheduler.o
LOAD c:/NXP/bstudio_nxp/workspace/JN-AN-1189-ZigBee-HA-Demo/MainsPowerOutlet/Build/DRLCTableManagerNoMutex.o
LOAD c:/NXP/bstudio_nxp/workspace/JN-AN-1189-ZigBee-HA-Demo/MainsPowerOutlet/Build/DRLCTableManagerServer.o
LOAD c:/NXP/bstudio_nxp/workspace/JN-AN-1189-ZigBee-HA-Demo/MainsPowerOutlet/Build/DRLCUserEventOptInOut.o
LOAD c:/NXP/bstudio_nxp/workspace/JN-AN-1189-ZigBee-HA-Demo/MainsPowerOutlet/Build/Price.o
LOAD c:/NXP/bstudio_nxp/workspace/JN-AN-1189-ZigBee-HA-Demo/MainsPowerOutlet/Build/PriceBlockPeriodTableManager.o
LOAD c:/NXP/bstudio_nxp/workspace/JN-AN-1189-ZigBee-HA-Demo/MainsPowerOutlet/Build/PriceCalorificValueTableManager.o
LOAD c:/NXP/bstudio_nxp/workspace/JN-AN-1189-ZigBee-HA-Demo/MainsPowerOutlet/Build/PriceCommandGetBlockPeriod.o
LOAD c:/NXP/bstudio_nxp/workspace/JN-AN-1189-ZigBee-HA-Demo/MainsPowerOutlet/Build/PriceCommandGetCalorificValue.o
LOAD c:/NXP/bstudio_nxp/workspace/JN-AN-1189-ZigBee-HA-Demo/MainsPowerOutlet/Build/PriceCommandGetConversionFactor.o
LOAD c:/NXP/bstudio_nxp/workspace/JN-AN-1189-ZigBee-HA-Demo/MainsPowerOutlet/Build/PriceCommandGetCurrentPrice.o
LOAD c:/NXP/bstudio_nxp/workspace/JN-AN-1189-ZigBee-HA-Demo/MainsPowerOutlet/Build/PriceCommandGetScheduledPrices.o
LOAD c:/NXP/bstudio_nxp/workspace/JN-AN-1189-ZigBee-HA-Demo/MainsPowerOutlet/Build/PriceCommandPriceAck.o
LOAD c:/NXP/bstudio_nxp/workspace/JN-AN-1189-ZigBee-HA-Demo/MainsPowerOutlet/Build/PriceCommandPublishBlockPeriod.o
LOAD c:/NXP/bstudio_nxp/workspace/JN-AN-1189-ZigBee-HA-Demo/MainsPowerOutlet/Build/PriceCommandPublishBlockPeriodReceive.o
LOAD c:/NXP/bstudio_nxp/workspace/JN-AN-1189-ZigBee-HA-Demo/MainsPowerOutlet/Build/PriceCommandPublishCalorificValue.o
LOAD c:/NXP/bstudio_nxp/workspace/JN-AN-1189-ZigBee-HA-Demo/MainsPowerOutlet/Build/PriceCommandPublishCalorificValueReceive.o
LOAD c:/NXP/bstudio_nxp/workspace/JN-AN-1189-ZigBee-HA-Demo/MainsPowerOutlet/Build/PriceCommandPublishConversionFactor.o
LOAD c:/NXP/bstudio_nxp/workspace/JN-AN-1189-ZigBee-HA-Demo/MainsPowerOutlet/Build/PriceCommandPublishConversionFactorReceive.o
LOAD c:/NXP/bstudio_nxp/workspace/JN-AN-1189-ZigBee-HA-Demo/MainsPowerOutlet/Build/PriceCommandPublishPrice.o
LOAD c:/NXP/bstudio_nxp/workspace/JN-AN-1189-ZigBee-HA-Demo/MainsPowerOutlet/Build/PriceCommandPublishPriceReceive.o
LOAD c:/NXP/bstudio_nxp/workspace/JN-AN-1189-ZigBee-HA-Demo/MainsPowerOutlet/Build/PriceConversionFactorTableManager.o
LOAD c:/NXP/bstudio_nxp/workspace/JN-AN-1189-ZigBee-HA-Demo/MainsPowerOutlet/Build/PriceCustomCommandHandler.o
LOAD c:/NXP/bstudio_nxp/workspace/JN-AN-1189-ZigBee-HA-Demo/MainsPowerOutlet/Build/PriceCustomCommandResponses.o
LOAD c:/NXP/bstudio_nxp/workspace/JN-AN-1189-ZigBee-HA-Demo/MainsPowerOutlet/Build/PriceScheduler.o
LOAD c:/NXP/bstudio_nxp/workspace/JN-AN-1189-ZigBee-HA-Demo/MainsPowerOutlet/Build/PriceServerAttributeManager.o
LOAD c:/NXP/bstudio_nxp/workspace/JN-AN-1189-ZigBee-HA-Demo/MainsPowerOutlet/Build/PriceTableManager.o
LOAD c:/NXP/bstudio_nxp/workspace/JN-AN-1189-ZigBee-HA-Demo/MainsPowerOutlet/Build/SimpleMetering.o
LOAD c:/NXP/bstudio_nxp/workspace/JN-AN-1189-ZigBee-HA-Demo/MainsPowerOutlet/Build/SimpleMeteringCommandHandler.o
LOAD c:/NXP/bstudio_nxp/workspace/JN-AN-1189-ZigBee-HA-Demo/MainsPowerOutlet/Build/SimpleMetering_SendRequest.o
LOAD c:/NXP/bstudio_nxp/workspace/JN-AN-1189-ZigBee-HA-Demo/MainsPowerOutlet/Build/dlist.o
LOAD c:/NXP/bstudio_nxp/workspace/JN-AN-1189-ZigBee-HA-Demo/MainsPowerOutlet/Build/zcl.o
LOAD c:/NXP/bstudio_nxp/workspace/JN-AN-1189-ZigBee-HA-Demo/MainsPowerOutlet/Build/zcl_CustomCommandReceive.o
LOAD c:/NXP/bstudio_nxp/workspace/JN-AN-1189-ZigBee-HA-Demo/MainsPowerOutlet/Build/zcl_CustomCommandSend.o
LOAD c:/NXP/bstudio_nxp/workspace/JN-AN-1189-ZigBee-HA-Demo/MainsPowerOutlet/Build/zcl_PDUbufferReadWrite.o
LOAD c:/NXP/bstudio_nxp/workspace/JN-AN-1189-ZigBee-HA-Demo/MainsPowerOutlet/Build/zcl_PDUbufferReadWriteString.o
LOAD c:/NXP/bstudio_nxp/workspace/JN-AN-1189-ZigBee-HA-Demo/MainsPowerOutlet/Build/zcl_WriteAttributesRequestHandle.o
LOAD c:/NXP/bstudio_nxp/workspace/JN-AN-1189-ZigBee-HA-Demo/MainsPowerOutlet/Build/zcl_WriteAttributesRequestSend.o
LOAD c:/NXP/bstudio_nxp/workspace/JN-AN-1189-ZigBee-HA-Demo/MainsPowerOutlet/Build/zcl_WriteAttributesResponseHandle.o
LOAD c:/NXP/bstudio_nxp/workspace/JN-AN-1189-ZigBee-HA-Demo/MainsPowerOutlet/Build/zcl_attribute.o
LOAD c:/NXP/bstudio_nxp/workspace/JN-AN-1189-ZigBee-HA-Demo/MainsPowerOutlet/Build/zcl_buffer.o
LOAD c:/NXP/bstudio_nxp/workspace/JN-AN-1189-ZigBee-HA-Demo/MainsPowerOutlet/Build/zcl_clusterCommand.o
LOAD c:/NXP/bstudio_nxp/workspace/JN-AN-1189-ZigBee-HA-Demo/MainsPowerOutlet/Build/zcl_command.o
LOAD c:/NXP/bstudio_nxp/workspace/JN-AN-1189-ZigBee-HA-Demo/MainsPowerOutlet/Build/zcl_configureReportingCommandHandle.o
LOAD c:/NXP/bstudio_nxp/workspace/JN-AN-1189-ZigBee-HA-Demo/MainsPowerOutlet/Build/zcl_configureReportingCommandSend.o
LOAD c:/NXP/bstudio_nxp/workspace/JN-AN-1189-ZigBee-HA-Demo/MainsPowerOutlet/Build/zcl_configureReportingResponseHandle.o
LOAD c:/NXP/bstudio_nxp/workspace/JN-AN-1189-ZigBee-HA-Demo/MainsPowerOutlet/Build/zcl_defaultResponse.o
LOAD c:/NXP/bstudio_nxp/workspace/JN-AN-1189-ZigBee-HA-Demo/MainsPowerOutlet/Build/zcl_discoverAttributesExtendedRequestHandle.o
LOAD c:/NXP/bstudio_nxp/workspace/JN-AN-1189-ZigBee-HA-Demo/MainsPowerOutlet/Build/zcl_discoverAttributesExtendedRequestSend.o
LOAD c:/NXP/bstudio_nxp/workspace/JN-AN-1189-ZigBee-HA-Demo/MainsPowerOutlet/Build/zcl_discoverAttributesExtendedResponseHandle.o
LOAD c:/NXP/bstudio_nxp/workspace/JN-AN-1189-ZigBee-HA-Demo/MainsPowerOutlet/Build/zcl_discoverAttributesRequestHandle.o
LOAD c:/NXP/bstudio_nxp/workspace/JN-AN-1189-ZigBee-HA-Demo/MainsPowerOutlet/Build/zcl_discoverAttributesRequestSend.o
LOAD c:/NXP/bstudio_nxp/workspace/JN-AN-1189-ZigBee-HA-Demo/MainsPowerOutlet/Build/zcl_discoverAttributesResponseHandle.o
LOAD c:/NXP/bstudio_nxp/workspace/JN-AN-1189-ZigBee-HA-Demo/MainsPowerOutlet/Build/zcl_discoverCommandsRequestHandle.o
LOAD c:/NXP/bstudio_nxp/workspace/JN-AN-1189-ZigBee-HA-Demo/MainsPowerOutlet/Build/zcl_discoverCommandsRequestSend.o
LOAD c:/NXP/bstudio_nxp/workspace/JN-AN-1189-ZigBee-HA-Demo/MainsPowerOutlet/Build/zcl_discoverCommandsResponseHandle.o
LOAD c:/NXP/bstudio_nxp/workspace/JN-AN-1189-ZigBee-HA-Demo/MainsPowerOutlet/Build/zcl_event.o
LOAD c:/NXP/bstudio_nxp/workspace/JN-AN-1189-ZigBee-HA-Demo/MainsPowerOutlet/Build/zcl_heap.o
LOAD c:/NXP/bstudio_nxp/workspace/JN-AN-1189-ZigBee-HA-Demo/MainsPowerOutlet/Build/zcl_library_options.o
LOAD c:/NXP/bstudio_nxp/workspace/JN-AN-1189-ZigBee-HA-Demo/MainsPowerOutlet/Build/zcl_readAttributesRequestHandle.o
LOAD c:/NXP/bstudio_nxp/workspace/JN-AN-1189-ZigBee-HA-Demo/MainsPowerOutlet/Build/zcl_readAttributesRequestSend.o
LOAD c:/NXP/bstudio_nxp/workspace/JN-AN-1189-ZigBee-HA-Demo/MainsPowerOutlet/Build/zcl_readAttributesResponseHandle.o
LOAD c:/NXP/bstudio_nxp/workspace/JN-AN-1189-ZigBee-HA-Demo/MainsPowerOutlet/Build/zcl_readReportingConfigurationCommandHandle.o
LOAD c:/NXP/bstudio_nxp/workspace/JN-AN-1189-ZigBee-HA-Demo/MainsPowerOutlet/Build/zcl_readReportingConfigurationCommandSend.o
LOAD c:/NXP/bstudio_nxp/workspace/JN-AN-1189-ZigBee-HA-Demo/MainsPowerOutlet/Build/zcl_readReportingConfigurationResponseHandle.o
LOAD c:/NXP/bstudio_nxp/workspace/JN-AN-1189-ZigBee-HA-Demo/MainsPowerOutlet/Build/zcl_reportManager.o
LOAD c:/NXP/bstudio_nxp/workspace/JN-AN-1189-ZigBee-HA-Demo/MainsPowerOutlet/Build/zcl_reportMaths.o
LOAD c:/NXP/bstudio_nxp/workspace/JN-AN-1189-ZigBee-HA-Demo/MainsPowerOutlet/Build/zcl_reportScheduler.o
LOAD c:/NXP/bstudio_nxp/workspace/JN-AN-1189-ZigBee-HA-Demo/MainsPowerOutlet/Build/zcl_reportStringHandling.o
LOAD c:/NXP/bstudio_nxp/workspace/JN-AN-1189-ZigBee-HA-Demo/MainsPowerOutlet/Build/zcl_reportStructure.o
LOAD c:/NXP/bstudio_nxp/workspace/JN-AN-1189-ZigBee-HA-Demo/MainsPowerOutlet/Build/zcl_search.o
LOAD c:/NXP/bstudio_nxp/workspace/JN-AN-1189-ZigBee-HA-Demo/MainsPowerOutlet/Build/zcl_timer.o
LOAD c:/NXP/bstudio_nxp/workspace/JN-AN-1189-ZigBee-HA-Demo/MainsPowerOutlet/Build/zcl_transmit.o
LOAD c:/NXP/bstudio_nxp/sdk/JN-SW-4168/Components/Library\libZPSMAC_Mini_JN516x.a
LOAD c:/NXP/bstudio_nxp/sdk/JN-SW-4168/Components/Library\libOS_JN516x.a
LOAD c:/NXP/bstudio_nxp/sdk/JN-SW-4168/Components/Library\libPWRM_JN516x.a
LOAD c:/NXP/bstudio_nxp/sdk/JN-SW-4168/Components/Library\libZPSTSV_JN516x.a
LOAD c:/NXP/bstudio_nxp/sdk/JN-SW-4168/Components/Library\libAES_SW_JN516x.a
LOAD c:/NXP/bstudio_nxp/sdk/JN-SW-4168/Components/Library\libPDUM_JN516x.a
LOAD c:/NXP/bstudio_nxp/sdk/JN-SW-4168/Components/Library\libZPSAPL_JN516x.a
LOAD c:/NXP/bstudio_nxp/sdk/JN-SW-4168/Components/Library\libRandom_JN516x.a
LOAD c:/NXP/bstudio_nxp/sdk/JN-SW-4168/Components/Library\libPDM_EEPROM_JN516x.a
LOAD c:/NXP/bstudio_nxp/sdk/JN-SW-4168/Components/Library\libDBG_JN516x.a
LOAD c:/NXP/bstudio_nxp/sdk/JN-SW-4168/Components/Library\libZPSNWK_JN516x.a
LOAD c:/NXP/bstudio_nxp/sdk/JN-SW-4168/Components/Library\libRecal_JN516x.a
LOAD c:/NXP/bstudio_nxp/sdk/JN-SW-4168/Components/Library\libMiniMac_JN5169.a
LOAD c:/NXP/bstudio_nxp/sdk/JN-SW-4168/Components/Library\libMiniMacShim_JN516x.a
LOAD c:/NXP/bstudio_nxp/sdk/JN-SW-4168/Components/Library\libMMAC_JN5169.a
LOAD c:/NXP/bstudio_nxp/sdk/JN-SW-4168/Components/Library\libJPT_JN5169.a
LOAD c:/NXP/bstudio_nxp/sdk/JN-SW-4168/Components/Library\libAes_JN516x.a
LOAD c:/NXP/bstudio_nxp/sdk/JN-SW-4168/Components/Library\libHardwareApi_JN5169.a
LOAD c:/NXP/bstudio_nxp/sdk/JN-SW-4168/Components/Library\libMicroSpecific_JN516x.a
LOAD c:/NXP/bstudio_nxp/sdk/JN-SW-4168/Components/Library\libBoot_JN516x.a
LOAD c:/NXP/bstudio_nxp/sdk/JN-SW-4168/Platform/DK4/Library\libBoardLib_JN516x.a
LOAD c:/nxp/bstudio_nxp/sdk/tools/ba-elf-ba2-r36379/bin/../lib/gcc/ba-elf/4.7.4/../../../../ba-elf/lib/mcpu_jn51xx_sizeopt\libm.a
END GROUP
LOAD c:/nxp/bstudio_nxp/sdk/tools/ba-elf-ba2-r36379/bin/../lib/gcc/ba-elf/4.7.4/../../../../ba-elf/lib/mcpu_jn51xx_sizeopt\libc.a
LOAD c:/nxp/bstudio_nxp/sdk/tools/ba-elf-ba2-r36379/bin/../lib/gcc/ba-elf/4.7.4/mcpu_jn51xx_sizeopt\libgcc.a
LOAD c:/nxp/bstudio_nxp/sdk/tools/ba-elf-ba2-r36379/bin/../lib/gcc/ba-elf/4.7.4/../../../../ba-elf/lib/mcpu_jn51xx_sizeopt\libc.a
                0x0000000000080038                exception_vsr_table = 0x80038
                0x0000000004000000                pSPIflashFncTable = 0x4000000
                0x0000000000000044                restore_state = 0x44
                0x000000000000004a                bZSPIWaitWIPClear = 0x4a
                0x0000000000000050                u16ZSPIflashRDID = 0x50
                0x0000000000000056                u8SelectFlashChipType = 0x56
                0x000000000000005c                memcpy = 0x5c
                0x0000000000000066                vBootFlashProg = 0x66
                [0x00000000000007d0]                __minimum_heap_size = DEFINED (__minimum_heap_size)?__minimum_heap_size:0xd16
                [0x0000000000001770]                __stack_size = DEFINED (__stack_size)?__stack_size:0x800
                0x0000000000000000                _SwConfig = (DEFINED (g_bSWConf_Debug) | (DEFINED (g_bSWConf_AltDebugPort) << 0x1))

.version        0x000000000007fffc        0x4
                0x000000000007fffc        0x4 LONG 0xf03000b

.bir            0x0000000000080000       0x10
                0x0000000000080000                _flash_start = ABSOLUTE (.)
                0x0000000000080000                _flash_beg = ABSOLUTE (.)
                0x0000000000080000        0x4 LONG 0x12345678
                0x0000000000080004        0x4 LONG 0x11223344
                0x0000000000080008        0x4 LONG 0x55667788
                0x000000000008000c        0x1 BYTE 0x8
                0x000000000008000d        0x1 BYTE 0x1
                0x000000000008000e        0x2 SHORT 0x0

.flashheader    0x0000000000080010       0x28
                0x0000000000080010        0x4 LONG 0x0
                0x0000000000080014        0x4 LONG 0x0
                0x0000000000080018        0x4 LONG 0x0
                0x000000000008001c        0x2 SHORT 0x0
                0x000000000008001e        0x2 SHORT 0x0 ABSOLUTE (_SwConfig)
                0x0000000000080020                _enc_start = ABSOLUTE (.)
                0x0000000000080020        0x4 LONG 0x225a4 ABSOLUTE (_image_len)
                0x0000000000080024        0x4 LONG 0xa1e48 ABSOLUTE (_flash_data_start)
                0x0000000000080028        0x2 SHORT 0x13 ((ABSOLUTE (_ram_data_start) / 0x4) & 0xffff)
                0x000000000008002a        0x2 SHORT 0x1d7 ((ABSOLUTE (_ram_data_len) / 0x4) & 0xffff)
                0x000000000008002c        0x2 SHORT 0x1ea ((ABSOLUTE (_bss_start) / 0x4) & 0xffff)
                0x000000000008002e        0x2 SHORT 0x10ae ((ABSOLUTE (_bss_len) / 0x4) & 0xffff)
                0x0000000000080030        0x4 LONG 0xa09c4 ABSOLUTE (AppWarmStart)
                0x0000000000080034        0x4 LONG 0xa09de ABSOLUTE (AppColdStart)
                0x0000000000000000                _enc_offset = (_enc_start & 0xf)

.ro_mac_address
                0x0000000000080040        0x0
                0x0000000000080040                _FlsMACAddress = ABSOLUTE (.)
 *(.ro_mac_address)
                0x0000000000080040                . = ALIGN (0x10)

.ro_ota_header  0x0000000000080040        0x0
                0x0000000000080040                _FlsOtaHeader = ABSOLUTE (.)
 *(.ro_ota_header)
                0x0000000000080040                . = ALIGN (0x10)

.ro_se_lnkKey   0x0000000000080040        0x0
                0x0000000000080040                _FlsLinkKey = ABSOLUTE (.)
 *(.ro_se_lnkKey)
                0x0000000000080040                . = ALIGN (0x10)

.rodata         0x0000000000080038      0xa8c
 *(.rodata*)
 .rodata        0x0000000000080038       0x6c C:\Users\VIRTUA~1\AppData\Local\Temp\ccgdpW4r.ltrans0.ltrans.o
                0x0000000000080038                gMAC_u8MaxBuffers
                0x000000000008003c                g_u32ApsFcSaveCountBitShift
                0x0000000000080040                u8MaxZpsConfigEp
                0x0000000000080041                au8EpMapPresent
                0x0000000000080044                s_groupPdmTable
 .rodata.str1.1
                0x00000000000800a4        0x7 C:\Users\VIRTUA~1\AppData\Local\Temp\ccgdpW4r.ltrans2.ltrans.o
                                         0x19 (size before relaxing)
 .rodata        0x00000000000800ab       0x10 C:\Users\VIRTUA~1\AppData\Local\Temp\ccgdpW4r.ltrans2.ltrans.o
 .rodata.str1.1
                0x0000000000000000        0x7 C:\Users\VIRTUA~1\AppData\Local\Temp\ccgdpW4r.ltrans3.ltrans.o
                                          0x8 (size before relaxing)
 *fill*         0x00000000000800bb        0x1 00
 .rodata        0x00000000000800bc       0x38 C:\Users\VIRTUA~1\AppData\Local\Temp\ccgdpW4r.ltrans3.ltrans.o
 .rodata        0x00000000000800f4       0x10 C:\Users\VIRTUA~1\AppData\Local\Temp\ccgdpW4r.ltrans4.ltrans.o
                0x00000000000800fc                au32UartAddrOffset
 .rodata.str1.1
                0x0000000000080104        0x3 C:\Users\VIRTUA~1\AppData\Local\Temp\ccgdpW4r.ltrans4.ltrans.o
 *fill*         0x0000000000080107        0x1 00
 .rodata        0x0000000000080108       0x7c C:\Users\VIRTUA~1\AppData\Local\Temp\ccgdpW4r.ltrans5.ltrans.o
 .rodata.str1.1
                0x0000000000080184        0x5 C:\Users\VIRTUA~1\AppData\Local\Temp\ccgdpW4r.ltrans6.ltrans.o
                                          0x8 (size before relaxing)
 .rodata.str1.1
                0x0000000000000000        0x5 C:\Users\VIRTUA~1\AppData\Local\Temp\ccgdpW4r.ltrans8.ltrans.o
                                          0x8 (size before relaxing)
 .rodata.str1.1
                0x0000000000080189        0x6 C:\Users\VIRTUA~1\AppData\Local\Temp\ccgdpW4r.ltrans9.ltrans.o
 *fill*         0x000000000008018f        0x1 00
 .rodata        0x0000000000080190       0x18 C:\Users\VIRTUA~1\AppData\Local\Temp\ccgdpW4r.ltrans9.ltrans.o
                0x0000000000080190                au32NwkPdmRecordOffsets
 .rodata.str1.1
                0x0000000000000000        0x6 C:\Users\VIRTUA~1\AppData\Local\Temp\ccgdpW4r.ltrans10.ltrans.o
                                          0x7 (size before relaxing)
 .rodata        0x00000000000801a8        0x6 C:\Users\VIRTUA~1\AppData\Local\Temp\ccgdpW4r.ltrans10.ltrans.o
 .rodata.str1.1
                0x00000000000801ae        0x7 C:\Users\VIRTUA~1\AppData\Local\Temp\ccgdpW4r.ltrans11.ltrans.o
                                          0xc (size before relaxing)
 .rodata.str1.1
                0x00000000000801b5        0xa C:\Users\VIRTUA~1\AppData\Local\Temp\ccgdpW4r.ltrans12.ltrans.o
                                         0x19 (size before relaxing)
 .rodata.str1.1
                0x00000000000801bf        0x5 C:\Users\VIRTUA~1\AppData\Local\Temp\ccgdpW4r.ltrans13.ltrans.o
                                         0x13 (size before relaxing)
 .rodata.str1.1
                0x00000000000801c4       0x11 C:\Users\VIRTUA~1\AppData\Local\Temp\ccgdpW4r.ltrans15.ltrans.o
                                         0x14 (size before relaxing)
 .rodata.str1.1
                0x0000000000000000       0x11 C:\Users\VIRTUA~1\AppData\Local\Temp\ccgdpW4r.ltrans16.ltrans.o
                                          0x4 (size before relaxing)
 .rodata.str1.1
                0x00000000000801d5       0x10 C:\Users\VIRTUA~1\AppData\Local\Temp\ccgdpW4r.ltrans17.ltrans.o
                                         0x2f (size before relaxing)
 *fill*         0x00000000000801e5        0x3 00
 .rodata        0x00000000000801e8      0x124 C:\Users\VIRTUA~1\AppData\Local\Temp\ccgdpW4r.ltrans17.ltrans.o
                0x00000000000801e8                psAplDefaultZLLAPSLinkKey
 .rodata        0x000000000008030c      0x118 C:\Users\VIRTUA~1\AppData\Local\Temp\ccgdpW4r.ltrans20.ltrans.o
                0x000000000008030c                gu32ZCLVersion
                0x0000000000080310                OS_g_u32Version
                0x0000000000080314                PDUM_g_u32Version
                0x0000000000080318                ZPS_g_u32MacVersion
                0x000000000008031c                ZPS_g_u32TsvVersion
 .rodata.str1.1
                0x0000000000080424       0x31 C:\Users\VIRTUA~1\AppData\Local\Temp\ccgdpW4r.ltrans21.ltrans.o
                                         0x59 (size before relaxing)
 .rodata        0x0000000000080455        0x8 C:\Users\VIRTUA~1\AppData\Local\Temp\ccgdpW4r.ltrans22.ltrans.o
 .rodata.str1.1
                0x0000000000000000        0xa C:\Users\VIRTUA~1\AppData\Local\Temp\ccgdpW4r.ltrans23.ltrans.o
 *fill*         0x000000000008045d        0x3 00
 .rodata        0x0000000000080460       0x88 C:\Users\VIRTUA~1\AppData\Local\Temp\ccgdpW4r.ltrans23.ltrans.o
                0x0000000000080460                g_u32NwkFcSaveCountBitShift
 .rodata.str1.1
                0x0000000000000000        0x5 C:\Users\VIRTUA~1\AppData\Local\Temp\ccgdpW4r.ltrans24.ltrans.o
 .rodata        0x00000000000804e8        0xc C:\Users\VIRTUA~1\AppData\Local\Temp\ccgdpW4r.ltrans26.ltrans.o
                0x00000000000804ed                bResolvedConflictAllowed
                0x00000000000804f0                u32ScanAttemptDelayTime
 .rodata.str1.1
                0x00000000000804f4       0xc6 C:\Users\VIRTUA~1\AppData\Local\Temp\ccgdpW4r.ltrans27.ltrans.o
 .rodata.str1.1
                0x00000000000805ba       0x1f C:\Users\VIRTUA~1\AppData\Local\Temp\ccgdpW4r.ltrans28.ltrans.o
                                         0x3d (size before relaxing)
 *fill*         0x00000000000805d9        0x3 00
 .rodata        0x00000000000805dc       0x8c C:\Users\VIRTUA~1\AppData\Local\Temp\ccgdpW4r.ltrans29.ltrans.o
                0x00000000000805dc                s_apsStSceTbl.140985
                0x00000000000805f0                bRxOnOptimisationTurnedOff
                0x00000000000805f4                zps_sJoinSceTbl
                0x0000000000080600                zps_sActvSceTbl
 .rodata.str1.1
                0x0000000000080668       0x8e C:\Users\VIRTUA~1\AppData\Local\Temp\ccgdpW4r.ltrans31.ltrans.o
 *fill*         0x00000000000806f6        0x2 00
 .rodata        0x00000000000806f8      0x3cc C:\Users\VIRTUA~1\AppData\Local\Temp\ccgdpW4r.ltrans31.ltrans.o
                0x00000000000806f8                zps_g_pvApl

.text           0x0000000000080ac8    0x2137e
 *(.text*)
 .text          0x0000000000080ac8     0x1ca8 C:\Users\VIRTUA~1\AppData\Local\Temp\ccgdpW4r.ltrans0.ltrans.o
                0x0000000000080ac8                APP_TIMER_Version_1v0
                0x0000000000080ac8                vInitialiseApp.4174
 .text          0x0000000000082770     0x1520 C:\Users\VIRTUA~1\AppData\Local\Temp\ccgdpW4r.ltrans1.ltrans.o
                0x0000000000082770                vZCL_EventHandler
 .text          0x0000000000083c90     0x143c C:\Users\VIRTUA~1\AppData\Local\Temp\ccgdpW4r.ltrans2.ltrans.o
                0x0000000000083c90                os_vAPP_ZPR_Outlet_Task
 .text          0x00000000000850cc     0x1706 C:\Users\VIRTUA~1\AppData\Local\Temp\ccgdpW4r.ltrans3.ltrans.o
                0x00000000000850cc                DBG_iUartGetChar
                0x0000000000085129                vMMAC_IntHandlerBbc
                0x0000000000085143                eBasicTxCompleteHandler
                0x0000000000085148                vTxRxTimeout.157869
                0x00000000000851a5                eSmeAcScBeaconInd.149084
                0x000000000008520b                eSmeASFlBeaconInd.148919
                0x000000000008522d                eSmeUDNTScanDcfm.148369
                0x0000000000085249                vPermitJoinHandleExpiry.143913
                0x00000000000852bd                zps_eNwkHandleSmePollDcfm
                0x00000000000852e7                eLeaveDataDcfmRemoteLeave.153669
                0x0000000000085330                eSmeGenlScanDcfm.148911
                0x000000000008538e                eRouteRequestDataDcfm.145089
                0x00000000000853e2                eNldeDataDcfm.142919
                0x0000000000085412                eSmeEdScScanDcfm.148907
                0x00000000000855b9                eSmeAcScBeaconInd.148927
                0x00000000000856c1                eSmeUDNTBeaconInd.148903
                0x00000000000856e4                vMiniMac_MLME_SetReq_PanId
                0x0000000000085721                vMiniMac_MLME_SetReq_ShortAddr
                0x000000000008572f                ZPS_vGetDeviceCurrentData.constprop.86
                0x00000000000857ae                vZCL_InitializeClusterInstance.constprop.80
                0x00000000000857bf                psDLISTsearchFromHead
                0x00000000000857e8                eZCL_SetLocalAttributeValue.constprop.34
                0x00000000000858a4                vMiniMac_ReturnTxBufferCallback
                0x00000000000858b6                bEnableReceive.157871
                0x00000000000858f4                pvHeap_Alloc
                0x00000000000858f7                vMicroIntRestoreState
                0x0000000000085903                bAHI_WriteEEPROMfixSegmentData
                0x0000000000085961                bAHI_InitialiseEEPROM
                0x00000000000859a9                vAHI_ReadDataFromEEPROMregister
                0x00000000000859d6                vAHI_WriteDataIntoEEPROMregister
                0x0000000000085a06                iPDM_WriteSegmentHeaderDataIntoEEPROMsegment
                0x0000000000085a35                u8AHI_WakeTimerFiredStatus
                0x0000000000085a49                vAHI_WakeTimerStop.part.3.160157
                0x0000000000085a69                vAHI_UartReset.part.4.159911
                0x0000000000085aa1                vAHI_OptimiseWaitStates
                0x0000000000085aed                bAHI_GetClkSource
                0x0000000000085afa                vAHI_SwReset
                0x0000000000085b2a                vAHI_DioSetOutput
                0x0000000000085b3e                DriverOutlet_vSetStatusLedOnOff
                0x0000000000085b5e                vStartEffect.part.1.8296
                0x0000000000085b74                vEcbEncodeStripe.159366
                0x0000000000085bcb                bIssueACIcommand
                0x0000000000085d95                AESSW_vHMAC_MMO.constprop.108
                0x0000000000085e2d                MAC_u64GetExtAddr
                0x0000000000085e48                ZPS_u64NwkNibFindExtAddr
                0x0000000000085eee                ZPS_u16NwkNibFindNwkAddr
                0x0000000000085f8f                psSearchForFrameToSend
                0x0000000000085fe6                eMiniMac_FrameInProgress
                0x0000000000086011                vRemoveFromTxQueue
                0x000000000008604d                vAddToTxQueue
                0x0000000000086083                u8GetHeaderSize
                0x00000000000860ab                vMiniMac_MLME_SetReq_MaxCsmaBackoffs
                0x00000000000860cb                vMiniMac_MLME_SetReq_MaxBe
                0x00000000000860ee                vMiniMac_MLME_SetReq_MinBe
                0x0000000000086111                zps_psFormatCmdFrameGeneral
                0x000000000008619d                zps_eNwkFormStInit
                0x00000000000861b2                vSendDcfm.149605
                0x00000000000861d7                bCheckMatchingEntry.149079
                0x00000000000861fd                zps_psNwkSlistRemoveFromHead
                0x0000000000086214                zps_psNwkSlistRemove
                0x000000000008624c                zps_bNwkMcpsMgrRemoveDescrFromLists
                0x000000000008628a                zps_vNwkSlistAddToTail
                0x00000000000862a4                ZPS_vNwkSecResetDevice
                0x00000000000862e9                ZPS_bNwkSecHaveNetworkKey
                0x000000000008631d                ZPS_bNwkSecFindMatSet
                0x0000000000086359                zps_eNwkRtMatch
                0x0000000000086466                zps_eNwkRctMatchNwkAddr
                0x00000000000864d0                ZPS_u8NwkCalcNldeReqOverhead
                0x000000000008650b                zps_vRemoveNextHop
                0x00000000000865c0                zps_vRemoveRoute
                0x0000000000086657                zps_psNwkRtMatchNwkAddr
                0x00000000000866cd                ZPS_u8NwkNibNtDiscMatch
                0x0000000000086789                bCheckNwkAddr
 .text          0x00000000000867d2      0xfd4 C:\Users\VIRTUA~1\AppData\Local\Temp\ccgdpW4r.ltrans4.ltrans.o
                0x0000000000086808                os_vAPP_cbDisableTickTimer
                0x000000000008684c                os_vAPP_cbEnableTickTimer
                0x00000000000868cc                vRetryCcaFailure
                0x0000000000086918                vCLD_IdentifyTimerClickCallback.17187
                0x00000000000869a1                eOrphanNotificationSent.157512
                0x00000000000869ea                DBG_vUartInitHardware
                0x0000000000086b27                eCLD_BasicCommandHandler
                0x0000000000086b53                dbg_vPrintfImplNoneVerbose
                0x0000000000086fda                DriverOutlet_vOutputOn
                0x0000000000086ff8                APP_vHandleIdentify
                0x0000000000087018                DriverOutlet_vOutputOff
                0x0000000000087034                eCLD_ScenesCountScenes
                0x000000000008704e                ZPS_bSecDecrypt
                0x0000000000087160                boPDM_IsBitmapSaturated.136483
                0x00000000000871a9                vDLISTaddToHead
                0x00000000000871d2                vDLISTaddToTail
                0x00000000000871f5                psDLISTremove
                0x0000000000087257                eZCLAddReport
                0x0000000000087514                eZCL_TimerRegister.part.1.70662.constprop.75
                0x000000000008756a                eCLD_ScenesRemoveAllScenes
                0x000000000008761d                iPDM_SearchForBufferIdInList
                0x0000000000087652                iPDM_SearchForBufferIdInFileSystem
                0x0000000000087665                iPDM_ReadUserDataFromSegmentWithId
                0x000000000008769a                psGetTxFrameBuffer
                0x00000000000876d9                psGetAndBuildCoordRealignment
                0x0000000000087731                eBuildAndSend.157522
 .text          0x00000000000877a6     0x15b1 C:\Users\VIRTUA~1\AppData\Local\Temp\ccgdpW4r.ltrans5.ltrans.o
                0x00000000000877a6                DBG_vUartPutch
                0x00000000000877ec                DBG_vUartFlush
                0x0000000000087819                os_u32APP_cbGetTickTimer
                0x0000000000087822                os_bAPP_cbSetTickTimerCompare
                0x000000000008787e                vMMAC_RadioToOffAndWait
                0x000000000008789b                vStartReceive
                0x00000000000878b7                vSetChannelAndPower
                0x0000000000087b9a                vMiniMac_NextTransaction
                0x0000000000087c04                MAC_vPibSetRxOnWhenIdle.constprop.93
                0x0000000000087c0c                eTransmit
                0x0000000000087d17                vMiniMac_TxComplete
                0x0000000000087e08                vTimerFired
                0x0000000000087ed7                vMiniMac_Init
                0x0000000000088298                eCLD_ScenesSaveClusters.constprop.23
                0x000000000008843a                vCLD_ScenesUpdateSceneValid
                0x00000000000884b6                eCLD_OnOffSceneEventHandler.20093
                0x00000000000884e7                vDispatch.71512
                0x00000000000885b9                OS_eStartSWTimer.constprop.123
                0x00000000000886d8                OS_eContinueSWTimer.constprop.25
                0x00000000000887b9                OS_eStopSWTimer
                0x00000000000888dc                vStartStopTimer
                0x0000000000088907                OS_ePostMessage
                0x0000000000088a6d                os_vDriverOutlet_vButtonScanTask
                0x0000000000088b2f                OS_eActivateTask
                0x0000000000088bca                vPostMlmeDcfmInd.92029
                0x0000000000088c6d                iPDM_ReadSegmentHeaderDataFromEEPROMsegment
                0x0000000000088cc6                iPDM_ReCalculateWearCountAndChecksumAndWriteFileSystemHeader
                0x0000000000088d10                vPDM_SetEEPROMandFileSystemValidState
                0x0000000000088d37                iPDM_ReadUserDataFromFileSystemRecord
 .text          0x0000000000088d57     0x1155 C:\Users\VIRTUA~1\AppData\Local\Temp\ccgdpW4r.ltrans6.ltrans.o
                0x0000000000088d57                boIdValueSearchMatch.135591
                0x0000000000088db1                vHandleZdoLeaveRequest.6313
                0x0000000000088de1                u16PDM_CalculateRecordChecksum
                0x0000000000088e84                iPDM_ReadUserDataFromEEPROMsegment
                0x0000000000088efe                vPDM_WriteFileSystemRecordAndSegmentDataIntoEEPROMsegment
                0x0000000000088f39                u16ZCL_ReadTypeNBO
                0x0000000000088fee                u16ZCL_APduInstanceReadNBO
                0x000000000008903f                u16ZCL_ReadCommandHeader.part.0.55601
                0x00000000000890b6                u16ZCL_APduInstanceWriteNBO
                0x000000000008910a                u16ZCL_WriteCommandHeader
                0x0000000000089182                u8ZdoBindUnbindServerUnpackApdu
                0x00000000000891d1                u16ZCL_APduInstanceWriteStringNBO
                0x0000000000089298                u16ZCL_WriteAttributeValueIntoBuffer
                0x000000000008930a                u16ZCL_APduInstanceReadStringNBO.part.3.52831
                0x00000000000893e3                eZCL_GetAttributeTypeSizeFromBuffer
                0x000000000008945a                u16ZCL_GetTxPayloadSize
                0x0000000000089492                zps_vSendJoinDcfm
                0x00000000000894d8                vGiveUp.152235
                0x0000000000089510                eCLD_ScenesSetLastConfiguredBy.isra.1.23704
                0x0000000000089547                ZPS_eTsvOpen
                0x0000000000089564                vZdoServersInit.2824
                0x00000000000896c4                sEZ_GetDiscEntry.7685
                0x0000000000089705                ZPS_bIsMacAddressUsedInApsTable
                0x00000000000897bb                vDisplayAddressMapTable
                0x00000000000897d5                vDisplayNT
                0x00000000000897ef                iPDM_FilterDuplicateAppendedSegmentsOnList.136763
                0x0000000000089833                eCLD_GroupsCheckGroupExists
                0x00000000000898a0                eCLD_ScenesFindScene
                0x00000000000898fc                eCLD_ScenesFindActiveScene
                0x0000000000089931                zps_vNwkBttMgrInit
                0x000000000008995f                ZPS_vNwkNibClearTables
                0x0000000000089a80                PDUM_vInit
                0x0000000000089b3b                pvZCL_HeapAlloc.part.0.62997.constprop.129
                0x0000000000089b74                vMicroIntEnableOnly.constprop.122
                0x0000000000089ba0                TSV_eStart
                0x0000000000089bf0                iAHI_WriteDataIntoEEPROMsegment.constprop.118
                0x0000000000089c3e                vACI_OptimisedCcmStar.constprop.116
                0x0000000000089e29                zps_eNwkRtDiscMatch.constprop.113
                0x0000000000089e7c                vTransformKey.isra.0.80315
 .text          0x0000000000089eac     0x1599 C:\Users\VIRTUA~1\AppData\Local\Temp\ccgdpW4r.ltrans7.ltrans.o
                0x0000000000089eac                vNwkMcpsTimerCallback
                0x0000000000089ec6                zps_eSceGenlIllegal
                0x0000000000089ecd                zps_eSmeGenlIllegal
                0x0000000000089ed4                DBG_vUartFailedAssert
                0x0000000000089ed8                psGetVsMcpsBuf.92033
                0x0000000000089ee1                psGetMlmeBuf.92026
                0x0000000000089f28                psGetNlmeBuf.74747
                0x0000000000089f32                psGetNldeBuf.74768
                0x0000000000089f3c                psGetApsmeBuf.74754
                0x0000000000089f45                psGetApsdeBuf.74761
                0x000000000008a05e                vLoopbackTimerCallback
                0x000000000008a08d                zps_vNwkFreeMcpsHandle
                0x000000000008a0b7                ZPS_u64NwkNibGetMappedIeeeAddr
                0x000000000008a0d9                ZPS_bNwkNibNtActvMatch
                0x000000000008a188                ZPS_vSetExtendedStatus
                0x000000000008a19a                zps_psApsApsAllocateDcfmRecord
                0x000000000008a208                zps_u8CalcLinkCost
                0x000000000008a244                zps_u64NwkLibFromPayload
                0x000000000008a283                zps_vNwkLibU64ToPayload
                0x000000000008a2b0                zps_vInitBeaconPayload
                0x000000000008a32c                zps_eNwkDcfmIndPost
                0x000000000008a34f                zps_psNwkDcfmIndGetBuf
                0x000000000008a371                zps_vSendNwkStatusInd
                0x000000000008a3a1                vPDM_ReadBitmapHeader.136448
                0x000000000008a3c0                psSLISTsearch
                0x000000000008a400                iPDM_SearchForSpecificSegmentInList
                0x000000000008a432                psSLISTremove
                0x000000000008a4b0                vSLISTaddToTail
                0x000000000008a4cf                psSLISTgetNext
                0x000000000008a4f3                u8PDM_CalculateLargestDataRecordStored
                0x000000000008a524                bPDM_ImageBitmapRepairCheck
                0x000000000008a54c                u8PDM_ReadSequenceNumber
                0x000000000008a56f                boSegmentNumberDeleteSearchMatch.136018
                0x000000000008a58a                u8PDM_ReadSegmentDataSize
                0x000000000008a59e                u32PDM_ReadFileSystemHeaderWearCount
                0x000000000008a5b4                boSearchForWearCountSubstitute.136334
                0x000000000008a5da                boSearchForWearCountInsertPoint.135587
                0x000000000008a5f8                vPDM_WriteFileSystemHeaderWearCount
                0x000000000008a60a                RND_u32GetRand256
                0x000000000008a627                RND_u32GetRand
                0x000000000008a64e                u16CalculateFailedTxCount.110068
                0x000000000008a678                vZdoIeeeAddrServerSendExtendResponse.part.0.95865
                0x000000000008a6d9                vZdoNwkAddrServerSendExtendResponse.part.0.94685
                0x000000000008a73a                zps_bAplZdoServerHandleConfirmAcks
                0x000000000008a784                zps_bPerformLeaveActionDecider
                0x000000000008a79c                vHandleUpdateDeviceIndication.83837
                0x000000000008a7c6                u32GetScanChannels.83824
                0x000000000008a7f1                bDuplicateCheck.80193
                0x000000000008a8fe                zps_vAplApsInitDuplicateTable
                0x000000000008a921                eHandleRemoveNonBroadcastEndpointsFromGroup.78821
                0x000000000008a999                eHandleAddEntryToGroupTable.78784
                0x000000000008a9f5                bIsBindTableMatch.78761
                0x000000000008aa46                eRemoveEntryInBindingTable.78789
                0x000000000008aac5                zps_vAplApsInitFragTransmitPool
                0x000000000008aae6                zps_vAplApsFillAndPostApsAck
                0x000000000008ab50                zps_u8AplApsFreeMsgHandle
                0x000000000008abba                zps_vAplApsInitSyncMsgPool
                0x000000000008abf2                zps_vAplApsInitFragReceivePool
                0x000000000008ac15                vFillDataIndStruct.74610
                0x000000000008ac73                vFillApduErrorEvent.74603
                0x000000000008acb6                bCheckProfile.74598
                0x000000000008acf4                ZPS_bIsGroupPresent
                0x000000000008ad2c                pdum_u16ReadNBO
                0x000000000008ae8d                PDUM_u16SizeNBO
                0x000000000008aeeb                PDUM_u16APduInstanceWriteStrNBO
                0x000000000008b06a                PDUM_u16APduInstanceReadNBO
                0x000000000008b0b5                PDUM_u16APduInstanceWriteNBO
                0x000000000008b11f                PDUM_thAPduInstanceGetApdu
                0x000000000008b13a                PDUM_eAPduInstanceSetPayloadSize
                0x000000000008b162                PDUM_eNPduWriteDataFromBuffer
                0x000000000008b1bc                PDUM_eNPduWriteDataToBuffer
                0x000000000008b21a                PDUM_eNPduWriteFromBuffer
                0x000000000008b243                PDUM_eNPduDescend
                0x000000000008b269                PDUM_eNPduAscend
                0x000000000008b28f                PDUM_eNPduClaimData
                0x000000000008b2fc                PDUM_eNPduAppendDataNBO
                0x000000000008b359                PDUM_eNPduClaimHeader
                0x000000000008b37c                PDUM_eNPduReadHeaderNBO
                0x000000000008b3cf                PDUM_eNPduPrependHeaderNBO
                0x000000000008b42a                PDUM_eNPduInitDescending
 .text          0x000000000008b445     0x1089 C:\Users\VIRTUA~1\AppData\Local\Temp\ccgdpW4r.ltrans8.ltrans.o
                0x000000000008b445                zps_bAplZdoNwkAddrServer
                0x000000000008b5c9                zps_bAplZdoIeeeAddrServer
                0x000000000008b722                eBeaconReqSent.157516
                0x000000000008b749                vPDM_AddFileSystemElementToListInAscendingWearCountOrder
                0x000000000008b857                vPDM_MoveAllDataFromListToList
                0x000000000008b895                vPDM_MoveAllDataToDeAllocList
                0x000000000008b8bd                vPDM_MoveAllDataWithBufferIdFromListToList
                0x000000000008b942                vPDM_DeleteAllSegmentsWithIdFromFileSystemList.constprop.63
                0x000000000008b984                vPDM_MoveFileRecordFromListToList
                0x000000000008b9a7                vPDM_MoveRecordToDeAllocList
                0x000000000008b9c7                vPDM_DeleteAppendedSequence
                0x000000000008ba6c                iPDM_WriteSegmentHeaderAndData
                0x000000000008bc68                iPDM_SegmentCopyAndAppendData.constprop.125
                0x000000000008bcc5                eMakeEntryInBindingTable.78807
                0x000000000008bd6f                vMiniMac_McpsCallback
                0x000000000008bfc7                eMcpsTxCompleteHandler.157007
                0x000000000008bff5                ZPS_bSecEncrypt
                0x000000000008c1ab                zps_u8AplApsConstructAndPostLoopBackDataInd.77362
                0x000000000008c2e4                u8PostUnicastMsgToNHLE.77370
                0x000000000008c31d                zps_psNwkInitCmdFrame
                0x000000000008c39c                eSendLinkStatusDataDcfm.part.1.138757
 .text          0x000000000008c4ce      0xf9d C:\Users\VIRTUA~1\AppData\Local\Temp\ccgdpW4r.ltrans9.ltrans.o
                0x000000000008c4ce                vPDM_MoveAllDataWithBufferIdAndStateFromListToList
                0x000000000008c559                iPDM_ReconstructReplacedDataTable
                0x000000000008c7d8                PDM_eSaveRecordData
                0x000000000008cc0d                zps_vAplSaveRecord
                0x000000000008cca6                ZPS_vNwkSaveRecord
                0x000000000008ccd2                ZPS_vRemoveEntryFromAddressMap
                0x000000000008cd1b                ZPS_vNwkMacEntriesClear
                0x000000000008cdc3                ZPS_vNwkSaveAllRecords
                0x000000000008cdda                ZPS_vNwkNibSetNwkAddr
                0x000000000008cdf7                zps_eNwkHandleSceRejnResponse
                0x000000000008ce54                ZPS_vNwkNibSetExtPanId
                0x000000000008ce78                ZPS_vNwkNibSetKeySeqNum
                0x000000000008ce8b                ZPS_vNwkNibSetDepth
                0x000000000008ceb4                ZPS_vNwkNibSetUpdateId
                0x000000000008cec3                vSendNetworkUpdate.139796
                0x000000000008cff2                ZPS_vNwkNibSetPanId
                0x000000000008d010                ZPS_vNwkNibSetCapabilityInfo
                0x000000000008d03d                ZPS_vNwkNibSetChannel
                0x000000000008d05b                ZPS_vNwkSaveNt
                0x000000000008d06f                ZPS_vNwkPurgeMacAddressAndRelatedEntries
                0x000000000008d182                ZPS_vNtSetUsedStatus
                0x000000000008d228                zps_vBuildSortedActvNTList
                0x000000000008d2e6                vFinish.152672
                0x000000000008d33c                zps_vTidyActvNtAfterJoin
                0x000000000008d3cb                eUnsolicitedRejoinRspDataDcfm.139804
                0x000000000008d3f6                ZPS_vNwkSaveSecMat
                0x000000000008d40a                vPDM_ImageBitmapRepair.135506
 .text          0x000000000008d46b     0x153d C:\Users\VIRTUA~1\AppData\Local\Temp\ccgdpW4r.ltrans10.ltrans.o
                0x000000000008d46b                PDUM_eNPduAllocate
                0x000000000008d4da                PDUM_eNPduClone
                0x000000000008d526                PDUM_eNPduFree
                0x000000000008d593                vPostVsMcpsDcfmInd.92036
                0x000000000008d67c                zps_vNwkMcpsMgrFreeReqDescr
                0x000000000008d6ae                zps_psAllocateAndFormatMacHdr
                0x000000000008d9b1                zps_vNwkRemoveConflictedBroadcast
                0x000000000008da03                vFreePendingReqDescr
                0x000000000008da69                zps_vNwkMcpsMgrTidyBtrReqDescr
                0x000000000008daad                vNwkBttTimerExpiry.147169
                0x000000000008dbce                PDUM_hAPduAllocateAPduInstance
                0x000000000008dc42                hZCL_AllocateAPduInstance
                0x000000000008dc7e                zps_eAplZdoSendZdpResponse
                0x000000000008df83                zps_bAplZdoMatchDescServer
                0x000000000008df97                zps_bAplZdoNodeDescServer
                0x000000000008e103                zps_bAplZdoSimpleDescServer
                0x000000000008e364                zps_bAplZdoPowerDescServer
                0x000000000008e481                zps_bAplZdoActiveEpServer
                0x000000000008e56a                zps_bAplZdoSystemServerDiscoveryServer
                0x000000000008e5f3                zps_bAplZdoMgmtLqiServer
                0x000000000008e81f                zps_bAplZdoMgmtRtgServer
                0x000000000008e965                bSendResponse.108879
 .text          0x000000000008e9a8     0x1125 C:\Users\VIRTUA~1\AppData\Local\Temp\ccgdpW4r.ltrans11.ltrans.o
                0x000000000008ea94                APP_ZCL_cbEndpointCallback.7097
                0x000000000008eb38                vIncrementFrameCounterInPdm.isra.0.142120
                0x000000000008ed17                vProcessListsForSubmission.140818
                0x000000000008f0a4                zps_vNwkMcpsMgrPost
                0x000000000008f0c8                psSendRouteReplyCmd.145067
                0x000000000008f1da                zps_vNwkSendAnyPendingData
                0x000000000008f210                vHandleRouteDiscoveryExpiry.144645
                0x000000000008f309                zps_vNwkHandleCmeLeaveReq
                0x000000000008f3d2                zps_eNwkHandleSceLeave
                0x000000000008f589                zps_eNwkHandleSdeActvDcfmData
                0x000000000008f70e                vMcpsMgrTimeoutExpiry
                0x000000000008f77d                PDM_vDeleteAllDataRecords
                0x000000000008f7fa                iPDM_VerifyDataSequenceWithBufferId
                0x000000000008f89c                vSaveScenesNVM
                0x000000000008f961                eCLD_GroupsRemoveAllGroups
                0x000000000008fa1b                vManagePowerOnCountInit
                0x000000000008fa64                os_vAPP_vManagePowerOnCount
 .text          0x000000000008facd     0x1428 C:\Users\VIRTUA~1\AppData\Local\Temp\ccgdpW4r.ltrans12.ltrans.o
                0x000000000008facd                vSendNetworkReport.139792
                0x000000000008fba7                zps_eNwkHandleSceRouteReply
                0x000000000008fe52                zps_eNwkHandleSceRouteRequest
                0x0000000000090323                zps_psNwkInitiateRouteDiscovery
                0x00000000000904b8                zps_psNwkSendRejoinReqCmd.constprop.12
                0x0000000000090536                zps_u8NwkHandleRejoinReq
                0x00000000000905ff                vContinueRejoin.151460
                0x00000000000906a6                zps_psSendNetworkStatusCmd
                0x0000000000090713                zps_vProcessLocalAddrConflict
                0x00000000000909bd                zps_eNwkHandleSceRouteRecord
                0x0000000000090a9c                zps_eDefaultDataDcfm
                0x0000000000090b8b                zps_psSendFrm
 *fill*         0x0000000000090ef5        0x3 00
 .text          0x0000000000090ef8     0x1390 C:\Users\VIRTUA~1\AppData\Local\Temp\ccgdpW4r.ltrans13.ltrans.o
                0x0000000000091168                zps_eNwkHandleSceNwkStatus
                0x00000000000914c5                zps_eNwkHandleSmeAssocInd
                0x00000000000914e7                zps_eNwkHandleSceRejnRequest
                0x0000000000091567                vSdeHandleMcpsDataInd.140790
                0x00000000000921ef                ZPS_vNwkNibCheckAndUpdateAddresses
 .text          0x0000000000092288     0x1259 C:\Users\VIRTUA~1\AppData\Local\Temp\ccgdpW4r.ltrans14.ltrans.o
                0x0000000000092310                zps_eAplApsmeUnBindReqRsp
                0x0000000000092376                zps_eAplZdoGroupEndpointRemove
                0x000000000009240e                vHandleJoinedNwk.7713
                0x0000000000092469                zps_bNwkFindAddIeeeAddr
                0x00000000000925e7                zps_psFindKeyDescr
                0x0000000000092713                zps_eAplSecEncryptPacket
                0x0000000000092805                zps_eNwkHandleSceLinkStatus
                0x0000000000092939                ZPS_bNwkNibAddrMapAddEntry
                0x0000000000092b00                zps_vAgeRouter
                0x0000000000092b3e                zps_vLinkStatusHandleExpiry
                0x0000000000092bdf                zps_sNwkNibNtCheckJoin
                0x0000000000092e8d                zps_vNwkHandleCmeDirectJoinReq
                0x0000000000092f0c                zps_vJoinInitNtParent
                0x00000000000930ab                zps_vCheckActvNtForDuplicate
                0x0000000000093148                eSmeOrphScanDcfm.152685
                0x00000000000931c0                eCheckAddrConflict.isra.4.140029
                0x0000000000093256                zps_vSaveAllZpsRecords
                0x0000000000093276                ZPS_vSetDevicePreviousData.constprop.15
                0x0000000000093464                vAplSecRemoveLinkKey.83914
 .text.unlikely
                0x00000000000934e1       0x5f C:\Users\VIRTUA~1\AppData\Local\Temp\ccgdpW4r.ltrans14.ltrans.o
                0x00000000000934e1                vInitUnknownNeighbor.140706
 *fill*         0x0000000000093540        0x0 00
 .text          0x0000000000093540     0x123c C:\Users\VIRTUA~1\AppData\Local\Temp\ccgdpW4r.ltrans15.ltrans.o
                0x0000000000093540                zps_vNwkHandleCmeRouteDiscoveryReq
                0x00000000000935c6                vMiniMac_MlmeCallback
                0x0000000000093907                bBeaconNotify.157526
                0x0000000000093a44                vPostDcfm.157533
                0x0000000000093ab3                vScanNextChannel.157520
                0x0000000000093c82                vMiniMacPoll_CheckPollResponse
                0x0000000000093cec                ePollReqSent.158124
                0x0000000000093d45                ZPS_vNwkResetOutgoingFrameCounter
                0x0000000000093d99                zps_psSendBroadcastFrm
                0x0000000000093e2f                ZPS_vNwkHandleNldeReqRsp
                0x000000000009402c                eUnfragmentedUnicastTransmission.77345
                0x0000000000094440                zps_eAplSendApsmeCmdFrame
                0x00000000000945e0                zps_eAplApsmeUpdateDeviceReqRsp.part.4.78918
                0x0000000000094752                zps_vAplApsmeCmdMgrRetryTimeout.78753
 .text          0x000000000009477c     0x1224 C:\Users\VIRTUA~1\AppData\Local\Temp\ccgdpW4r.ltrans16.ltrans.o
                0x0000000000094934                vSendMlmeCommStatusFromTxFrame
                0x000000000009498a                MAC_vHandleMlmeVsReqRsp.constprop.96
                0x0000000000094ec1                zps_eNwkSendJoinResponse
                0x0000000000095121                zps_eNwkHandleSmeOrphanInd
                0x0000000000095131                zps_sNwkStart
                0x00000000000951d0                vHandleNwkLocalUpdateAfterBcast.139809
                0x0000000000095224                vHandleNwkRemoteUpdateAfterBcast.139800
                0x0000000000095277                eSmeAcScScanDcfm.149616
                0x00000000000955b4                zps_vNwkHandleCmeActvStartRouterReq
                0x000000000009565f                vScanBeaconReceived
                0x000000000009569f                vRunningRxCallback
 .text          0x00000000000959a0      0xf44 C:\Users\VIRTUA~1\AppData\Local\Temp\ccgdpW4r.ltrans17.ltrans.o
                0x0000000000095b93                vPostNldeDcfmInd.74771
                0x000000000009662c                vMcpsMgrExpiry.140694
                0x000000000009668b                os_vzps_taskZPS
                0x00000000000968a8                vStartScanTimerExpiry.110064
 .text          0x00000000000968e4      0xe2c C:\Users\VIRTUA~1\AppData\Local\Temp\ccgdpW4r.ltrans18.ltrans.o
                0x00000000000968e4                zps_vAplApsPollTimer
                0x0000000000096940                vAplSecAuthPollTimerExpiry.83814
                0x0000000000096992                vAplSecAuthTimerExpiry.83818
                0x0000000000096a5c                vPostApsdeDcfmInd.74764
                0x0000000000096c81                eRejoinNetwork.83851.constprop.87
                0x0000000000096d17                eJoinNetwork.83877
                0x0000000000096dc2                vEZ_JoinSavedNetwork.7719
                0x0000000000096e54                vHandleJoinFailed.7938
                0x0000000000096e77                eDiscoverNetworks.83883
                0x0000000000096ecd                vAttemptDiscovery.7955
                0x000000000009702b                vReDiscover.7959
                0x000000000009704e                eStartNetworkDiscovery.83889
                0x00000000000970b2                zps_eAplZdoStartStack
                0x00000000000971eb                eStartRouter.84115
                0x00000000000972bd                vPostApsmeDcfmInd.74757
 .text          0x0000000000097710      0xe8a C:\Users\VIRTUA~1\AppData\Local\Temp\ccgdpW4r.ltrans19.ltrans.o
                0x0000000000097710                vReportTimerClickCallback
                0x0000000000097b6d                eZCL_SendDefaultResponse
                0x0000000000097c6c                vZCL_HandleAttributesWriteRequest
                0x0000000000098113                eZCL_CustomCommandReceive
                0x00000000000982a1                eCLD_OnOffCommandHandler
                0x000000000009838f                vZCL_HandleAttributesReadResponse
 .text          0x000000000009859a     0x111e C:\Users\VIRTUA~1\AppData\Local\Temp\ccgdpW4r.ltrans20.ltrans.o
                0x000000000009859a                os_bDummyMemberCheck.71522
                0x000000000009859f                os_vDefaultErrorHook.71518
                0x00000000000985a2                bCLD_ScenesSearchForScene.24225
                0x00000000000985d5                APP_ZCL_cbGeneralCallback.7100
                0x00000000000985d8                os_vApp_TimeReadJitterTask
                0x00000000000985db                vfExtendedStatusCallBack.4171
                0x00000000000985de                os_bStrictCheck.1358
                0x0000000000098950                bCLD_GroupsSearchForGroup.16122
                0x0000000000098975                OS_eEnterCriticalSection
                0x0000000000098a3d                eExpireSWTimer.71531
                0x0000000000098aa8                vEnterErrorHook.71514
                0x0000000000098acf                OS_eCollectMessage
                0x0000000000098b94                OS_eGetSWTimerStatus
                0x0000000000098bd6                eZCL_DoesAttributeHaveReportableChange
                0x0000000000098bf3                eZCL_GetAttributeReportableEntry
                0x0000000000098cab                vZCL_AlignNumericAttributeValueTo64.68189
                0x0000000000098dba                eZCL_BuildClientTransmitAddressStructure
                0x0000000000098deb                bZCL_CheckManufacturerSpecificAttributeFlagMatch
                0x0000000000098e09                eZCL_GetAttributeTypeSize
                0x0000000000098e28                vZCL_MarkAttributeInvalid
                0x0000000000098ef7                u8ZCL_GetAttributeAllignToFourBytesBoundary
                0x0000000000098f0c                pvZCL_GetAttributePointer
                0x0000000000098f82                eZCL_StoreChangeAttributeValue
                0x0000000000099021                u16ZCL_WriteTypeNBO.part.0.52698
                0x0000000000099096                u16ZCL_GetStringStructureSize
                0x00000000000990d3                u16ZCL_GetStringAttributeTypeSizeFromBuffer
                0x0000000000099144                u16ZCL_GetStringSizeAndBufferFromStructure
                0x00000000000991d3                eZCL_GetAttributeTypeSizeFromStructure
                0x000000000009924c                bZCL_SendCommandResponse
                0x0000000000099268                vZCL_GetInternalMutex
                0x0000000000099291                eZCL_GetMutex
                0x00000000000992c9                u8ZCL_GetEPIdFromIndex
                0x00000000000992eb                eZCL_SearchForEPIndex
                0x0000000000099325                vZCL_ReleaseInternalMutex
                0x000000000009933f                eZCL_SearchForAttributeEntry
                0x0000000000099405                vCLD_ScenesGenerateIndividualAttributeCallback
                0x000000000009945f                eZCL_SearchForClusterEntry
                0x00000000000994ee                eZCL_BuildTransmitAddressStructure
                0x000000000009955b                eZCL_SearchForEPentry
                0x00000000000995a8                eZCL_FindCluster
                0x00000000000995f9                eCLD_GroupsSetIdentifying
                0x000000000009961e                eZCL_SearchForEPentryAndCheckManufacturerId
                0x000000000009965c                vZCL_PassEventToUser
                0x0000000000099689                eZCL_ReleaseMutex
 .text          0x00000000000996b8      0xf00 C:\Users\VIRTUA~1\AppData\Local\Temp\ccgdpW4r.ltrans21.ltrans.o
                0x00000000000996b8                zps_eZdpNodeDescResponse
                0x0000000000099760                zps_eZdpSimpleDescResponse
                0x000000000009986d                zps_eAplZdpMgmtRtgResponse
                0x0000000000099934                zps_bAplZdoMgmtNWKUpdateServer
                0x0000000000099ca4                zps_eZdpNwkAddrResponse
                0x0000000000099d87                zps_eZdpIeeeAddrResponse
                0x0000000000099e6a                zps_eZdpPowerDescResponse
                0x0000000000099f07                zps_eZdpActiveEpResponse
                0x0000000000099f9d                zps_eZdpMatchDescResponse
                0x000000000009a033                zps_eZdpSystemServerDiscoveryResponse
                0x000000000009a0a2                zps_eAplZdpMgmtLqiResponse
                0x000000000009a33f                zps_bAplZdoZdoClient
                0x000000000009a439                os_vAPP_AgeOutChildren
 .text          0x000000000009a5b8      0xe0c C:\Users\VIRTUA~1\AppData\Local\Temp\ccgdpW4r.ltrans22.ltrans.o
                0x000000000009a5b8                os_vZCL_Task
                0x000000000009a5de                os_vTick_Task
                0x000000000009a9f8                eZCL_CustomCommandSend.constprop.24
                0x000000000009af0f                eCLD_GroupsCommandHandler
 .text          0x000000000009b3c4      0xc2e C:\Users\VIRTUA~1\AppData\Local\Temp\ccgdpW4r.ltrans23.ltrans.o
                0x000000000009b5a8                ZPS_vNwkHandleNlmeReqRsp
                0x000000000009b625                zps_vAplAfPostEvent
                0x000000000009b794                vPostToEndpoint.part.1.74650
                0x000000000009b911                zps_vHandleApsdeDataFragIndNotSupported
                0x000000000009b97a                zps_eAplZdoNlmeleaveWrapper
                0x000000000009b9f2                zps_bAplZdoMgmtLeaveServer
                0x000000000009bb72                zps_eAplZdoNlmePermitJoiningWrapper
                0x000000000009bb9a                zps_bAplZdoPermitJoiningServer
                0x000000000009bc26                zps_bAplZdoDeviceAnnceServer
                0x000000000009beaa                vChangeChannelTimerExpiry.110060
                0x000000000009bf0d                eLeaveReset.153664
                0x000000000009bf78                eLeaveDataDcfmLocalLeave.153674
 *fill*         0x000000000009bff2        0x2 00
 .text          0x000000000009bff4      0xd80 C:\Users\VIRTUA~1\AppData\Local\Temp\ccgdpW4r.ltrans24.ltrans.o
                0x000000000009c0af                vZdoBdrmSendNextTimedRequest
                0x000000000009c54f                zps_bAplZdoBindUnbindServer
                0x000000000009c916                eZCL_TransmitDataRequest
 .text          0x000000000009cd74      0xc10 C:\Users\VIRTUA~1\AppData\Local\Temp\ccgdpW4r.ltrans25.ltrans.o
                0x000000000009cd74                eCLD_ScenesCommandHandler
                0x000000000009d867                eCLD_IdentifyCommandHandler
 .text          0x000000000009d984      0xc3f C:\Users\VIRTUA~1\AppData\Local\Temp\ccgdpW4r.ltrans26.ltrans.o
                0x000000000009d984                vBbcIntHandler.156567
                0x000000000009dc4d                os_vzps_isrMAC
                0x000000000009dc8c                eAssocRespSent.156875
                0x000000000009dd8a                eRejoinRspDataDcfm.151464
                0x000000000009de59                zps_eNwkHandleSmeCommStatusInd
                0x000000000009dfa2                zps_vNwkHandleCmeSyncReq
                0x000000000009dffe                zps_vNwkHandleCmeIdleNwkFormReq
                0x000000000009e0a6                zps_vReAttemptScanTimerHandleExpiry
                0x000000000009e103                zps_vNwkHandleCmeNwkDiscReq
                0x000000000009e17d                zps_eNwkHandleSmeBeaconNotifyInd
                0x000000000009e201                ZPS_pvNwkCtor.constprop.91
 .text          0x000000000009e5c3      0xb6f C:\Users\VIRTUA~1\AppData\Local\Temp\ccgdpW4r.ltrans27.ltrans.o
                0x000000000009e5c3                vOSError
                0x000000000009e61b                OS_eExitCriticalSection
                0x000000000009e700                PDUM_eAPduFreeAPduInstance
                0x000000000009e783                PDM_eReadDataFromRecord.part.0.134830
                0x000000000009e806                vLoadAplRecord.83864
                0x000000000009e83a                vLoadNwkRecord.141686
                0x000000000009e878                ZPS_eTsvStart
                0x000000000009e8d3                zps_eNwkHandleSceNwkUpdate
                0x000000000009e8f7                vProcessTimedList.140722
                0x000000000009e93d                zps_vNwkMcpsMgrPostTimed
                0x000000000009e950                vNwkMcpsSendTimedDfcm
                0x000000000009e994                zps_vAplAfPostTimerEvent
                0x000000000009ea11                zps_vExpireOldRoutes
                0x000000000009ea9a                zps_vNwkJoinStStartResponseTimer
                0x000000000009ead4                ZPS_eTsvStop
                0x000000000009eb28                zps_bAplZdoBindRequestServer
                0x000000000009ec8f                ZPS_vResetBoundServerContext
                0x000000000009ecef                vZdoBdrmBackStopTimerExpiry
                0x000000000009ed14                zps_eAplZdoBdrmRequestSend
                0x000000000009edb1                zps_vNwkHandleCmePermitJoinReq
                0x000000000009ee19                zps_eNwkBtrMatch
                0x000000000009ef16                zps_vAplApsStopPollTimer.part.3.77249
                0x000000000009ef97                bHasTimerFired.68720
                0x000000000009f001                eHandleRemoveBroadcastEndpointsFromGroup.78780
                0x000000000009f05b                eZCL_SetReceiveEventAddressStructure
                0x000000000009f0da                DBG_vDumpStack
                0x000000000009f11c                vUnclaimedInterrupt
 .text          0x000000000009f132      0x8c7 C:\Users\VIRTUA~1\AppData\Local\Temp\ccgdpW4r.ltrans28.ltrans.o
                0x000000000009f132                ZPS_vAplHandleApsdeReqRsp
                0x000000000009f54c                zps_eAplZdpApsdeReqInternal
                0x000000000009f5bb                zps_eAplZdpRequestApsdeReq
                0x000000000009f63b                vEnablePermitJoin
                0x000000000009f6b9                zps_bAplZdoDefaultServer
                0x000000000009f975                zps_eAplZdpBindResponse
                0x000000000009f996                zps_eZdpUnbindResponse
                0x000000000009f9b7                zps_eZdpMgmtLeaveResponse
                0x000000000009f9d8                zps_eZdpMgmtPermitJoiningResponse
 *fill*         0x000000000009f9f9        0x3 00
 .text          0x000000000009f9fc      0x8e0 C:\Users\VIRTUA~1\AppData\Local\Temp\ccgdpW4r.ltrans29.ltrans.o
                0x000000000009fbb9                vHandleRejoinExpiry.152231
                0x000000000009fc01                zps_eRejoinDataDcfm
                0x000000000009fc34                eSmeAsocAssocDcfm.152839
                0x000000000009fcb8                eSmeRjPCPollDcfm.152835
                0x000000000009fdce                zps_sNwkLibSubmitScan
                0x000000000009fe07                zps_vNwkDiscUpdateNT
                0x000000000009ff28                zps_vNwkHandleCmeNwkJoinReq
                0x00000000000a0200                zps_vNwkHandleCmeNwkActvJoinReq
                0x00000000000a020c                eSmeEdScScanDcfm.149609
                0x00000000000a029c                zps_vNwkHandleCmeEdScanReq
 .text          0x00000000000a02dc      0x6e8 C:\Users\VIRTUA~1\AppData\Local\Temp\ccgdpW4r.ltrans30.ltrans.o
                0x00000000000a02dc                vPostNlmeDcfmInd.74750
 .text          0x00000000000a09c4      0x558 C:\Users\VIRTUA~1\AppData\Local\Temp\ccgdpW4r.ltrans31.ltrans.o
                0x00000000000a09c4                AppWarmStart
                0x00000000000a09de                AppColdStart
                0x00000000000a0cf6                os_vUnclaimedInterrupt
                0x00000000000a0d08                os_vControlledIntCheck
                0x00000000000a0d4d                os_vControlledInterrupt
                0x00000000000a0d86                os_vvISR_SystemController
                0x00000000000a0dbe                os_vAPP_isrTickTimer
                0x00000000000a0eae                os_vAPP_isrIllegalInstruction
                0x00000000000a0ec4                os_vAPP_isrAlignmentException
                0x00000000000a0eda                os_vAPP_isrBusErrorException
                0x00000000000a0ef0                os_vAPP_isrUnimplementedModuleException
                0x00000000000a0f06                os_vAPP_isrStackOverflowException
 .text          0x00000000000a0f1c       0x25 c:/nxp/bstudio_nxp/sdk/tools/ba-elf-ba2-r36379/bin/../lib/gcc/ba-elf/4.7.4/../../../../ba-elf/lib/mcpu_jn51xx_sizeopt\libc.a(lib_a-memcmp.o)
                0x00000000000a0f1c                memcmp
 .text          0x00000000000a0f41       0x19 c:/nxp/bstudio_nxp/sdk/tools/ba-elf-ba2-r36379/bin/../lib/gcc/ba-elf/4.7.4/../../../../ba-elf/lib/mcpu_jn51xx_sizeopt\libc.a(lib_a-memcpy.o)
 .text          0x00000000000a0f5a       0x12 c:/nxp/bstudio_nxp/sdk/tools/ba-elf-ba2-r36379/bin/../lib/gcc/ba-elf/4.7.4/../../../../ba-elf/lib/mcpu_jn51xx_sizeopt\libc.a(lib_a-memset.o)
                0x00000000000a0f5a                memset
 .text          0x00000000000a0f6c       0x12 c:/nxp/bstudio_nxp/sdk/tools/ba-elf-ba2-r36379/bin/../lib/gcc/ba-elf/4.7.4/../../../../ba-elf/lib/mcpu_jn51xx_sizeopt\libc.a(lib_a-strlen.o)
                0x00000000000a0f6c                strlen
 .text          0x00000000000a0f7e       0x2b c:/nxp/bstudio_nxp/sdk/tools/ba-elf-ba2-r36379/bin/../lib/gcc/ba-elf/4.7.4/../../../../ba-elf/lib/mcpu_jn51xx_sizeopt\libc.a(lib_a-strncpy.o)
                0x00000000000a0f7e                strncpy
 *fill*         0x00000000000a0fa9        0x3 00
 .text          0x00000000000a0fac      0x204 c:/nxp/bstudio_nxp/sdk/tools/ba-elf-ba2-r36379/bin/../lib/gcc/ba-elf/4.7.4/mcpu_jn51xx_sizeopt\libgcc.a(__udivsi3.o)
                0x00000000000a0fac                __udivsi3
 .text          0x00000000000a11b0       0x30 c:/nxp/bstudio_nxp/sdk/tools/ba-elf-ba2-r36379/bin/../lib/gcc/ba-elf/4.7.4/mcpu_jn51xx_sizeopt\libgcc.a(__divsi3.o)
                0x00000000000a11b0                __divsi3
 .text          0x00000000000a11e0      0x1b0 c:/nxp/bstudio_nxp/sdk/tools/ba-elf-ba2-r36379/bin/../lib/gcc/ba-elf/4.7.4/mcpu_jn51xx_sizeopt\libgcc.a(__umodsi3.o)
                0x00000000000a11e0                __umodsi3
 .text          0x00000000000a1390       0x24 c:/nxp/bstudio_nxp/sdk/tools/ba-elf-ba2-r36379/bin/../lib/gcc/ba-elf/4.7.4/mcpu_jn51xx_sizeopt\libgcc.a(__modsi3.o)
                0x00000000000a1390                __modsi3
 .text          0x00000000000a13b4      0x3bd c:/nxp/bstudio_nxp/sdk/tools/ba-elf-ba2-r36379/bin/../lib/gcc/ba-elf/4.7.4/mcpu_jn51xx_sizeopt\libgcc.a(_divdi3.o)
                0x00000000000a13b4                __divdi3
 .text          0x00000000000a1771      0x350 c:/nxp/bstudio_nxp/sdk/tools/ba-elf-ba2-r36379/bin/../lib/gcc/ba-elf/4.7.4/mcpu_jn51xx_sizeopt\libgcc.a(_udivdi3.o)
                0x00000000000a1771                __udivdi3
 *fill*         0x00000000000a1ac1        0x7 00
 .text          0x00000000000a1ac8      0x168 c:/NXP/bstudio_nxp/workspace/JN-AN-1189-ZigBee-HA-Demo/MainsPowerOutlet/Build/os_irq.o
                0x00000000000a1ac8                os_ExternalException_W
                0x00000000000a1b0c                os_PIC_ChannelPriorities
                0x00000000000a1b1c                os_OSMIUM_HwVectTable
                0x00000000000a1b58                os_PIC_SwVectTable
 .text          0x00000000000a1c30       0x29 c:/NXP/bstudio_nxp/workspace/JN-AN-1189-ZigBee-HA-Demo/MainsPowerOutlet/Build/os_irq_alignment.o
                0x00000000000a1c30                IRQ_Alignment
 .text          0x00000000000a1c59       0x29 c:/NXP/bstudio_nxp/workspace/JN-AN-1189-ZigBee-HA-Demo/MainsPowerOutlet/Build/os_irq_buserror.o
                0x00000000000a1c59                IRQ_BusError
 .text          0x00000000000a1c82       0x29 c:/NXP/bstudio_nxp/workspace/JN-AN-1189-ZigBee-HA-Demo/MainsPowerOutlet/Build/os_irq_illegalinstruction.o
                0x00000000000a1c82                IRQ_IllegalInstruction
 .text          0x00000000000a1cab       0x29 c:/NXP/bstudio_nxp/workspace/JN-AN-1189-ZigBee-HA-Demo/MainsPowerOutlet/Build/os_irq_stackoverflowexception.o
                0x00000000000a1cab                IRQ_StackOverflowException
 .text          0x00000000000a1cd4       0x29 c:/NXP/bstudio_nxp/workspace/JN-AN-1189-ZigBee-HA-Demo/MainsPowerOutlet/Build/os_irq_unimplementedmodule.o
                0x00000000000a1cd4                IRQ_UnimplementedModule
 *fill*         0x00000000000a1cfd        0x3 00
 .text          0x00000000000a1d00       0xc0 c:/NXP/bstudio_nxp/sdk/JN-SW-4168/Components/Library\libOS_JN516x.a(os_contirq_JN516x.o)
                0x00000000000a1d00                os_ExternalException_R
                0x00000000000a1d30                os_CFunc_W
                0x00000000000a1d80                os_UnclaimedException_W
                0x00000000000a1da0                os_UnclaimedInterrupt_W
 .text          0x00000000000a1dc0       0x48 c:/NXP/bstudio_nxp/sdk/JN-SW-4168/Components/Library\libPWRM_JN516x.a(pwrm_setjmp_JN516x.o)
                0x00000000000a1dc0                setjmp
                0x00000000000a1de4                PWRM_longjmp
 .text          0x00000000000a1e08       0x27 c:/NXP/bstudio_nxp/sdk/JN-SW-4168/Components/Library\libHardwareApi_JN5169.a(AHI_Interrupt.o)
                0x00000000000a1e08                vAHI_InterruptSetPriority
                0x00000000000a1e26                vAHI_InterruptSetActivePriorityLevel
 .text.vMicroSyscall
                0x00000000000a1e2f       0x17 c:/NXP/bstudio_nxp/sdk/JN-SW-4168/Components/Library\libMicroSpecific_JN516x.a(MicroSyscall_ba.o)
                0x00000000000a1e2f                vMicroSyscall
 .text          0x00000000000a1e46        0x0 c:/NXP/bstudio_nxp/sdk/JN-SW-4168/Components/Library\libOS_JN516x.a(os_version_lc.o)
                0x00000000000a1e46                OS_Version_1v2
 .text          0x00000000000a1e46        0x0 c:/NXP/bstudio_nxp/sdk/JN-SW-4168/Components/Library\libZPSAPL_JN516x.a(zps_apl_version_lc.o)
                0x00000000000a1e46                ZPS_APL_Version_2v0
 .text          0x00000000000a1e46        0x0 c:/NXP/bstudio_nxp/sdk/JN-SW-4168/Components/Library\libZPSNWK_JN516x.a(zps_nwk_version_lc.o)
                0x00000000000a1e46                ZPS_NWK_Version_2v0
                0x00000000000a1e46                _flash_end = ABSOLUTE (.)

.rela.dyn       0x00000000000a1e48        0x0
 .rela.text     0x0000000000000000        0x0 c:/NXP/bstudio_nxp/workspace/JN-AN-1189-ZigBee-HA-Demo/MainsPowerOutlet/Build/os_irq.o
 .rela.data     0x0000000000000000        0x0 c:/NXP/bstudio_nxp/workspace/JN-AN-1189-ZigBee-HA-Demo/MainsPowerOutlet/Build/os_irq.o
 .rela.rodata   0x0000000000000000        0x0 c:/NXP/bstudio_nxp/workspace/JN-AN-1189-ZigBee-HA-Demo/MainsPowerOutlet/Build/os_irq.o
                0x000000000400004c                . = ORIGIN (ram)

.data           0x000000000400004c      0x75c load address 0x00000000000a1e48
                0x000000000400004c                _ram_data_start = ABSOLUTE (.)
 *(.data*)
 .data          0x000000000400004c       0xa4 C:\Users\VIRTUA~1\AppData\Local\Temp\ccgdpW4r.ltrans0.ltrans.o
                0x000000000400004c                u8MiniMacConfig_MaxConcurrentAssocResponses
                0x0000000004000050                psShadowRxBuffer
 .data          0x00000000040000f0        0x4 C:\Users\VIRTUA~1\AppData\Local\Temp\ccgdpW4r.ltrans2.ltrans.o
                0x00000000040000f0                u32DefaultChannelMask.8268
 .data          0x00000000040000f4        0x4 C:\Users\VIRTUA~1\AppData\Local\Temp\ccgdpW4r.ltrans3.ltrans.o
                0x00000000040000f4                u32HeapStart
 .data          0x00000000040000f8        0x1 C:\Users\VIRTUA~1\AppData\Local\Temp\ccgdpW4r.ltrans4.ltrans.o
 .data          0x00000000040000f9        0x2 C:\Users\VIRTUA~1\AppData\Local\Temp\ccgdpW4r.ltrans5.ltrans.o
 *fill*         0x00000000040000fb        0x1 00
 .data          0x00000000040000fc        0x6 C:\Users\VIRTUA~1\AppData\Local\Temp\ccgdpW4r.ltrans8.ltrans.o
 *fill*         0x0000000004000102        0x2 00
 .data          0x0000000004000104        0x4 C:\Users\VIRTUA~1\AppData\Local\Temp\ccgdpW4r.ltrans14.ltrans.o
                0x0000000004000104                bCanLoopback.77598
 .data          0x0000000004000108        0x1 C:\Users\VIRTUA~1\AppData\Local\Temp\ccgdpW4r.ltrans17.ltrans.o
 *fill*         0x0000000004000109        0x3 00
 .data          0x000000000400010c       0xac C:\Users\VIRTUA~1\AppData\Local\Temp\ccgdpW4r.ltrans20.ltrans.o
                0x000000000400010c                s_asapduZCLInstances
                0x0000000004000184                s_asapduZDPInstances
 .data          0x00000000040001b8        0xa C:\Users\VIRTUA~1\AppData\Local\Temp\ccgdpW4r.ltrans21.ltrans.o
                0x00000000040001b8                u16ActiveEDAddress.4104
 *fill*         0x00000000040001c2        0x2 00
 .data          0x00000000040001c4        0x8 C:\Users\VIRTUA~1\AppData\Local\Temp\ccgdpW4r.ltrans22.ltrans.o
 *fill*         0x00000000040001cc        0x4 00
 .data          0x00000000040001d0      0x5c0 C:\Users\VIRTUA~1\AppData\Local\Temp\ccgdpW4r.ltrans31.ltrans.o
                0x00000000040001d0                os_Mutex_mutexMAC
                0x00000000040001d8                os_Mutex_mutexZPS
                0x00000000040001e0                s_sApl.2877
                0x0000000004000330                os_SWTimer_APP_cntrTickTimer_APP_TickTimer
                0x000000000400034c                os_Message_APP_msgZpsEvents
                0x0000000004000370                os_Message_APP_msgEvents
                0x0000000004000394                os_Message_APP_msgPOREvents
                0x00000000040003b8                os_SWTimer_APP_cntrTickTimer_APP_JoinTimer
                0x00000000040003d4                os_SWTimer_APP_cntrTickTimer_APP_BackOffTimer
                0x00000000040003f0                os_SWTimer_APP_cntrTickTimer_APP_StartUPTimer
                0x000000000400040c                os_Message_APP_msgZpsEvents_ZCL
                0x0000000004000430                os_SWTimer_APP_cntrTickTimer_APP_AgeOutChildrenTmr
                0x000000000400044c                os_Message_zps_msgMlmeDcfmInd
                0x0000000004000470                os_Message_zps_msgTimeEvents
                0x0000000004000494                os_Message_zps_msgMcpsDcfmInd
                0x00000000040004b8                os_Message_zps_msgMcpsDcfm
                0x00000000040004dc                os_SWTimer_APP_cntrTickTimer_APP_PowerOnCountTimer
                0x00000000040004f8                os_Task_Tick_Task
                0x0000000004000504                os_Task_APP_ZPR_Outlet_Task
                0x0000000004000510                os_Task_ZCL_Task
                0x000000000400051c                os_Task_APP_AgeOutChildren
                0x0000000004000528                os_Task_zps_taskZPS
                0x0000000004000534                os_Task_DriverOutlet_vButtonScanTask
                0x0000000004000540                os_Task_App_TimeReadJitterTask
                0x000000000400054c                os_Task_APP_vManagePowerOnCount
                0x0000000004000558                os_SWTimer_APP_cntrTickTimer_DriverOutlet_ButtonScanTimer
                0x0000000004000574                u8AhiBaudRate.136949
                0x0000000004000578                s_prbMemberCheck.71638
                0x000000000400057c                s_prvErrorHook.71636
 .data.s_asAPduPool
                0x0000000004000790       0x18 c:/NXP/bstudio_nxp/workspace/JN-AN-1189-ZigBee-HA-Demo/MainsPowerOutlet/Build/pdum_apdu.o
                0x0000000004000790                pdum_apduZDP
                0x0000000004000790                s_asAPduPool
                0x000000000400079c                pdum_apduZCL
 *(.data.*)
                0x00000000040007a8                . = ALIGN (0x4)
                0x00000000040007a8                _ram_data_end = ABSOLUTE (.)

.bss            0x00000000040007a8     0x42b8 load address 0x00000000000a25a4
                0x00000000040007a8                _bss_start = ABSOLUTE (.)
 *(.bss*)
 .bss           0x00000000040007a8      0x7e8 C:\Users\VIRTUA~1\AppData\Local\Temp\ccgdpW4r.ltrans0.ltrans.o
                0x00000000040007a8                gu16NumberOfSegments.160520